Component: ARM Compiler 5.05 (build 41) Tool: armlink [4d0eb9]

==============================================================================

Section Cross References

    startup_stm32l073xx.o(RESET) refers to startup_stm32l073xx.o(STACK) for __initial_sp
    startup_stm32l073xx.o(RESET) refers to startup_stm32l073xx.o(.text) for Reset_Handler
    startup_stm32l073xx.o(RESET) refers to stm32l0xx_it.o(i.NMI_Handler) for NMI_Handler
    startup_stm32l073xx.o(RESET) refers to stm32l0xx_it.o(i.HardFault_Handler) for HardFault_Handler
    startup_stm32l073xx.o(RESET) refers to stm32l0xx_it.o(i.SVC_Handler) for SVC_Handler
    startup_stm32l073xx.o(RESET) refers to stm32l0xx_it.o(i.PendSV_Handler) for PendSV_Handler
    startup_stm32l073xx.o(RESET) refers to stm32l0xx_it.o(i.SysTick_Handler) for SysTick_Handler
    startup_stm32l073xx.o(RESET) refers to stm32l0xx_it.o(i.WWDG_IRQHandler) for WWDG_IRQHandler
    startup_stm32l073xx.o(RESET) refers to stm32l0xx_it.o(i.RTC_IRQHandler) for RTC_IRQHandler
    startup_stm32l073xx.o(RESET) refers to gpio-board.o(i.EXTI0_1_IRQHandler) for EXTI0_1_IRQHandler
    startup_stm32l073xx.o(RESET) refers to gpio-board.o(i.EXTI2_3_IRQHandler) for EXTI2_3_IRQHandler
    startup_stm32l073xx.o(RESET) refers to gpio-board.o(i.EXTI4_15_IRQHandler) for EXTI4_15_IRQHandler
    startup_stm32l073xx.o(RESET) refers to stm32l0xx_it.o(i.USART4_5_IRQHandler) for USART4_5_IRQHandler
    startup_stm32l073xx.o(RESET) refers to stm32l0xx_it.o(i.TIM2_IRQHandler) for TIM2_IRQHandler
    startup_stm32l073xx.o(RESET) refers to stm32l0xx_it.o(i.USART2_IRQHandler) for USART2_IRQHandler
    startup_stm32l073xx.o(RESET) refers to stm32l0xx_it.o(i.RNG_LPUART1_IRQHandler) for RNG_LPUART1_IRQHandler
    startup_stm32l073xx.o(.text) refers to system_stm32l0xx.o(i.SystemInit) for SystemInit
    startup_stm32l073xx.o(.text) refers to entry.o(.ARM.Collect$$$$00000000) for __main
    system_stm32l0xx.o(i.SystemCoreClockUpdate) refers to uidiv.o(.text) for __aeabi_uidivmod
    system_stm32l0xx.o(i.SystemCoreClockUpdate) refers to system_stm32l0xx.o(.data) for SystemCoreClock
    system_stm32l0xx.o(i.SystemCoreClockUpdate) refers to system_stm32l0xx.o(.constdata) for PLLMulTable
    stm32l0xx_hal.o(i.HAL_DeInit) refers to stm32l0xx_hal.o(i.HAL_MspDeInit) for HAL_MspDeInit
    stm32l0xx_hal.o(i.HAL_Delay) refers to stm32l0xx_hal.o(i.HAL_GetTick) for HAL_GetTick
    stm32l0xx_hal.o(i.HAL_GetTick) refers to stm32l0xx_hal.o(.data) for uwTick
    stm32l0xx_hal.o(i.HAL_IncTick) refers to stm32l0xx_hal.o(.data) for uwTick
    stm32l0xx_hal.o(i.HAL_Init) refers to stm32l0xx_hal.o(i.HAL_InitTick) for HAL_InitTick
    stm32l0xx_hal.o(i.HAL_Init) refers to stm32l0xx_hal.o(i.HAL_MspInit) for HAL_MspInit
    stm32l0xx_hal.o(i.HAL_InitTick) refers to uidiv.o(.text) for __aeabi_uidivmod
    stm32l0xx_hal.o(i.HAL_InitTick) refers to stm32l0xx_hal_cortex.o(i.HAL_SYSTICK_Config) for HAL_SYSTICK_Config
    stm32l0xx_hal.o(i.HAL_InitTick) refers to stm32l0xx_hal_cortex.o(i.HAL_NVIC_SetPriority) for HAL_NVIC_SetPriority
    stm32l0xx_hal.o(i.HAL_InitTick) refers to system_stm32l0xx.o(.data) for SystemCoreClock
    stm32l0xx_hal_adc.o(i.ADC_ConversionStop) refers to stm32l0xx_hal.o(i.HAL_GetTick) for HAL_GetTick
    stm32l0xx_hal_adc.o(i.ADC_DMAConvCplt) refers to stm32l0xx_hal_adc.o(i.HAL_ADC_ConvCpltCallback) for HAL_ADC_ConvCpltCallback
    stm32l0xx_hal_adc.o(i.ADC_DMAError) refers to stm32l0xx_hal_adc.o(i.HAL_ADC_ErrorCallback) for HAL_ADC_ErrorCallback
    stm32l0xx_hal_adc.o(i.ADC_DMAHalfConvCplt) refers to stm32l0xx_hal_adc.o(i.HAL_ADC_ConvHalfCpltCallback) for HAL_ADC_ConvHalfCpltCallback
    stm32l0xx_hal_adc.o(i.ADC_DelayMicroSecond) refers to uidiv.o(.text) for __aeabi_uidivmod
    stm32l0xx_hal_adc.o(i.ADC_DelayMicroSecond) refers to system_stm32l0xx.o(.data) for SystemCoreClock
    stm32l0xx_hal_adc.o(i.ADC_Disable) refers to stm32l0xx_hal.o(i.HAL_GetTick) for HAL_GetTick
    stm32l0xx_hal_adc.o(i.ADC_Enable) refers to stm32l0xx_hal_adc.o(i.ADC_DelayMicroSecond) for ADC_DelayMicroSecond
    stm32l0xx_hal_adc.o(i.ADC_Enable) refers to stm32l0xx_hal.o(i.HAL_GetTick) for HAL_GetTick
    stm32l0xx_hal_adc.o(i.HAL_ADC_ConfigChannel) refers to stm32l0xx_hal_adc.o(i.ADC_DelayMicroSecond) for ADC_DelayMicroSecond
    stm32l0xx_hal_adc.o(i.HAL_ADC_DeInit) refers to stm32l0xx_hal_adc.o(i.ADC_ConversionStop) for ADC_ConversionStop
    stm32l0xx_hal_adc.o(i.HAL_ADC_DeInit) refers to stm32l0xx_hal_adc.o(i.ADC_Disable) for ADC_Disable
    stm32l0xx_hal_adc.o(i.HAL_ADC_DeInit) refers to adc.o(i.HAL_ADC_MspDeInit) for HAL_ADC_MspDeInit
    stm32l0xx_hal_adc.o(i.HAL_ADC_IRQHandler) refers to stm32l0xx_hal_adc.o(i.HAL_ADC_ConvCpltCallback) for HAL_ADC_ConvCpltCallback
    stm32l0xx_hal_adc.o(i.HAL_ADC_IRQHandler) refers to stm32l0xx_hal_adc.o(i.HAL_ADC_LevelOutOfWindowCallback) for HAL_ADC_LevelOutOfWindowCallback
[...]
    UART_Transmit_IT                         0x08008419   Thumb Code   114  stm32l0xx_hal_uart.o(i.UART_Transmit_IT)
    i.UART_WaitOnFlagUntilTimeout            0x0800848a   Section        0  stm32l0xx_hal_uart.o(i.UART_WaitOnFlagUntilTimeout)
    i.USART2_IRQHandler                      0x080084fc   Section        0  stm32l0xx_it.o(i.USART2_IRQHandler)
    i.USART4_5_IRQHandler                    0x08008554   Section        0  stm32l0xx_it.o(i.USART4_5_IRQHandler)
    i.UartReadByte                           0x08008564   Section        0  fifo_uart.o(i.UartReadByte)
    i.UartSendByte                           0x08008580   Section        0  fifo_uart.o(i.UartSendByte)
    i.UserCheckCmd                           0x0800859c   Section        0  user-app.o(i.UserCheckCmd)
    i.UserCheckSensors                       0x080086d0   Section        0  user-app.o(i.UserCheckSensors)
    i.UserDownCommand                        0x08008718   Section        0  user-app.o(i.UserDownCommand)
    i.UserGetAddID                           0x08008a6c   Section        0  user-app.o(i.UserGetAddID)
    i.UserIntoLowPower                       0x08008b0c   Section        0  user-app.o(i.UserIntoLowPower)
    i.UserReadFlash                          0x08008b84   Section        0  user-app.o(i.UserReadFlash)
    i.UserSend                               0x08008cb8   Section        0  user-app.o(i.UserSend)
    i.UserSendGps                            0x08008de4   Section        0  user-app.o(i.UserSendGps)
    i.UserSendSensor                         0x08009030   Section        0  user-app.o(i.UserSendSensor)
    i.UserSetHeart                           0x08009248   Section        0  user-app.o(i.UserSetHeart)
    i.WWDG_IRQHandler                        0x08009304   Section        0  stm32l0xx_it.o(i.WWDG_IRQHandler)
    i.WakeupZetaDisable                      0x0800934c   Section        0  zeta.o(i.WakeupZetaDisable)
    i.WakeupZetaEnable                       0x08009370   Section        0  zeta.o(i.WakeupZetaEnable)
    i.ZetaDownCommand                        0x08009394   Section        0  zeta.o(i.ZetaDownCommand)
    i.ZetaInit                               0x080094b0   Section        0  zeta.o(i.ZetaInit)
    i.ZetaInterrupt                          0x08009560   Section        0  zeta.o(i.ZetaInterrupt)
    i.ZetaPowerOff                           0x08009588   Section        0  zeta.o(i.ZetaPowerOff)
    i.ZetaPowerOn                            0x0800959c   Section        0  zeta.o(i.ZetaPowerOn)
    i.ZetaRecv                               0x080095b0   Section        0  zeta.o(i.ZetaRecv)
    i.ZetaSend                               0x080097cc   Section        0  zeta.o(i.ZetaSend)
    i.ZetaStatus                             0x080097f0   Section        0  zeta.o(i.ZetaStatus)
    i._12VPowerOff                           0x08009800   Section        0  rs485.o(i._12VPowerOff)
    i._12VPowerOn                            0x08009820   Section        0  rs485.o(i._12VPowerOn)
    i.__0printf                              0x0800983c   Section        0  printfa.o(i.__0printf)
    i.__ARM_clz                              0x0800985c   Section        0  depilogue.o(i.__ARM_clz)
    i.__ARM_common_ll_muluu                  0x0800988a   Section        0  stm32l0xx_hal_uart.o(i.__ARM_common_ll_muluu)
    i.__ARM_common_switch8                   0x080098ba   Section        0  stm32l0xx_hal_tim.o(i.__ARM_common_switch8)
    i.__scatterload_copy                     0x080098d6   Section       14  handlers.o(i.__scatterload_copy)
    i.__scatterload_null                     0x080098e4   Section        2  handlers.o(i.__scatterload_null)
    i.__scatterload_zeroinit                 0x080098e6   Section       14  handlers.o(i.__scatterload_zeroinit)
    i.__set_PRIMASK                          0x080098f4   Section        0  fifo_uart.o(i.__set_PRIMASK)
    __set_PRIMASK                            0x080098f5   Thumb Code     6  fifo_uart.o(i.__set_PRIMASK)
    i._fp_digits                             0x080098fc   Section        0  printfa.o(i._fp_digits)
    _fp_digits                               0x080098fd   Thumb Code   316  printfa.o(i._fp_digits)
    i._printf_core                           0x08009a54   Section        0  printfa.o(i._printf_core)
    _printf_core                             0x08009a55   Thumb Code  1754  printfa.o(i._printf_core)
    i._printf_post_padding                   0x0800a140   Section        0  printfa.o(i._printf_post_padding)
    _printf_post_padding                     0x0800a141   Thumb Code    32  printfa.o(i._printf_post_padding)
    i._printf_pre_padding                    0x0800a160   Section        0  printfa.o(i._printf_pre_padding)
    _printf_pre_padding                      0x0800a161   Thumb Code    44  printfa.o(i._printf_pre_padding)
    i.delay_init                             0x0800a18c   Section        0  delay.o(i.delay_init)
    i.fputc                                  0x0800a1a0   Section        0  usart.o(i.fputc)
    i.main                                   0x0800a1bc   Section        0  main.o(i.main)
    i.memcpy1                                0x0800a2e4   Section        0  sensor.o(i.memcpy1)
    .constdata                               0x0800a2fc   Section       33  system_stm32l0xx.o(.constdata)
    .constdata                               0x0800a31d   Section       26  led.o(.constdata)
    __func__                                 0x0800a31d   Data          11  led.o(.constdata)
    __func__                                 0x0800a328   Data           8  led.o(.constdata)
    __func__                                 0x0800a330   Data           7  led.o(.constdata)
    .constdata                               0x0800a338   Section       56  gps.o(.constdata)
    .constdata                               0x0800a370   Section      101  stm32l0xx_it.o(.constdata)
    __func__                                 0x0800a370   Data          18  stm32l0xx_it.o(.constdata)
    __func__                                 0x0800a382   Data          16  stm32l0xx_it.o(.constdata)
    __func__                                 0x0800a392   Data          28  stm32l0xx_it.o(.constdata)
    __func__                                 0x0800a3ae   Data          23  stm32l0xx_it.o(.constdata)
    __func__                                 0x0800a3c5   Data          16  stm32l0xx_it.o(.constdata)
    .constdata                               0x0800a3d8   Section       58  zeta.o(.constdata)
    __func__                                 0x0800a404   Data          14  zeta.o(.constdata)
    .constdata                               0x0800a412   Section       64  ctype_c.o(.constdata)
    .conststring                             0x0800a454   Section     2087  sensor.o(.conststring)
    .conststring                             0x0800ac7c   Section      138  gps.o(.conststring)
    .conststring                             0x0800ad08   Section       67  main.o(.conststring)
    .conststring                             0x0800ad4c   Section       66  zeta.o(.conststring)
    .data                                    0x20000000   Section        4  system_stm32l0xx.o(.data)
    .data                                    0x20000004   Section        4  stm32l0xx_hal.o(.data)
    .data                                    0x20000008   Section        4  delay.o(.data)
    fac_us                                   0x20000008   Data           4  delay.o(.data)
    .data                                    0x2000000c   Section        8  led.o(.data)
    .data                                    0x20000014   Section        2  wwdg.o(.data)
    .data                                    0x20000016   Section        1  board.o(.data)
    .data                                    0x20000018   Section     1492  sensor.o(.data)
    .data                                    0x200005ec   Section       80  gps.o(.data)
    .data                                    0x2000063c   Section        8  stm32l0xx_it.o(.data)
    .data                                    0x20000644   Section       64  user-app.o(.data)
    DeviceInfo                               0x20000678   Data           4  user-app.o(.data)
    DevTemp                                  0x2000067c   Data           8  user-app.o(.data)
    .data                                    0x20000684   Section      144  zeta.o(.data)
    .data                                    0x20000714   Section        4  stdout.o(.data)
    .bss                                     0x20000718   Section       24  stm32l0xx_hal_flash.o(.bss)
    .bss                                     0x20000730   Section     1748  usart.o(.bss)
    .bss                                     0x20000e04   Section       36  rtc-board.o(.bss)
    .bss                                     0x20000e28   Section       96  adc.o(.bss)
    .bss                                     0x20000e88   Section       20  wwdg.o(.bss)
    .bss                                     0x20000e9c   Section       56  timer-board.o(.bss)
    .bss                                     0x20000ed4   Section       56  rs485.o(.bss)
    .bss                                     0x20000f0c   Section     4240  sensor.o(.bss)
    .bss                                     0x20001f9c   Section      166  gps.o(.bss)
    .bss                                     0x20002044   Section       45  user-app.o(.bss)
    String_Buffer                            0x20002050   Data          33  user-app.o(.bss)
    STACK                                    0x20002078   Section     1024  startup_stm32l073xx.o(STACK)

    Global Symbols

    Symbol Name                              Value     Ov Type        Size  Object(Section)

    BuildAttributes$$THM_ISAv3M$S$PE$A:L22$X:L11$S22$IEEE1$IW$USESV6$~STKCKD$USESV7$~SHL$OTIME$ROPI$EBA8$MICROLIB$REQ8$PRES8$EABIv2 0x00000000   Number         0  anon$$obj.o ABSOLUTE
    __ARM_use_no_argv                        0x00000000   Number         0  main.o ABSOLUTE
    _printf_a                                0x00000000   Number         0  stubs.o ABSOLUTE
    _printf_c                                0x00000000   Number         0  stubs.o ABSOLUTE
    _printf_charcount                        0x00000000   Number         0  stubs.o ABSOLUTE
    _printf_d                                0x00000000   Number         0  stubs.o ABSOLUTE
    _printf_e                                0x00000000   Number         0  stubs.o ABSOLUTE
    _printf_f                                0x00000000   Number         0  stubs.o ABSOLUTE
    _printf_flags                            0x00000000   Number         0  stubs.o ABSOLUTE
    _printf_fp_dec                           0x00000000   Number         0  stubs.o ABSOLUTE
    _printf_fp_hex                           0x00000000   Number         0  stubs.o ABSOLUTE
    _printf_g                                0x00000000   Number         0  stubs.o ABSOLUTE
    _printf_i                                0x00000000   Number         0  stubs.o ABSOLUTE
    _printf_int_dec                          0x00000000   Number         0  stubs.o ABSOLUTE
    _printf_l                                0x00000000   Number         0  stubs.o ABSOLUTE
    _printf_lc                               0x00000000   Number         0  stubs.o ABSOLUTE
    _printf_ll                               0x00000000   Number         0  stubs.o ABSOLUTE
    _printf_lld                              0x00000000   Number         0  stubs.o ABSOLUTE
    _printf_lli                              0x00000000   Number         0  stubs.o ABSOLUTE
    _printf_llo                              0x00000000   Number         0  stubs.o ABSOLUTE
    _printf_llu                              0x00000000   Number         0  stubs.o ABSOLUTE
    _printf_llx                              0x00000000   Number         0  stubs.o ABSOLUTE
    _printf_longlong_dec                     0x00000000   Number         0  stubs.o ABSOLUTE
    _printf_longlong_hex                     0x00000000   Number         0  stubs.o ABSOLUTE
    _printf_longlong_oct                     0x00000000   Number         0  stubs.o ABSOLUTE
    _printf_ls                               0x00000000   Number         0  stubs.o ABSOLUTE
    _printf_mbtowc                           0x00000000   Number         0  stubs.o ABSOLUTE
    _printf_n                                0x00000000   Number         0  stubs.o ABSOLUTE
    _printf_o                                0x00000000   Number         0  stubs.o ABSOLUTE
    _printf_p                                0x00000000   Number         0  stubs.o ABSOLUTE
    _printf_percent                          0x00000000   Number         0  stubs.o ABSOLUTE
    _printf_pre_padding                      0x00000000   Number         0  stubs.o ABSOLUTE
    _printf_return_value                     0x00000000   Number         0  stubs.o ABSOLUTE
    _printf_s                                0x00000000   Number         0  stubs.o ABSOLUTE
    _printf_sizespec                         0x00000000   Number         0  stubs.o ABSOLUTE
    _printf_str                              0x00000000   Number         0  stubs.o ABSOLUTE
    _printf_truncate_signed                  0x00000000   Number         0  stubs.o ABSOLUTE
    _printf_truncate_unsigned                0x00000000   Number         0  stubs.o ABSOLUTE
    _printf_u                                0x00000000   Number         0  stubs.o ABSOLUTE
    _printf_wc                               0x00000000   Number         0  stubs.o ABSOLUTE
    _printf_wctomb                           0x00000000   Number         0  stubs.o ABSOLUTE
    _printf_widthprec                        0x00000000   Number         0  stubs.o ABSOLUTE
    _printf_x                                0x00000000   Number         0  stubs.o ABSOLUTE
    __cpp_initialize__aeabi_                  - Undefined Weak Reference
    __cxa_finalize                            - Undefined Weak Reference
    _clock_init                               - Undefined Weak Reference
    _microlib_exit                            - Undefined Weak Reference
    _scanf_longlong                           - Undefined Weak Reference
    _scanf_real                               - Undefined Weak Reference
    _scanf_string                             - Undefined Weak Reference
    __Vectors_Size                           0x000000c0   Number         0  startup_stm32l073xx.o ABSOLUTE
    __Vectors                                0x08000000   Data           4  startup_stm32l073xx.o(RESET)
    __Vectors_End                            0x080000c0   Data           0  startup_stm32l073xx.o(RESET)
    __main                                   0x080000c1   Thumb Code     0  entry.o(.ARM.Collect$$$$00000000)
    _main_stk                                0x080000c1   Thumb Code     0  entry2.o(.ARM.Collect$$$$00000001)
    _main_scatterload                        0x080000c5   Thumb Code     0  entry5.o(.ARM.Collect$$$$00000004)
    __main_after_scatterload                 0x080000c9   Thumb Code     0  entry5.o(.ARM.Collect$$$$00000004)
    _main_clock                              0x080000c9   Thumb Code     0  entry7b.o(.ARM.Collect$$$$00000008)
    _main_cpp_init                           0x080000c9   Thumb Code     0  entry8b.o(.ARM.Collect$$$$0000000A)
    _main_init                               0x080000c9   Thumb Code     0  entry9a.o(.ARM.Collect$$$$0000000B)
    __rt_final_cpp                           0x080000d1   Thumb Code     0  entry10a.o(.ARM.Collect$$$$0000000D)
    __rt_final_exit                          0x080000d1   Thumb Code     0  entry11a.o(.ARM.Collect$$$$0000000F)
    Reset_Handler                            0x080000d5   Thumb Code     8  startup_stm32l073xx.o(.text)
    ADC1_COMP_IRQHandler                     0x080000e7   Thumb Code     0  startup_stm32l073xx.o(.text)
    DMA1_Channel1_IRQHandler                 0x080000e7   Thumb Code     0  startup_stm32l073xx.o(.text)
    DMA1_Channel2_3_IRQHandler               0x080000e7   Thumb Code     0  startup_stm32l073xx.o(.text)
    DMA1_Channel4_5_6_7_IRQHandler           0x080000e7   Thumb Code     0  startup_stm32l073xx.o(.text)
    FLASH_IRQHandler                         0x080000e7   Thumb Code     0  startup_stm32l073xx.o(.text)
    I2C1_IRQHandler                          0x080000e7   Thumb Code     0  startup_stm32l073xx.o(.text)
    I2C2_IRQHandler                          0x080000e7   Thumb Code     0  startup_stm32l073xx.o(.text)
    I2C3_IRQHandler                          0x080000e7   Thumb Code     0  startup_stm32l073xx.o(.text)
    LCD_IRQHandler                           0x080000e7   Thumb Code     0  startup_stm32l073xx.o(.text)
    LPTIM1_IRQHandler                        0x080000e7   Thumb Code     0  startup_stm32l073xx.o(.text)
    PVD_IRQHandler                           0x080000e7   Thumb Code     0  startup_stm32l073xx.o(.text)
    RCC_CRS_IRQHandler                       0x080000e7   Thumb Code     0  startup_stm32l073xx.o(.text)
    SPI1_IRQHandler                          0x080000e7   Thumb Code     0  startup_stm32l073xx.o(.text)
    SPI2_IRQHandler                          0x080000e7   Thumb Code     0  startup_stm32l073xx.o(.text)
    TIM21_IRQHandler                         0x080000e7   Thumb Code     0  startup_stm32l073xx.o(.text)
    TIM22_IRQHandler                         0x080000e7   Thumb Code     0  startup_stm32l073xx.o(.text)
    TIM3_IRQHandler                          0x080000e7   Thumb Code     0  startup_stm32l073xx.o(.text)
    TIM6_DAC_IRQHandler                      0x080000e7   Thumb Code     0  startup_stm32l073xx.o(.text)
    TIM7_IRQHandler                          0x080000e7   Thumb Code     0  startup_stm32l073xx.o(.text)
    TSC_IRQHandler                           0x080000e7   Thumb Code     0  startup_stm32l073xx.o(.text)
    USART1_IRQHandler                        0x080000e7   Thumb Code     0  startup_stm32l073xx.o(.text)
    USB_IRQHandler                           0x080000e7   Thumb Code     0  startup_stm32l073xx.o(.text)
    __aeabi_uidiv                            0x080000f1   Thumb Code     0  uidiv.o(.text)
    __aeabi_uidivmod                         0x080000f1   Thumb Code    44  uidiv.o(.text)
    __aeabi_idiv                             0x0800011d   Thumb Code     0  idiv.o(.text)
    __aeabi_idivmod                          0x0800011d   Thumb Code    40  idiv.o(.text)
    __aeabi_uldivmod                         0x08000145   Thumb Code    96  uldiv.o(.text)
    __aeabi_memcpy                           0x080001a5   Thumb Code    36  memcpya.o(.text)
    __aeabi_memcpy4                          0x080001a5   Thumb Code     0  memcpya.o(.text)
    __aeabi_memcpy8                          0x080001a5   Thumb Code     0  memcpya.o(.text)
    __aeabi_memset                           0x080001c9   Thumb Code    14  memseta.o(.text)
    __aeabi_memset4                          0x080001c9   Thumb Code     0  memseta.o(.text)
    __aeabi_memset8                          0x080001c9   Thumb Code     0  memseta.o(.text)
    __aeabi_memclr                           0x080001d7   Thumb Code     4  memseta.o(.text)
    __aeabi_memclr4                          0x080001d7   Thumb Code     0  memseta.o(.text)
    __aeabi_memclr8                          0x080001d7   Thumb Code     0  memseta.o(.text)
    _memset$wrapper                          0x080001db   Thumb Code    18  memseta.o(.text)
    strstr                                   0x080001ed   Thumb Code    40  strstr.o(.text)
    strlen                                   0x08000215   Thumb Code    14  strlen.o(.text)
    strcmp                                   0x08000223   Thumb Code    28  strcmp.o(.text)
    __aeabi_uread4                           0x0800023f   Thumb Code    20  uread4.o(.text)
    __rt_uread4                              0x0800023f   Thumb Code     0  uread4.o(.text)
    _uread4                                  0x0800023f   Thumb Code     0  uread4.o(.text)
    __aeabi_uwrite4                          0x08000253   Thumb Code    18  uwrite4.o(.text)
    __rt_uwrite4                             0x08000253   Thumb Code     0  uwrite4.o(.text)
    _uwrite4                                 0x08000253   Thumb Code     0  uwrite4.o(.text)
    __0sscanf                                0x08000265   Thumb Code    50  __0sscanf.o(.text)
    _scanf_int                               0x080002a1   Thumb Code   330  _scanf_int.o(.text)
    __aeabi_fadd                             0x080003eb   Thumb Code   162  fadd.o(.text)
    __aeabi_fsub                             0x0800048d   Thumb Code     8  fadd.o(.text)
    __aeabi_frsub                            0x08000495   Thumb Code     8  fadd.o(.text)
    __aeabi_fmul                             0x0800049d   Thumb Code   122  fmul.o(.text)
    __aeabi_fdiv                             0x08000517   Thumb Code   124  fdiv.o(.text)
    __aeabi_ddiv                             0x08000595   Thumb Code   234  ddiv.o(.text)
    __aeabi_ui2f                             0x08000685   Thumb Code    14  ffltui.o(.text)
    __aeabi_ui2d                             0x08000695   Thumb Code    24  dfltui.o(.text)
    __aeabi_f2uiz                            0x080006b1   Thumb Code    40  ffixui.o(.text)
    __aeabi_f2d                              0x080006d9   Thumb Code    40  f2d.o(.text)
    __aeabi_llsl                             0x08000701   Thumb Code    32  llshl.o(.text)
    _ll_shift_l                              0x08000701   Thumb Code     0  llshl.o(.text)
    __aeabi_llsr                             0x08000721   Thumb Code    34  llushr.o(.text)
    _ll_ushift_r                             0x08000721   Thumb Code     0  llushr.o(.text)
    _chval                                   0x08000743   Thumb Code    30  _chval.o(.text)
    __vfscanf_char                           0x0800076d   Thumb Code    24  scanf_char.o(.text)
    _sgetc                                   0x0800078d   Thumb Code    32  _sgetc.o(.text)
    _sbackspace                              0x080007ad   Thumb Code    36  _sgetc.o(.text)
    __I$use$fp                               0x080007d1   Thumb Code     0  iusefp.o(.text)
    _float_round                             0x080007d1   Thumb Code    16  fepilogue.o(.text)
    _float_epilogue                          0x080007e1   Thumb Code   114  fepilogue.o(.text)
    _double_round                            0x08000853   Thumb Code    26  depilogue.o(.text)
    _double_epilogue                         0x0800086d   Thumb Code   164  depilogue.o(.text)
    __aeabi_dadd                             0x08000911   Thumb Code   328  dadd.o(.text)
    __aeabi_dsub                             0x08000a59   Thumb Code    12  dadd.o(.text)
    __aeabi_drsub                            0x08000a65   Thumb Code    12  dadd.o(.text)
    __aeabi_dmul                             0x08000a75   Thumb Code   202  dmul.o(.text)
    __aeabi_d2ulz                            0x08000b45   Thumb Code    54  dfixul.o(.text)
    __aeabi_cdrcmple                         0x08000b85   Thumb Code    38  cdrcmple.o(.text)
    __scatterload                            0x08000bad   Thumb Code    28  init.o(.text)
    __scatterload_rt2                        0x08000bad   Thumb Code     0  init.o(.text)
    __aeabi_lasr                             0x08000bd1   Thumb Code    38  llsshr.o(.text)
    _ll_sshift_r                             0x08000bd1   Thumb Code     0  llsshr.o(.text)
    isspace                                  0x08000bf7   Thumb Code    14  isspace_c.o(.text)
    __vfscanf                                0x08000c05   Thumb Code   812  _scanf.o(.text)
    __ctype_lookup                           0x08000f3d   Thumb Code    32  ctype_c.o(.text)
    __decompress                             0x08000f61   Thumb Code     0  __dczerorl2.o(.text)
    __decompress1                            0x08000f61   Thumb Code    86  __dczerorl2.o(.text)
    AdcReadParameter                         0x08001191   Thumb Code   130  adc.o(i.AdcReadParameter)
    BatEnableCharge                          0x0800121d   Thumb Code    14  power.o(i.BatEnableCharge)
    BatteryInit                              0x08001231   Thumb Code    56  power.o(i.BatteryInit)
    BoardDeInitMcu                           0x0800126d   Thumb Code   334  board.o(i.BoardDeInitMcu)
    BoardInitMcu                             0x080013ed   Thumb Code   312  board.o(i.BoardInitMcu)
    CalcCRC16                                0x08001531   Thumb Code    68  rs485.o(i.CalcCRC16)
    CalcCRC8                                 0x0800157d   Thumb Code    76  zeta.o(i.CalcCRC8)
    CheckBattery                             0x080015f5   Thumb Code   174  power.o(i.CheckBattery)
    EXTI0_1_IRQHandler                       0x080016f1   Thumb Code    16  gpio-board.o(i.EXTI0_1_IRQHandler)
    EXTI2_3_IRQHandler                       0x08001701   Thumb Code    16  gpio-board.o(i.EXTI2_3_IRQHandler)
    EXTI4_15_IRQHandler                      0x08001711   Thumb Code    92  gpio-board.o(i.EXTI4_15_IRQHandler)
    Error_Handler                            0x0800176d   Thumb Code    10  main.o(i.Error_Handler)
    FIFO_UartEnableRxIT                      0x08001781   Thumb Code    24  fifo_uart.o(i.FIFO_UartEnableRxIT)
    FIFO_UartIRQ                             0x08001799   Thumb Code   200  fifo_uart.o(i.FIFO_UartIRQ)
    FIFO_UartReadByte                        0x08001861   Thumb Code    86  fifo_uart.o(i.FIFO_UartReadByte)
    FIFO_UartVarInit                         0x080018b7   Thumb Code    50  fifo_uart.o(i.FIFO_UartVarInit)
    FLASH_PageErase                          0x080018e9   Thumb Code    42  stm32l0xx_hal_flash_ex.o(i.FLASH_PageErase)
    FLASH_WaitForLastOperation               0x08001a0d   Thumb Code   162  stm32l0xx_hal_flash.o(i.FLASH_WaitForLastOperation)
    FlashRead16                              0x08001ab5   Thumb Code    36  stmflash.o(i.FlashRead16)
    FlashRead16More                          0x08001add   Thumb Code    70  stmflash.o(i.FlashRead16More)
    FlashRead32                              0x08001b29   Thumb Code    36  stmflash.o(i.FlashRead32)
    FlashReadPage                            0x08001b51   Thumb Code    76  stmflash.o(i.FlashReadPage)
    FlashWrite16                             0x08001ba1   Thumb Code   148  stmflash.o(i.FlashWrite16)
    FlashWrite32                             0x08001c39   Thumb Code   176  stmflash.o(i.FlashWrite32)
    FlashWritePage                           0x08001ced   Thumb Code   192  stmflash.o(i.FlashWritePage)
    GetRs485Type                             0x08001de5   Thumb Code    12  sensor.o(i.GetRs485Type)
    GpsDisable                               0x08001df9   Thumb Code    70  gps.o(i.GpsDisable)
    GpsEnable                                0x08001e49   Thumb Code    14  gps.o(i.GpsEnable)
    GpsGetPosition                           0x08001e5d   Thumb Code   452  gps.o(i.GpsGetPosition)
    GpsGetPositionAgain                      0x0800204d   Thumb Code    54  gps.o(i.GpsGetPositionAgain)
    GpsInit                                  0x08002091   Thumb Code    62  gps.o(i.GpsInit)
    GpsSet                                   0x080020d9   Thumb Code   190  gps.o(i.GpsSet)
    HAL_ADCEx_Calibration_Start              0x08002211   Thumb Code   216  stm32l0xx_hal_adc_ex.o(i.HAL_ADCEx_Calibration_Start)
    HAL_ADC_ConfigChannel                    0x080022e9   Thumb Code   306  stm32l0xx_hal_adc.o(i.HAL_ADC_ConfigChannel)
    HAL_ADC_GetState                         0x08002431   Thumb Code     6  stm32l0xx_hal_adc.o(i.HAL_ADC_GetState)
    HAL_ADC_GetValue                         0x08002437   Thumb Code     8  stm32l0xx_hal_adc.o(i.HAL_ADC_GetValue)
    HAL_ADC_Init                             0x08002441   Thumb Code   554  stm32l0xx_hal_adc.o(i.HAL_ADC_Init)
    HAL_ADC_MspInit                          0x08002675   Thumb Code    52  adc.o(i.HAL_ADC_MspInit)
    HAL_ADC_PollForConversion                0x080026b1   Thumb Code   232  stm32l0xx_hal_adc.o(i.HAL_ADC_PollForConversion)
    HAL_ADC_Start                            0x08002799   Thumb Code   114  stm32l0xx_hal_adc.o(i.HAL_ADC_Start)
    HAL_ADC_Stop                             0x08002811   Thumb Code    80  stm32l0xx_hal_adc.o(i.HAL_ADC_Stop)
    HAL_DMA_Abort_IT                         0x08002861   Thumb Code   174  stm32l0xx_hal_dma.o(i.HAL_DMA_Abort_IT)
    HAL_Delay                                0x08002915   Thumb Code    26  stm32l0xx_hal.o(i.HAL_Delay)
    HAL_FLASHEx_Erase                        0x08002931   Thumb Code   128  stm32l0xx_hal_flash_ex.o(i.HAL_FLASHEx_Erase)
    HAL_FLASH_GetError                       0x080029bd   Thumb Code     6  stm32l0xx_hal_flash.o(i.HAL_FLASH_GetError)
    HAL_FLASH_Lock                           0x080029c9   Thumb Code    16  stm32l0xx_hal_flash.o(i.HAL_FLASH_Lock)
    HAL_FLASH_Program                        0x080029dd   Thumb Code    72  stm32l0xx_hal_flash.o(i.HAL_FLASH_Program)
    HAL_FLASH_Unlock                         0x08002a2d   Thumb Code    54  stm32l0xx_hal_flash.o(i.HAL_FLASH_Unlock)
    HAL_GPIO_DeInit                          0x08002a79   Thumb Code   266  stm32l0xx_hal_gpio.o(i.HAL_GPIO_DeInit)
    HAL_GPIO_EXTI_Callback                   0x08002ba1   Thumb Code    78  gpio-board.o(i.HAL_GPIO_EXTI_Callback)
    HAL_GPIO_EXTI_IRQHandler                 0x08002c09   Thumb Code    26  stm32l0xx_hal_gpio.o(i.HAL_GPIO_EXTI_IRQHandler)
    HAL_GPIO_Init                            0x08002c29   Thumb Code   472  stm32l0xx_hal_gpio.o(i.HAL_GPIO_Init)
    HAL_GPIO_ReadPin                         0x08002e21   Thumb Code    18  stm32l0xx_hal_gpio.o(i.HAL_GPIO_ReadPin)
    HAL_GPIO_TogglePin                       0x08002e33   Thumb Code     8  stm32l0xx_hal_gpio.o(i.HAL_GPIO_TogglePin)
    HAL_GPIO_WritePin                        0x08002e3b   Thumb Code    12  stm32l0xx_hal_gpio.o(i.HAL_GPIO_WritePin)
    HAL_GetTick                              0x08002e49   Thumb Code     6  stm32l0xx_hal.o(i.HAL_GetTick)
    HAL_IncTick                              0x08002e55   Thumb Code    12  stm32l0xx_hal.o(i.HAL_IncTick)
    HAL_Init                                 0x08002e65   Thumb Code    28  stm32l0xx_hal.o(i.HAL_Init)
    HAL_InitTick                             0x08002e85   Thumb Code    36  stm32l0xx_hal.o(i.HAL_InitTick)
    HAL_MspInit                              0x08002ead   Thumb Code     2  stm32l0xx_hal.o(i.HAL_MspInit)
    HAL_NVIC_DisableIRQ                      0x08002eb1   Thumb Code    18  stm32l0xx_hal_cortex.o(i.HAL_NVIC_DisableIRQ)
    HAL_NVIC_EnableIRQ                       0x08002ec9   Thumb Code    18  stm32l0xx_hal_cortex.o(i.HAL_NVIC_EnableIRQ)
    HAL_NVIC_SetPriority                     0x08002ee1   Thumb Code    18  stm32l0xx_hal_cortex.o(i.HAL_NVIC_SetPriority)
    HAL_PWREx_EnableFastWakeUp               0x08002ef5   Thumb Code    16  stm32l0xx_hal_pwr_ex.o(i.HAL_PWREx_EnableFastWakeUp)
    HAL_PWREx_EnableUltraLowPower            0x08002f09   Thumb Code    16  stm32l0xx_hal_pwr_ex.o(i.HAL_PWREx_EnableUltraLowPower)
    HAL_PWR_DisablePVD                       0x08002f1d   Thumb Code    14  stm32l0xx_hal_pwr.o(i.HAL_PWR_DisablePVD)
    HAL_PWR_EnterSTOPMode                    0x08002f31   Thumb Code    64  stm32l0xx_hal_pwr.o(i.HAL_PWR_EnterSTOPMode)
    HAL_RCCEx_GetPeriphCLKFreq               0x08002f79   Thumb Code   866  stm32l0xx_hal_rcc_ex.o(i.HAL_RCCEx_GetPeriphCLKFreq)
    HAL_RCCEx_PeriphCLKConfig                0x08003305   Thumb Code   672  stm32l0xx_hal_rcc_ex.o(i.HAL_RCCEx_PeriphCLKConfig)
    HAL_RCC_ClockConfig                      0x080035b1   Thumb Code   482  stm32l0xx_hal_rcc.o(i.HAL_RCC_ClockConfig)
    HAL_RCC_GetHCLKFreq                      0x080037a9   Thumb Code     6  stm32l0xx_hal_rcc.o(i.HAL_RCC_GetHCLKFreq)
    HAL_RCC_GetPCLK1Freq                     0x080037b5   Thumb Code    26  stm32l0xx_hal_rcc.o(i.HAL_RCC_GetPCLK1Freq)
    HAL_RCC_GetPCLK2Freq                     0x080037d9   Thumb Code    26  stm32l0xx_hal_rcc.o(i.HAL_RCC_GetPCLK2Freq)
    HAL_RCC_GetSysClockFreq                  0x080037fd   Thumb Code   206  stm32l0xx_hal_rcc.o(i.HAL_RCC_GetSysClockFreq)
    HAL_RCC_OscConfig                        0x080038e1   Thumb Code  1732  stm32l0xx_hal_rcc.o(i.HAL_RCC_OscConfig)
    HAL_RTCEx_AlarmBEventCallback            0x08003fb5   Thumb Code     2  stm32l0xx_hal_rtc_ex.o(i.HAL_RTCEx_AlarmBEventCallback)
    HAL_RTCEx_BKUPRead                       0x08003fb7   Thumb Code    18  stm32l0xx_hal_rtc_ex.o(i.HAL_RTCEx_BKUPRead)
    HAL_RTCEx_BKUPWrite                      0x08003fc9   Thumb Code    18  stm32l0xx_hal_rtc_ex.o(i.HAL_RTCEx_BKUPWrite)
    HAL_RTCEx_DeactivateWakeUpTimer          0x08003fdb   Thumb Code   174  stm32l0xx_hal_rtc_ex.o(i.HAL_RTCEx_DeactivateWakeUpTimer)
    HAL_RTC_AlarmAEventCallback              0x08004089   Thumb Code    70  stm32l0xx_it.o(i.HAL_RTC_AlarmAEventCallback)
    HAL_RTC_AlarmIRQHandler                  0x080040f1   Thumb Code   124  stm32l0xx_hal_rtc.o(i.HAL_RTC_AlarmIRQHandler)
    HAL_RTC_DeactivateAlarm                  0x08004179   Thumb Code   274  stm32l0xx_hal_rtc.o(i.HAL_RTC_DeactivateAlarm)
    HAL_RTC_GetDate                          0x0800428d   Thumb Code    88  stm32l0xx_hal_rtc.o(i.HAL_RTC_GetDate)
    HAL_RTC_GetTime                          0x080042e9   Thumb Code   104  stm32l0xx_hal_rtc.o(i.HAL_RTC_GetTime)
    HAL_RTC_Init                             0x08004355   Thumb Code   202  stm32l0xx_hal_rtc.o(i.HAL_RTC_Init)
    HAL_RTC_MspInit                          0x0800443d   Thumb Code    24  rtc-board.o(i.HAL_RTC_MspInit)
    HAL_RTC_SetAlarm_IT                      0x0800445d   Thumb Code   590  stm32l0xx_hal_rtc.o(i.HAL_RTC_SetAlarm_IT)
    HAL_RTC_SetDate                          0x080046b9   Thumb Code   298  stm32l0xx_hal_rtc.o(i.HAL_RTC_SetDate)
    HAL_RTC_SetTime                          0x080047e9   Thumb Code   336  stm32l0xx_hal_rtc.o(i.HAL_RTC_SetTime)
    HAL_RTC_WaitForSynchro                   0x0800493d   Thumb Code    60  stm32l0xx_hal_rtc.o(i.HAL_RTC_WaitForSynchro)
    HAL_ResumeTick                           0x08004979   Thumb Code    14  stm32l0xx_hal.o(i.HAL_ResumeTick)
    HAL_SYSTICK_CLKSourceConfig              0x0800498d   Thumb Code    32  stm32l0xx_hal_cortex.o(i.HAL_SYSTICK_CLKSourceConfig)
    HAL_SYSTICK_Callback                     0x080049b1   Thumb Code     2  stm32l0xx_hal_cortex.o(i.HAL_SYSTICK_Callback)
    HAL_SYSTICK_Config                       0x080049b5   Thumb Code    46  stm32l0xx_hal_cortex.o(i.HAL_SYSTICK_Config)
    HAL_SYSTICK_IRQHandler                   0x080049ed   Thumb Code     8  stm32l0xx_hal_cortex.o(i.HAL_SYSTICK_IRQHandler)
    HAL_SuspendTick                          0x080049f5   Thumb Code    14  stm32l0xx_hal.o(i.HAL_SuspendTick)
    HAL_TIMEx_MasterConfigSynchronization    0x08004a09   Thumb Code    98  stm32l0xx_hal_tim_ex.o(i.HAL_TIMEx_MasterConfigSynchronization)
    HAL_TIM_Base_Init                        0x08004a6b   Thumb Code    56  stm32l0xx_hal_tim.o(i.HAL_TIM_Base_Init)
    HAL_TIM_Base_MspInit                     0x08004aa5   Thumb Code    24  timer-board.o(i.HAL_TIM_Base_MspInit)
    HAL_TIM_Base_Start_IT                    0x08004ac1   Thumb Code    30  stm32l0xx_hal_tim.o(i.HAL_TIM_Base_Start_IT)
    HAL_TIM_ConfigClockSource                0x08004adf   Thumb Code   318  stm32l0xx_hal_tim.o(i.HAL_TIM_ConfigClockSource)
    HAL_TIM_IC_CaptureCallback               0x08004c1d   Thumb Code     2  stm32l0xx_hal_tim.o(i.HAL_TIM_IC_CaptureCallback)
    HAL_TIM_IRQHandler                       0x08004c1f   Thumb Code   380  stm32l0xx_hal_tim.o(i.HAL_TIM_IRQHandler)
    HAL_TIM_OC_DelayElapsedCallback          0x08004d9b   Thumb Code     2  stm32l0xx_hal_tim.o(i.HAL_TIM_OC_DelayElapsedCallback)
    HAL_TIM_PWM_PulseFinishedCallback        0x08004d9d   Thumb Code     2  stm32l0xx_hal_tim.o(i.HAL_TIM_PWM_PulseFinishedCallback)
    HAL_TIM_PeriodElapsedCallback            0x08004d9f   Thumb Code     2  stm32l0xx_hal_tim.o(i.HAL_TIM_PeriodElapsedCallback)
    HAL_TIM_TriggerCallback                  0x08004da1   Thumb Code     2  stm32l0xx_hal_tim.o(i.HAL_TIM_TriggerCallback)
    HAL_UARTEx_WakeupCallback                0x08004da3   Thumb Code     2  stm32l0xx_hal_uart_ex.o(i.HAL_UARTEx_WakeupCallback)
    HAL_UART_DeInit                          0x08004da5   Thumb Code    76  stm32l0xx_hal_uart.o(i.HAL_UART_DeInit)
    HAL_UART_ErrorCallback                   0x08004df1   Thumb Code     2  stm32l0xx_hal_uart.o(i.HAL_UART_ErrorCallback)
    HAL_UART_GetState                        0x08004df3   Thumb Code    20  stm32l0xx_hal_uart.o(i.HAL_UART_GetState)
    HAL_UART_IRQHandler                      0x08004e09   Thumb Code   444  stm32l0xx_hal_uart.o(i.HAL_UART_IRQHandler)
    HAL_UART_Init                            0x08004fc9   Thumb Code   130  stm32l0xx_hal_uart.o(i.HAL_UART_Init)
    HAL_UART_MspDeInit                       0x0800504d   Thumb Code   126  usart.o(i.HAL_UART_MspDeInit)
    HAL_UART_MspInit                         0x080050e1   Thumb Code   226  usart.o(i.HAL_UART_MspInit)
    HAL_UART_Receive_IT                      0x080051e1   Thumb Code   230  stm32l0xx_hal_uart.o(i.HAL_UART_Receive_IT)
    HAL_UART_RxCpltCallback                  0x080052cd   Thumb Code   414  usart.o(i.HAL_UART_RxCpltCallback)
    HAL_UART_Transmit                        0x080054e1   Thumb Code   240  stm32l0xx_hal_uart.o(i.HAL_UART_Transmit)
    HAL_UART_TxCpltCallback                  0x080055d1   Thumb Code     2  stm32l0xx_hal_uart.o(i.HAL_UART_TxCpltCallback)
    HAL_WWDG_EarlyWakeupCallback             0x080055d3   Thumb Code     2  stm32l0xx_hal_wwdg.o(i.HAL_WWDG_EarlyWakeupCallback)
    HAL_WWDG_IRQHandler                      0x080055d5   Thumb Code    52  stm32l0xx_hal_wwdg.o(i.HAL_WWDG_IRQHandler)
    HAL_WWDG_Refresh                         0x08005609   Thumb Code    12  stm32l0xx_hal_wwdg.o(i.HAL_WWDG_Refresh)
    HardFault_Handler                        0x08005615   Thumb Code    12  stm32l0xx_it.o(i.HardFault_Handler)
    InitUartFifo                             0x0800562d   Thumb Code    40  usart.o(i.InitUartFifo)
    LedDisplay                               0x08005665   Thumb Code    70  led.o(i.LedDisplay)
    LedGetStates                             0x080056b1   Thumb Code     6  led.o(i.LedGetStates)
    LedInit                                  0x080056bd   Thumb Code    90  led.o(i.LedInit)
    LedOff                                   0x08005749   Thumb Code    18  led.o(i.LedOff)
    LedOn                                    0x0800575b   Thumb Code    16  led.o(i.LedOn)
    LedRestStates                            0x0800576d   Thumb Code    40  led.o(i.LedRestStates)
    LedSetStates                             0x080057b5   Thumb Code    46  led.o(i.LedSetStates)
    Ledfail                                  0x08005811   Thumb Code    78  led.o(i.Ledfail)
    Ledgps                                   0x08005869   Thumb Code    78  led.o(i.Ledgps)
    Ledrecv                                  0x080058c1   Thumb Code    78  led.o(i.Ledrecv)
    Ledsuccess                               0x08005919   Thumb Code    86  led.o(i.Ledsuccess)
    MX_ADC_Init                              0x08005989   Thumb Code    88  adc.o(i.MX_ADC_Init)
    MX_LPUART1_UART_Init                     0x080059e9   Thumb Code    82  usart.o(i.MX_LPUART1_UART_Init)
    MX_USART1_UART_Init                      0x08005a49   Thumb Code    58  usart.o(i.MX_USART1_UART_Init)
    MX_USART2_UART_Init                      0x08005a8d   Thumb Code    84  usart.o(i.MX_USART2_UART_Init)
    MX_USART4_UART_Init                      0x08005aed   Thumb Code    74  usart.o(i.MX_USART4_UART_Init)
    NMEA_Comma_Pos                           0x08005b41   Thumb Code    50  gps.o(i.NMEA_Comma_Pos)
    NMEA_GPGLL_Analysis                      0x08005b75   Thumb Code   518  gps.o(i.NMEA_GPGLL_Analysis)
    NMEA_Pow                                 0x08005d8d   Thumb Code    26  gps.o(i.NMEA_Pow)
    NMEA_Str2num                             0x08005da7   Thumb Code   256  gps.o(i.NMEA_Str2num)
    NMI_Handler                              0x08005ea7   Thumb Code     2  stm32l0xx_it.o(i.NMI_Handler)
    OpenExpenBox                             0x08005f21   Thumb Code    46  sensor.o(i.OpenExpenBox)
    PendSV_Handler                           0x08005f59   Thumb Code     2  stm32l0xx_it.o(i.PendSV_Handler)
    RNG_LPUART1_IRQHandler                   0x08005ff5   Thumb Code    80  stm32l0xx_it.o(i.RNG_LPUART1_IRQHandler)
    RS485CmdPackage                          0x0800604d   Thumb Code   148  sensor.o(i.RS485CmdPackage)
    RTC_Bcd2ToByte                           0x080060e5   Thumb Code    26  stm32l0xx_hal_rtc.o(i.RTC_Bcd2ToByte)
    RTC_ByteToBcd2                           0x080060ff   Thumb Code    26  stm32l0xx_hal_rtc.o(i.RTC_ByteToBcd2)
    RTC_EnterInitMode                        0x08006119   Thumb Code    66  stm32l0xx_hal_rtc.o(i.RTC_EnterInitMode)
    RTC_IRQHandler                           0x0800615d   Thumb Code    20  stm32l0xx_it.o(i.RTC_IRQHandler)
    RTC_Init                                 0x08006175   Thumb Code   142  rtc-board.o(i.RTC_Init)
    ReadBattery                              0x08006211   Thumb Code   104  power.o(i.ReadBattery)
    Rs485ClsoePin                            0x080062ad   Thumb Code    30  rs485.o(i.Rs485ClsoePin)
    Rs485Cmd                                 0x080062d1   Thumb Code   148  rs485.o(i.Rs485Cmd)
    Rs485GetData                             0x08006371   Thumb Code    88  rs485.o(i.Rs485GetData)
    Rs485Init                                0x080063ed   Thumb Code    54  rs485.o(i.Rs485Init)
    Rs485OpenPin                             0x0800644d   Thumb Code    50  rs485.o(i.Rs485OpenPin)
    Rs485PinInit                             0x08006485   Thumb Code   112  rs485.o(i.Rs485PinInit)
    Rs485Print                               0x08006501   Thumb Code    42  rs485.o(i.Rs485Print)
    SVC_Handler                              0x08006539   Thumb Code     2  stm32l0xx_it.o(i.SVC_Handler)
    SensorDataProces                         0x0800653d   Thumb Code  1702  sensor.o(i.SensorDataProces)
    SensorExpBoxAddr                         0x08006c05   Thumb Code   690  sensor.o(i.SensorExpBoxAddr)
    SensorExpenData                          0x08006f31   Thumb Code   770  sensor.o(i.SensorExpenData)
    SensorExpendBoxLive                      0x08007261   Thumb Code    78  sensor.o(i.SensorExpendBoxLive)
    SensorGetData                            0x080072b9   Thumb Code    54  sensor.o(i.SensorGetData)
    SensorHandle                             0x080072f5   Thumb Code   110  sensor.o(i.SensorHandle)
    SensorMaBoxData                          0x08007375   Thumb Code   438  sensor.o(i.SensorMaBoxData)
    SensorQueryPinStaus                      0x08007549   Thumb Code   106  sensor.o(i.SensorQueryPinStaus)
    SensorQueryType                          0x080075c5   Thumb Code   542  sensor.o(i.SensorQueryType)
    SensorsInit                              0x0800784d   Thumb Code    56  sensor.o(i.SensorsInit)
    SetRtcAlarm                              0x080078b5   Thumb Code   234  rtc-board.o(i.SetRtcAlarm)
    String_Conversion                        0x08007a05   Thumb Code    54  user-app.o(i.String_Conversion)
    SysTick_Handler                          0x08007a41   Thumb Code    22  stm32l0xx_it.o(i.SysTick_Handler)
    SystemClockConfig                        0x08007a5d   Thumb Code   176  board.o(i.SystemClockConfig)
    SystemClockReConfig                      0x08007b11   Thumb Code   136  board.o(i.SystemClockReConfig)
    SystemInit                               0x08007ba1   Thumb Code    88  system_stm32l0xx.o(i.SystemInit)
    TIM2_IRQHandler                          0x08007c09   Thumb Code    46  stm32l0xx_it.o(i.TIM2_IRQHandler)
    TimerHwInit                              0x08007d71   Thumb Code    96  timer-board.o(i.TimerHwInit)
    UART_AdvFeatureConfig                    0x08007dd9   Thumb Code   240  stm32l0xx_hal_uart.o(i.UART_AdvFeatureConfig)
    UART_CheckIdleState                      0x08007ec9   Thumb Code   112  stm32l0xx_hal_uart.o(i.UART_CheckIdleState)
    UART_SetConfig                           0x08008029   Thumb Code   954  stm32l0xx_hal_uart.o(i.UART_SetConfig)
    UART_WaitOnFlagUntilTimeout              0x0800848b   Thumb Code   112  stm32l0xx_hal_uart.o(i.UART_WaitOnFlagUntilTimeout)
    USART2_IRQHandler                        0x080084fd   Thumb Code    80  stm32l0xx_it.o(i.USART2_IRQHandler)
    USART4_5_IRQHandler                      0x08008555   Thumb Code    10  stm32l0xx_it.o(i.USART4_5_IRQHandler)
    UartReadByte                             0x08008565   Thumb Code    28  fifo_uart.o(i.UartReadByte)
    UartSendByte                             0x08008581   Thumb Code    28  fifo_uart.o(i.UartSendByte)
    UserCheckCmd                             0x0800859d   Thumb Code   244  user-app.o(i.UserCheckCmd)
    UserCheckSensors                         0x080086d1   Thumb Code    54  user-app.o(i.UserCheckSensors)
    UserDownCommand                          0x08008719   Thumb Code   770  user-app.o(i.UserDownCommand)
    UserGetAddID                             0x08008a6d   Thumb Code   122  user-app.o(i.UserGetAddID)
    UserIntoLowPower                         0x08008b0d   Thumb Code    60  user-app.o(i.UserIntoLowPower)
    UserReadFlash                            0x08008b85   Thumb Code   174  user-app.o(i.UserReadFlash)
    UserSend                                 0x08008cb9   Thumb Code   212  user-app.o(i.UserSend)
    UserSendGps                              0x08008de5   Thumb Code   364  user-app.o(i.UserSendGps)
    UserSendSensor                           0x08009031   Thumb Code   474  user-app.o(i.UserSendSensor)
    UserSetHeart                             0x08009249   Thumb Code   158  user-app.o(i.UserSetHeart)
    WWDG_IRQHandler                          0x08009305   Thumb Code    50  stm32l0xx_it.o(i.WWDG_IRQHandler)
    WakeupZetaDisable                        0x0800934d   Thumb Code    30  zeta.o(i.WakeupZetaDisable)
    WakeupZetaEnable                         0x08009371   Thumb Code    30  zeta.o(i.WakeupZetaEnable)
    ZetaDownCommand                          0x08009395   Thumb Code   212  zeta.o(i.ZetaDownCommand)
    ZetaInit                                 0x080094b1   Thumb Code   160  zeta.o(i.ZetaInit)
    ZetaInterrupt                            0x08009561   Thumb Code    24  zeta.o(i.ZetaInterrupt)
    ZetaPowerOff                             0x08009589   Thumb Code    16  zeta.o(i.ZetaPowerOff)
    ZetaPowerOn                              0x0800959d   Thumb Code    14  zeta.o(i.ZetaPowerOn)
    ZetaRecv                                 0x080095b1   Thumb Code   496  zeta.o(i.ZetaRecv)
    ZetaSend                                 0x080097cd   Thumb Code    26  zeta.o(i.ZetaSend)
    ZetaStatus                               0x080097f1   Thumb Code    12  zeta.o(i.ZetaStatus)
    _12VPowerOff                             0x08009801   Thumb Code    26  rs485.o(i._12VPowerOff)
    _12VPowerOn                              0x08009821   Thumb Code    24  rs485.o(i._12VPowerOn)
    __0printf                                0x0800983d   Thumb Code    24  printfa.o(i.__0printf)
    __1printf                                0x0800983d   Thumb Code     0  printfa.o(i.__0printf)
    __2printf                                0x0800983d   Thumb Code     0  printfa.o(i.__0printf)
    __c89printf                              0x0800983d   Thumb Code     0  printfa.o(i.__0printf)
    printf                                   0x0800983d   Thumb Code     0  printfa.o(i.__0printf)
    __ARM_clz                                0x0800985d   Thumb Code    46  depilogue.o(i.__ARM_clz)
    __ARM_common_ll_muluu                    0x0800988b   Thumb Code    48  stm32l0xx_hal_uart.o(i.__ARM_common_ll_muluu)
    __ARM_common_switch8                     0x080098bb   Thumb Code    28  stm32l0xx_hal_tim.o(i.__ARM_common_switch8)
    __scatterload_copy                       0x080098d7   Thumb Code    14  handlers.o(i.__scatterload_copy)
    __scatterload_null                       0x080098e5   Thumb Code     2  handlers.o(i.__scatterload_null)
    __scatterload_zeroinit                   0x080098e7   Thumb Code    14  handlers.o(i.__scatterload_zeroinit)
    delay_init                               0x0800a18d   Thumb Code    16  delay.o(i.delay_init)
    fputc                                    0x0800a1a1   Thumb Code    20  usart.o(i.fputc)
    main                                     0x0800a1bd   Thumb Code   174  main.o(i.main)
    memcpy1                                  0x0800a2e5   Thumb Code    24  sensor.o(i.memcpy1)
    AHBPrescTable                            0x0800a2fc   Data          16  system_stm32l0xx.o(.constdata)
    APBPrescTable                            0x0800a30c   Data           8  system_stm32l0xx.o(.constdata)
    PLLMulTable                              0x0800a314   Data           9  system_stm32l0xx.o(.constdata)
    Gps                                      0x0800a338   Data          20  gps.o(.constdata)
    BAUD_id                                  0x0800a34c   Data          36  gps.o(.constdata)
    ZetaHandle                               0x0800a3d8   Data          44  zeta.o(.constdata)
    __ctype_categories                       0x0800a412   Data          64  ctype_c.o(.constdata)
    Region$$Table$$Base                      0x0800ad90   Number         0  anon$$obj.o(Region$$Table)
    Region$$Table$$Limit                     0x0800adb0   Number         0  anon$$obj.o(Region$$Table)
    SystemCoreClock                          0x20000000   Data           4  system_stm32l0xx.o(.data)
    uwTick                                   0x20000004   Data           4  stm32l0xx_hal.o(.data)
    LedStates                                0x2000000c   Data           1  led.o(.data)
    LedSaveStates                            0x2000000d   Data           1  led.o(.data)
    LedTimer                                 0x20000010   Data           4  led.o(.data)
    WdgTime                                  0x20000014   Data           2  wwdg.o(.data)
    McuInitialized                           0x20000016   Data           1  board.o(.data)
    CheckRs485s                              0x20000018   Data        1472  sensor.o(.data)
    SendBufsCounter                          0x200005d8   Data           1  sensor.o(.data)
    OpenExpendBoxbuff                        0x200005d9   Data          10  sensor.o(.data)
    ExpendBoxbuff                            0x200005e3   Data           9  sensor.o(.data)
    SetGpsAck                                0x200005ec   Data          80  gps.o(.data)
    Timer2_Counter                           0x2000063c   Data           4  stm32l0xx_it.o(.data)
    TimerOverTime                            0x20000640   Data           4  stm32l0xx_it.o(.data)
    UpSeqCounter                             0x20000644   Data           2  user-app.o(.data)
    UserZetaCheck                            0x20000648   Data          48  user-app.o(.data)
    ZetaRecviceBuf                           0x20000684   Data          72  zeta.o(.data)
    ZetaSendBuf                              0x200006cc   Data          72  zeta.o(.data)
    __stdout                                 0x20000714   Data           4  stdout.o(.data)
    pFlash                                   0x20000718   Data          24  stm32l0xx_hal_flash.o(.bss)
    huart1                                   0x20000730   Data         112  usart.o(.bss)
    huart2                                   0x200007a0   Data         112  usart.o(.bss)
    huart4                                   0x20000810   Data         112  usart.o(.bss)
    hlpuart1                                 0x20000880   Data         112  usart.o(.bss)
    usart_rs485                              0x200008f0   Data          44  usart.o(.bss)
    UART_RX_DATA2                            0x2000091c   Data         528  usart.o(.bss)
    UART_RX_LPUART1                          0x20000b2c   Data         528  usart.o(.bss)
    rx_rs485_buff                            0x20000d3c   Data         100  usart.o(.bss)
    tx_rs485_buff                            0x20000da0   Data         100  usart.o(.bss)
    RtcHandle                                0x20000e04   Data          36  rtc-board.o(.bss)
    hadc                                     0x20000e28   Data          96  adc.o(.bss)
    hwwdg                                    0x20000e88   Data          20  wwdg.o(.bss)
    htim2                                    0x20000e9c   Data          56  timer-board.o(.bss)
    Rs485s                                   0x20000ed4   Data          56  rs485.o(.bss)
    SaveRs485s                               0x20000f0c   Data        3186  sensor.o(.bss)
    SendBufs                                 0x20001b7e   Data        1010  sensor.o(.bss)
    Sensors                                  0x20001f70   Data          44  sensor.o(.bss)
    gpsx                                     0x20001f9c   Data         166  gps.o(.bss)
    User                                     0x20002044   Data          12  user-app.o(.bss)
    __initial_sp                             0x20002478   Data           0  startup_stm32l073xx.o(STACK)



==============================================================================

Memory Map of the image

  Image Entry point : 0x080000c1

  Load Region LR_IROM1 (Base: 0x08000000, Size: 0x0000b4c8, Max: 0x00020000, ABSOLUTE, COMPRESSED[0x0000aec0])

    Execution Region ER_IROM1 (Base: 0x08000000, Size: 0x0000adb0, Max: 0x00020000, ABSOLUTE)

    Base Addr    Size         Type   Attr      Idx    E Section Name        Object

    0x08000000   0x000000c0   Data   RO            3    RESET               startup_stm32l073xx.o
    0x080000c0   0x00000000   Code   RO         5616  * .ARM.Collect$$$$00000000  mc_p.l(entry.o)
    0x080000c0   0x00000004   Code   RO         5922    .ARM.Collect$$$$00000001  mc_p.l(entry2.o)
    0x080000c4   0x00000004   Code   RO         5925    .ARM.Collect$$$$00000004  mc_p.l(entry5.o)
    0x080000c8   0x00000000   Code   RO         5927    .ARM.Collect$$$$00000008  mc_p.l(entry7b.o)
    0x080000c8   0x00000000   Code   RO         5929    .ARM.Collect$$$$0000000A  mc_p.l(entry8b.o)
    0x080000c8   0x00000008   Code   RO         5930    .ARM.Collect$$$$0000000B  mc_p.l(entry9a.o)
    0x080000d0   0x00000000   Code   RO         5932    .ARM.Collect$$$$0000000D  mc_p.l(entry10a.o)
    0x080000d0   0x00000000   Code   RO         5934    .ARM.Collect$$$$0000000F  mc_p.l(entry11a.o)
    0x080000d0   0x00000004   Code   RO         5923    .ARM.Collect$$$$00002712  mc_p.l(entry2.o)
    0x080000d4   0x0000001c   Code   RO            4    .text               startup_stm32l073xx.o
    0x080000f0   0x0000002c   Code   RO         5619    .text               mc_p.l(uidiv.o)
    0x0800011c   0x00000028   Code   RO         5621    .text               mc_p.l(idiv.o)
    0x08000144   0x00000060   Code   RO         5623    .text               mc_p.l(uldiv.o)
    0x080001a4   0x00000024   Code   RO         5625    .text               mc_p.l(memcpya.o)
    0x080001c8   0x00000024   Code   RO         5627    .text               mc_p.l(memseta.o)
    0x080001ec   0x00000028   Code   RO         5629    .text               mc_p.l(strstr.o)
    0x08000214   0x0000000e   Code   RO         5631    .text               mc_p.l(strlen.o)
    0x08000222   0x0000001c   Code   RO         5633    .text               mc_p.l(strcmp.o)
    0x0800023e   0x00000014   Code   RO         5898    .text               mc_p.l(uread4.o)
    0x08000252   0x00000012   Code   RO         5900    .text               mc_p.l(uwrite4.o)
    0x08000264   0x0000003c   Code   RO         5902    .text               mc_p.l(__0sscanf.o)
    0x080002a0   0x0000014a   Code   RO         5904    .text               mc_p.l(_scanf_int.o)
    0x080003ea   0x000000b2   Code   RO         5906    .text               mf_p.l(fadd.o)
    0x0800049c   0x0000007a   Code   RO         5908    .text               mf_p.l(fmul.o)
    0x08000516   0x0000007c   Code   RO         5910    .text               mf_p.l(fdiv.o)
    0x08000592   0x00000002   PAD
    0x08000594   0x000000f0   Code   RO         5912    .text               mf_p.l(ddiv.o)
    0x08000684   0x0000000e   Code   RO         5914    .text               mf_p.l(ffltui.o)
    0x08000692   0x00000002   PAD
    0x08000694   0x0000001c   Code   RO         5916    .text               mf_p.l(dfltui.o)
    0x080006b0   0x00000028   Code   RO         5918    .text               mf_p.l(ffixui.o)
    0x080006d8   0x00000028   Code   RO         5920    .text               mf_p.l(f2d.o)
    0x08000700   0x00000020   Code   RO         5937    .text               mc_p.l(llshl.o)
    0x08000720   0x00000022   Code   RO         5939    .text               mc_p.l(llushr.o)
    0x08000742   0x0000001e   Code   RO         5941    .text               mc_p.l(_chval.o)
    0x08000760   0x0000002c   Code   RO         5943    .text               mc_p.l(scanf_char.o)
    0x0800078c   0x00000044   Code   RO         5945    .text               mc_p.l(_sgetc.o)
    0x080007d0   0x00000000   Code   RO         5947    .text               mc_p.l(iusefp.o)
    0x080007d0   0x00000082   Code   RO         5948    .text               mf_p.l(fepilogue.o)
    0x08000852   0x000000be   Code   RO         5950    .text               mf_p.l(depilogue.o)
    0x08000910   0x00000164   Code   RO         5954    .text               mf_p.l(dadd.o)
    0x08000a74   0x000000d0   Code   RO         5956    .text               mf_p.l(dmul.o)
    0x08000b44   0x00000040   Code   RO         5958    .text               mf_p.l(dfixul.o)
    0x08000b84   0x00000028   Code   RO         5960    .text               mf_p.l(cdrcmple.o)
    0x08000bac   0x00000024   Code   RO         5962    .text               mc_p.l(init.o)
    0x08000bd0   0x00000026   Code   RO         5964    .text               mc_p.l(llsshr.o)
    0x08000bf6   0x0000000e   Code   RO         5966    .text               mc_p.l(isspace_c.o)
    0x08000c04   0x00000338   Code   RO         5968    .text               mc_p.l(_scanf.o)
    0x08000f3c   0x00000024   Code   RO         5970    .text               mc_p.l(ctype_c.o)
    0x08000f60   0x00000056   Code   RO         5981    .text               mc_p.l(__dczerorl2.o)
    0x08000fb6   0x0000006c   Code   RO          395    i.ADC_ConversionStop  stm32l0xx_hal_adc.o
    0x08001022   0x00000002   PAD
    0x08001024   0x0000002c   Code   RO          399    i.ADC_DelayMicroSecond  stm32l0xx_hal_adc.o
    0x08001050   0x0000009c   Code   RO          400    i.ADC_Disable       stm32l0xx_hal_adc.o
    0x080010ec   0x000000a4   Code   RO          401    i.ADC_Enable        stm32l0xx_hal_adc.o
    0x08001190   0x0000008c   Code   RO         4449    i.AdcReadParameter  adc.o
    0x0800121c   0x00000014   Code   RO         4514    i.BatEnableCharge   power.o
    0x08001230   0x0000003c   Code   RO         4515    i.BatteryInit       power.o
    0x0800126c   0x00000180   Code   RO         4724    i.BoardDeInitMcu    board.o
    0x080013ec   0x00000144   Code   RO         4726    i.BoardInitMcu      board.o
    0x08001530   0x0000004c   Code   RO         4861    i.CalcCRC16         rs485.o
    0x0800157c   0x00000078   Code   RO         5524    i.CalcCRC8          zeta.o
    0x080015f4   0x000000fc   Code   RO         4516    i.CheckBattery      power.o
    0x080016f0   0x00000010   Code   RO         4411    i.EXTI0_1_IRQHandler  gpio-board.o
    0x08001700   0x00000010   Code   RO         4412    i.EXTI2_3_IRQHandler  gpio-board.o
    0x08001710   0x0000005c   Code   RO         4413    i.EXTI4_15_IRQHandler  gpio-board.o
    0x0800176c   0x00000014   Code   RO         5291    i.Error_Handler     main.o
    0x08001780   0x00000018   Code   RO         5179    i.FIFO_UartEnableRxIT  fifo_uart.o
    0x08001798   0x000000c8   Code   RO         5180    i.FIFO_UartIRQ      fifo_uart.o
    0x08001860   0x00000056   Code   RO         5182    i.FIFO_UartReadByte  fifo_uart.o
    0x080018b6   0x00000032   Code   RO         5189    i.FIFO_UartVarInit  fifo_uart.o
    0x080018e8   0x00000034   Code   RO         1015    i.FLASH_PageErase   stm32l0xx_hal_flash_ex.o
    0x0800191c   0x000000f0   Code   RO          909    i.FLASH_SetErrorCode  stm32l0xx_hal_flash.o
    0x08001a0c   0x000000a8   Code   RO          910    i.FLASH_WaitForLastOperation  stm32l0xx_hal_flash.o
    0x08001ab4   0x00000028   Code   RO         4777    i.FlashRead16       stmflash.o
    0x08001adc   0x0000004c   Code   RO         4778    i.FlashRead16More   stmflash.o
    0x08001b28   0x00000028   Code   RO         4779    i.FlashRead32       stmflash.o
    0x08001b50   0x00000050   Code   RO         4782    i.FlashReadPage     stmflash.o
    0x08001ba0   0x00000098   Code   RO         4783    i.FlashWrite16      stmflash.o
    0x08001c38   0x000000b4   Code   RO         4784    i.FlashWrite32      stmflash.o
    0x08001cec   0x000000f8   Code   RO         4785    i.FlashWritePage    stmflash.o
    0x08001de4   0x00000014   Code   RO         4941    i.GetRs485Type      sensor.o
    0x08001df8   0x00000050   Code   RO         5048    i.GpsDisable        gps.o
    0x08001e48   0x00000014   Code   RO         5049    i.GpsEnable         gps.o
    0x08001e5c   0x000001f0   Code   RO         5050    i.GpsGetPosition    gps.o
    0x0800204c   0x00000044   Code   RO         5051    i.GpsGetPositionAgain  gps.o
    0x08002090   0x00000048   Code   RO         5052    i.GpsInit           gps.o
    0x080020d8   0x00000138   Code   RO         5053    i.GpsSet            gps.o
    0x08002210   0x000000d8   Code   RO          578    i.HAL_ADCEx_Calibration_Start  stm32l0xx_hal_adc_ex.o
    0x080022e8   0x00000148   Code   RO          403    i.HAL_ADC_ConfigChannel  stm32l0xx_hal_adc.o
    0x08002430   0x00000006   Code   RO          409    i.HAL_ADC_GetState  stm32l0xx_hal_adc.o
    0x08002436   0x00000008   Code   RO          410    i.HAL_ADC_GetValue  stm32l0xx_hal_adc.o
    0x0800243e   0x00000002   PAD
    0x08002440   0x00000234   Code   RO          412    i.HAL_ADC_Init      stm32l0xx_hal_adc.o
    0x08002674   0x0000003c   Code   RO         4451    i.HAL_ADC_MspInit   adc.o
    0x080026b0   0x000000e8   Code   RO          416    i.HAL_ADC_PollForConversion  stm32l0xx_hal_adc.o
    0x08002798   0x00000078   Code   RO          418    i.HAL_ADC_Start     stm32l0xx_hal_adc.o
    0x08002810   0x00000050   Code   RO          421    i.HAL_ADC_Stop      stm32l0xx_hal_adc.o
    0x08002860   0x000000b4   Code   RO          832    i.HAL_DMA_Abort_IT  stm32l0xx_hal_dma.o
    0x08002914   0x0000001a   Code   RO          233    i.HAL_Delay         stm32l0xx_hal.o
    0x0800292e   0x00000002   PAD
    0x08002930   0x0000008c   Code   RO         1024    i.HAL_FLASHEx_Erase  stm32l0xx_hal_flash_ex.o
    0x080029bc   0x0000000c   Code   RO          912    i.HAL_FLASH_GetError  stm32l0xx_hal_flash.o
    0x080029c8   0x00000014   Code   RO          914    i.HAL_FLASH_Lock    stm32l0xx_hal_flash.o
    0x080029dc   0x00000050   Code   RO          919    i.HAL_FLASH_Program  stm32l0xx_hal_flash.o
    0x08002a2c   0x0000004c   Code   RO          921    i.HAL_FLASH_Unlock  stm32l0xx_hal_flash.o
    0x08002a78   0x00000128   Code   RO         1229    i.HAL_GPIO_DeInit   stm32l0xx_hal_gpio.o
    0x08002ba0   0x00000068   Code   RO         4414    i.HAL_GPIO_EXTI_Callback  gpio-board.o
    0x08002c08   0x00000020   Code   RO         1231    i.HAL_GPIO_EXTI_IRQHandler  stm32l0xx_hal_gpio.o
    0x08002c28   0x000001f8   Code   RO         1232    i.HAL_GPIO_Init     stm32l0xx_hal_gpio.o
    0x08002e20   0x00000012   Code   RO         1234    i.HAL_GPIO_ReadPin  stm32l0xx_hal_gpio.o
    0x08002e32   0x00000008   Code   RO         1235    i.HAL_GPIO_TogglePin  stm32l0xx_hal_gpio.o
    0x08002e3a   0x0000000c   Code   RO         1236    i.HAL_GPIO_WritePin  stm32l0xx_hal_gpio.o
    0x08002e46   0x00000002   PAD
    0x08002e48   0x0000000c   Code   RO          237    i.HAL_GetTick       stm32l0xx_hal.o
    0x08002e54   0x00000010   Code   RO          238    i.HAL_IncTick       stm32l0xx_hal.o
    0x08002e64   0x00000020   Code   RO          239    i.HAL_Init          stm32l0xx_hal.o
    0x08002e84   0x00000028   Code   RO          240    i.HAL_InitTick      stm32l0xx_hal.o
    0x08002eac   0x00000002   Code   RO          242    i.HAL_MspInit       stm32l0xx_hal.o
    0x08002eae   0x00000002   PAD
    0x08002eb0   0x00000018   Code   RO          634    i.HAL_NVIC_DisableIRQ  stm32l0xx_hal_cortex.o
    0x08002ec8   0x00000018   Code   RO          635    i.HAL_NVIC_EnableIRQ  stm32l0xx_hal_cortex.o
    0x08002ee0   0x00000012   Code   RO          639    i.HAL_NVIC_SetPriority  stm32l0xx_hal_cortex.o
    0x08002ef2   0x00000002   PAD
    0x08002ef4   0x00000014   Code   RO         1884    i.HAL_PWREx_EnableFastWakeUp  stm32l0xx_hal_pwr_ex.o
    0x08002f08   0x00000014   Code   RO         1886    i.HAL_PWREx_EnableUltraLowPower  stm32l0xx_hal_pwr_ex.o
    0x08002f1c   0x00000014   Code   RO         1768    i.HAL_PWR_DisablePVD  stm32l0xx_hal_pwr.o
    0x08002f30   0x00000048   Code   RO         1779    i.HAL_PWR_EnterSTOPMode  stm32l0xx_hal_pwr.o
    0x08002f78   0x0000038c   Code   RO         2049    i.HAL_RCCEx_GetPeriphCLKFreq  stm32l0xx_hal_rcc_ex.o
    0x08003304   0x000002ac   Code   RO         2052    i.HAL_RCCEx_PeriphCLKConfig  stm32l0xx_hal_rcc_ex.o
    0x080035b0   0x000001f8   Code   RO         1938    i.HAL_RCC_ClockConfig  stm32l0xx_hal_rcc.o
    0x080037a8   0x0000000c   Code   RO         1942    i.HAL_RCC_GetHCLKFreq  stm32l0xx_hal_rcc.o
    0x080037b4   0x00000024   Code   RO         1944    i.HAL_RCC_GetPCLK1Freq  stm32l0xx_hal_rcc.o
    0x080037d8   0x00000024   Code   RO         1945    i.HAL_RCC_GetPCLK2Freq  stm32l0xx_hal_rcc.o
    0x080037fc   0x000000e4   Code   RO         1946    i.HAL_RCC_GetSysClockFreq  stm32l0xx_hal_rcc.o
    0x080038e0   0x000006d4   Code   RO         1949    i.HAL_RCC_OscConfig  stm32l0xx_hal_rcc.o
    0x08003fb4   0x00000002   Code   RO         2296    i.HAL_RTCEx_AlarmBEventCallback  stm32l0xx_hal_rtc_ex.o
    0x08003fb6   0x00000012   Code   RO         2297    i.HAL_RTCEx_BKUPRead  stm32l0xx_hal_rtc_ex.o
    0x08003fc8   0x00000012   Code   RO         2298    i.HAL_RTCEx_BKUPWrite  stm32l0xx_hal_rtc_ex.o
    0x08003fda   0x000000ae   Code   RO         2303    i.HAL_RTCEx_DeactivateWakeUpTimer  stm32l0xx_hal_rtc_ex.o
    0x08004088   0x00000068   Code   RO         5320    i.HAL_RTC_AlarmAEventCallback  stm32l0xx_it.o
    0x080040f0   0x00000088   Code   RO         2163    i.HAL_RTC_AlarmIRQHandler  stm32l0xx_hal_rtc.o
    0x08004178   0x00000112   Code   RO         2165    i.HAL_RTC_DeactivateAlarm  stm32l0xx_hal_rtc.o
    0x0800428a   0x00000002   PAD
    0x0800428c   0x0000005c   Code   RO         2167    i.HAL_RTC_GetDate   stm32l0xx_hal_rtc.o
    0x080042e8   0x0000006c   Code   RO         2169    i.HAL_RTC_GetTime   stm32l0xx_hal_rtc.o
    0x08004354   0x000000e8   Code   RO         2170    i.HAL_RTC_Init      stm32l0xx_hal_rtc.o
    0x0800443c   0x00000020   Code   RO         4303    i.HAL_RTC_MspInit   rtc-board.o
    0x0800445c   0x0000025c   Code   RO         2175    i.HAL_RTC_SetAlarm_IT  stm32l0xx_hal_rtc.o
    0x080046b8   0x00000130   Code   RO         2176    i.HAL_RTC_SetDate   stm32l0xx_hal_rtc.o
    0x080047e8   0x00000154   Code   RO         2177    i.HAL_RTC_SetTime   stm32l0xx_hal_rtc.o
    0x0800493c   0x0000003c   Code   RO         2178    i.HAL_RTC_WaitForSynchro  stm32l0xx_hal_rtc.o
    0x08004978   0x00000014   Code   RO          243    i.HAL_ResumeTick    stm32l0xx_hal.o
    0x0800498c   0x00000024   Code   RO          641    i.HAL_SYSTICK_CLKSourceConfig  stm32l0xx_hal_cortex.o
    0x080049b0   0x00000002   Code   RO          642    i.HAL_SYSTICK_Callback  stm32l0xx_hal_cortex.o
    0x080049b2   0x00000002   PAD
    0x080049b4   0x00000038   Code   RO          643    i.HAL_SYSTICK_Config  stm32l0xx_hal_cortex.o
    0x080049ec   0x00000008   Code   RO          644    i.HAL_SYSTICK_IRQHandler  stm32l0xx_hal_cortex.o
    0x080049f4   0x00000014   Code   RO          248    i.HAL_SuspendTick   stm32l0xx_hal.o
    0x08004a08   0x00000062   Code   RO         3390    i.HAL_TIMEx_MasterConfigSynchronization  stm32l0xx_hal_tim_ex.o
    0x08004a6a   0x00000038   Code   RO         2757    i.HAL_TIM_Base_Init  stm32l0xx_hal_tim.o
    0x08004aa2   0x00000002   PAD
    0x08004aa4   0x0000001c   Code   RO         4687    i.HAL_TIM_Base_MspInit  timer-board.o
    0x08004ac0   0x0000001e   Code   RO         2762    i.HAL_TIM_Base_Start_IT  stm32l0xx_hal_tim.o
    0x08004ade   0x0000013e   Code   RO         2766    i.HAL_TIM_ConfigClockSource  stm32l0xx_hal_tim.o
    0x08004c1c   0x00000002   Code   RO         2786    i.HAL_TIM_IC_CaptureCallback  stm32l0xx_hal_tim.o
    0x08004c1e   0x0000017c   Code   RO         2799    i.HAL_TIM_IRQHandler  stm32l0xx_hal_tim.o
    0x08004d9a   0x00000002   Code   RO         2802    i.HAL_TIM_OC_DelayElapsedCallback  stm32l0xx_hal_tim.o
    0x08004d9c   0x00000002   Code   RO         2829    i.HAL_TIM_PWM_PulseFinishedCallback  stm32l0xx_hal_tim.o
    0x08004d9e   0x00000002   Code   RO         2836    i.HAL_TIM_PeriodElapsedCallback  stm32l0xx_hal_tim.o
    0x08004da0   0x00000002   Code   RO         2840    i.HAL_TIM_TriggerCallback  stm32l0xx_hal_tim.o
    0x08004da2   0x00000002   Code   RO         3772    i.HAL_UARTEx_WakeupCallback  stm32l0xx_hal_uart_ex.o
    0x08004da4   0x0000004c   Code   RO         3437    i.HAL_UART_DeInit   stm32l0xx_hal_uart.o
    0x08004df0   0x00000002   Code   RO         3438    i.HAL_UART_ErrorCallback  stm32l0xx_hal_uart.o
    0x08004df2   0x00000014   Code   RO         3440    i.HAL_UART_GetState  stm32l0xx_hal_uart.o
    0x08004e06   0x00000002   PAD
    0x08004e08   0x000001c0   Code   RO         3441    i.HAL_UART_IRQHandler  stm32l0xx_hal_uart.o
    0x08004fc8   0x00000082   Code   RO         3442    i.HAL_UART_Init     stm32l0xx_hal_uart.o
    0x0800504a   0x00000002   PAD
    0x0800504c   0x00000094   Code   RO         4138    i.HAL_UART_MspDeInit  usart.o
    0x080050e0   0x00000100   Code   RO         4139    i.HAL_UART_MspInit  usart.o
    0x080051e0   0x000000ec   Code   RO         3447    i.HAL_UART_Receive_IT  stm32l0xx_hal_uart.o
    0x080052cc   0x00000214   Code   RO         4140    i.HAL_UART_RxCpltCallback  usart.o
    0x080054e0   0x000000f0   Code   RO         3450    i.HAL_UART_Transmit  stm32l0xx_hal_uart.o
    0x080055d0   0x00000002   Code   RO         3453    i.HAL_UART_TxCpltCallback  stm32l0xx_hal_uart.o
    0x080055d2   0x00000002   Code   RO         4094    i.HAL_WWDG_EarlyWakeupCallback  stm32l0xx_hal_wwdg.o
    0x080055d4   0x00000034   Code   RO         4095    i.HAL_WWDG_IRQHandler  stm32l0xx_hal_wwdg.o
    0x08005608   0x0000000c   Code   RO         4098    i.HAL_WWDG_Refresh  stm32l0xx_hal_wwdg.o
    0x08005614   0x00000018   Code   RO         5321    i.HardFault_Handler  stm32l0xx_it.o
    0x0800562c   0x00000038   Code   RO         4141    i.InitUartFifo      usart.o
    0x08005664   0x0000004c   Code   RO         4560    i.LedDisplay        led.o
    0x080056b0   0x0000000c   Code   RO         4561    i.LedGetStates      led.o
    0x080056bc   0x0000008c   Code   RO         4562    i.LedInit           led.o
    0x08005748   0x00000012   Code   RO         4563    i.LedOff            led.o
    0x0800575a   0x00000010   Code   RO         4564    i.LedOn             led.o
    0x0800576a   0x00000002   PAD
    0x0800576c   0x00000048   Code   RO         4565    i.LedRestStates     led.o
    0x080057b4   0x0000005c   Code   RO         4566    i.LedSetStates      led.o
    0x08005810   0x00000058   Code   RO         4567    i.Ledfail           led.o
    0x08005868   0x00000058   Code   RO         4568    i.Ledgps            led.o
    0x080058c0   0x00000058   Code   RO         4569    i.Ledrecv           led.o
    0x08005918   0x00000070   Code   RO         4570    i.Ledsuccess        led.o
    0x08005988   0x00000060   Code   RO         4452    i.MX_ADC_Init       adc.o
    0x080059e8   0x00000060   Code   RO         4142    i.MX_LPUART1_UART_Init  usart.o
    0x08005a48   0x00000044   Code   RO         4143    i.MX_USART1_UART_Init  usart.o
    0x08005a8c   0x00000060   Code   RO         4144    i.MX_USART2_UART_Init  usart.o
    0x08005aec   0x00000054   Code   RO         4145    i.MX_USART4_UART_Init  usart.o
    0x08005b40   0x00000032   Code   RO         5055    i.NMEA_Comma_Pos    gps.o
    0x08005b72   0x00000002   PAD
    0x08005b74   0x00000218   Code   RO         5060    i.NMEA_GPGLL_Analysis  gps.o
    0x08005d8c   0x0000001a   Code   RO         5062    i.NMEA_Pow          gps.o
    0x08005da6   0x00000100   Code   RO         5063    i.NMEA_Str2num      gps.o
    0x08005ea6   0x00000002   Code   RO         5322    i.NMI_Handler       stm32l0xx_it.o
    0x08005ea8   0x00000078   Code   RO          645    i.NVIC_SetPriority  stm32l0xx_hal_cortex.o
    0x08005f20   0x00000038   Code   RO         4942    i.OpenExpenBox      sensor.o
    0x08005f58   0x00000002   Code   RO         5323    i.PendSV_Handler    stm32l0xx_it.o
    0x08005f5a   0x00000002   PAD
    0x08005f5c   0x00000098   Code   RO         1950    i.RCC_SetFlashLatencyFromMSIRange  stm32l0xx_hal_rcc.o
    0x08005ff4   0x00000058   Code   RO         5324    i.RNG_LPUART1_IRQHandler  stm32l0xx_it.o
    0x0800604c   0x00000098   Code   RO         4943    i.RS485CmdPackage   sensor.o
    0x080060e4   0x0000001a   Code   RO         2179    i.RTC_Bcd2ToByte    stm32l0xx_hal_rtc.o
    0x080060fe   0x0000001a   Code   RO         2180    i.RTC_ByteToBcd2    stm32l0xx_hal_rtc.o
    0x08006118   0x00000042   Code   RO         2181    i.RTC_EnterInitMode  stm32l0xx_hal_rtc.o
    0x0800615a   0x00000002   PAD
    0x0800615c   0x00000018   Code   RO         5325    i.RTC_IRQHandler    stm32l0xx_it.o
    0x08006174   0x0000009c   Code   RO         4304    i.RTC_Init          rtc-board.o
    0x08006210   0x0000009c   Code   RO         4517    i.ReadBattery       power.o
    0x080062ac   0x00000024   Code   RO         4862    i.Rs485ClsoePin     rs485.o
    0x080062d0   0x000000a0   Code   RO         4863    i.Rs485Cmd          rs485.o
    0x08006370   0x0000007c   Code   RO         4864    i.Rs485GetData      rs485.o
    0x080063ec   0x00000060   Code   RO         4865    i.Rs485Init         rs485.o
    0x0800644c   0x00000038   Code   RO         4866    i.Rs485OpenPin      rs485.o
    0x08006484   0x0000007c   Code   RO         4867    i.Rs485PinInit      rs485.o
    0x08006500   0x00000038   Code   RO         4868    i.Rs485Print        rs485.o
    0x08006538   0x00000002   Code   RO         5326    i.SVC_Handler       stm32l0xx_it.o
    0x0800653a   0x00000002   PAD
    0x0800653c   0x000006c8   Code   RO         4944    i.SensorDataProces  sensor.o
    0x08006c04   0x0000032c   Code   RO         4945    i.SensorExpBoxAddr  sensor.o
    0x08006f30   0x00000330   Code   RO         4946    i.SensorExpenData   sensor.o
    0x08007260   0x00000058   Code   RO         4947    i.SensorExpendBoxLive  sensor.o
    0x080072b8   0x0000003c   Code   RO         4948    i.SensorGetData     sensor.o
    0x080072f4   0x00000080   Code   RO         4949    i.SensorHandle      sensor.o
    0x08007374   0x000001d4   Code   RO         4950    i.SensorMaBoxData   sensor.o
    0x08007548   0x0000007c   Code   RO         4951    i.SensorQueryPinStaus  sensor.o
    0x080075c4   0x00000288   Code   RO         4952    i.SensorQueryType   sensor.o
    0x0800784c   0x00000068   Code   RO         4953    i.SensorsInit       sensor.o
    0x080078b4   0x00000150   Code   RO         4305    i.SetRtcAlarm       rtc-board.o
    0x08007a04   0x0000003c   Code   RO         5419    i.String_Conversion  user-app.o
    0x08007a40   0x0000001c   Code   RO         5327    i.SysTick_Handler   stm32l0xx_it.o
    0x08007a5c   0x000000b4   Code   RO         4727    i.SystemClockConfig  board.o
    0x08007b10   0x00000090   Code   RO         4728    i.SystemClockReConfig  board.o
    0x08007ba0   0x00000068   Code   RO           13    i.SystemInit        system_stm32l0xx.o
    0x08007c08   0x00000040   Code   RO         5328    i.TIM2_IRQHandler   stm32l0xx_it.o
    0x08007c48   0x00000084   Code   RO         2841    i.TIM_Base_SetConfig  stm32l0xx_hal_tim.o
    0x08007ccc   0x0000001e   Code   RO         2848    i.TIM_ETR_SetConfig  stm32l0xx_hal_tim.o
    0x08007cea   0x0000001a   Code   RO         2849    i.TIM_ITRx_SetConfig  stm32l0xx_hal_tim.o
    0x08007d04   0x00000036   Code   RO         2855    i.TIM_TI1_ConfigInputStage  stm32l0xx_hal_tim.o
    0x08007d3a   0x00000036   Code   RO         2857    i.TIM_TI2_ConfigInputStage  stm32l0xx_hal_tim.o
    0x08007d70   0x00000068   Code   RO         4688    i.TimerHwInit       timer-board.o
    0x08007dd8   0x000000f0   Code   RO         3455    i.UART_AdvFeatureConfig  stm32l0xx_hal_uart.o
    0x08007ec8   0x00000074   Code   RO         3456    i.UART_CheckIdleState  stm32l0xx_hal_uart.o
    0x08007f3c   0x00000018   Code   RO         3457    i.UART_DMAAbortOnError  stm32l0xx_hal_uart.o
    0x08007f54   0x00000022   Code   RO         3467    i.UART_EndRxTransfer  stm32l0xx_hal_uart.o
    0x08007f76   0x00000020   Code   RO         3468    i.UART_EndTransmit_IT  stm32l0xx_hal_uart.o
    0x08007f96   0x00000090   Code   RO         3470    i.UART_Receive_IT   stm32l0xx_hal_uart.o
    0x08008026   0x00000002   PAD
    0x08008028   0x000003f0   Code   RO         3471    i.UART_SetConfig    stm32l0xx_hal_uart.o
    0x08008418   0x00000072   Code   RO         3472    i.UART_Transmit_IT  stm32l0xx_hal_uart.o
    0x0800848a   0x00000070   Code   RO         3473    i.UART_WaitOnFlagUntilTimeout  stm32l0xx_hal_uart.o
    0x080084fa   0x00000002   PAD
    0x080084fc   0x00000058   Code   RO         5329    i.USART2_IRQHandler  stm32l0xx_it.o
    0x08008554   0x00000010   Code   RO         5330    i.USART4_5_IRQHandler  stm32l0xx_it.o
    0x08008564   0x0000001c   Code   RO         5190    i.UartReadByte      fifo_uart.o
    0x08008580   0x0000001c   Code   RO         5192    i.UartSendByte      fifo_uart.o
    0x0800859c   0x00000134   Code   RO         5420    i.UserCheckCmd      user-app.o
    0x080086d0   0x00000048   Code   RO         5421    i.UserCheckSensors  user-app.o
    0x08008718   0x00000354   Code   RO         5423    i.UserDownCommand   user-app.o
    0x08008a6c   0x000000a0   Code   RO         5424    i.UserGetAddID      user-app.o
    0x08008b0c   0x00000078   Code   RO         5425    i.UserIntoLowPower  user-app.o
    0x08008b84   0x00000134   Code   RO         5426    i.UserReadFlash     user-app.o
    0x08008cb8   0x0000012c   Code   RO         5427    i.UserSend          user-app.o
    0x08008de4   0x0000024c   Code   RO         5428    i.UserSendGps       user-app.o
    0x08009030   0x00000218   Code   RO         5429    i.UserSendSensor    user-app.o
    0x08009248   0x000000bc   Code   RO         5431    i.UserSetHeart      user-app.o
    0x08009304   0x00000048   Code   RO         5331    i.WWDG_IRQHandler   stm32l0xx_it.o
    0x0800934c   0x00000024   Code   RO         5525    i.WakeupZetaDisable  zeta.o
    0x08009370   0x00000024   Code   RO         5526    i.WakeupZetaEnable  zeta.o
    0x08009394   0x0000011c   Code   RO         5527    i.ZetaDownCommand   zeta.o
    0x080094b0   0x000000b0   Code   RO         5528    i.ZetaInit          zeta.o
    0x08009560   0x00000028   Code   RO         5529    i.ZetaInterrupt     zeta.o
    0x08009588   0x00000014   Code   RO         5530    i.ZetaPowerOff      zeta.o
    0x0800959c   0x00000014   Code   RO         5531    i.ZetaPowerOn       zeta.o
    0x080095b0   0x0000021c   Code   RO         5532    i.ZetaRecv          zeta.o
    0x080097cc   0x00000024   Code   RO         5533    i.ZetaSend          zeta.o
    0x080097f0   0x00000010   Code   RO         5534    i.ZetaStatus        zeta.o
    0x08009800   0x00000020   Code   RO         4869    i._12VPowerOff      rs485.o
    0x08009820   0x0000001c   Code   RO         4870    i._12VPowerOn       rs485.o
    0x0800983c   0x00000020   Code   RO         5870    i.__0printf         mc_p.l(printfa.o)
    0x0800985c   0x0000002e   Code   RO         5952    i.__ARM_clz         mf_p.l(depilogue.o)
    0x0800988a   0x00000030   Code   RO         3758    i.__ARM_common_ll_muluu  stm32l0xx_hal_uart.o
    0x080098ba   0x0000001c   Code   RO         3383    i.__ARM_common_switch8  stm32l0xx_hal_tim.o
    0x080098d6   0x0000000e   Code   RO         5975    i.__scatterload_copy  mc_p.l(handlers.o)
    0x080098e4   0x00000002   Code   RO         5976    i.__scatterload_null  mc_p.l(handlers.o)
    0x080098e6   0x0000000e   Code   RO         5977    i.__scatterload_zeroinit  mc_p.l(handlers.o)
    0x080098f4   0x00000006   Code   RO         5194    i.__set_PRIMASK     fifo_uart.o
    0x080098fa   0x00000002   PAD
    0x080098fc   0x00000158   Code   RO         5877    i._fp_digits        mc_p.l(printfa.o)
    0x08009a54   0x000006ec   Code   RO         5878    i._printf_core      mc_p.l(printfa.o)
    0x0800a140   0x00000020   Code   RO         5879    i._printf_post_padding  mc_p.l(printfa.o)
    0x0800a160   0x0000002c   Code   RO         5880    i._printf_pre_padding  mc_p.l(printfa.o)
    0x0800a18c   0x00000014   Code   RO         4366    i.delay_init        delay.o
    0x0800a1a0   0x0000001c   Code   RO         4146    i.fputc             usart.o
    0x0800a1bc   0x00000128   Code   RO         5292    i.main              main.o
    0x0800a2e4   0x00000018   Code   RO         4954    i.memcpy1           sensor.o
    0x0800a2fc   0x00000021   Data   RO           14    .constdata          system_stm32l0xx.o
    0x0800a31d   0x0000001a   Data   RO         4571    .constdata          led.o
    0x0800a337   0x00000001   PAD
    0x0800a338   0x00000038   Data   RO         5065    .constdata          gps.o
    0x0800a370   0x00000065   Data   RO         5332    .constdata          stm32l0xx_it.o
    0x0800a3d5   0x00000003   PAD
    0x0800a3d8   0x0000003a   Data   RO         5536    .constdata          zeta.o
    0x0800a412   0x00000040   Data   RO         5971    .constdata          mc_p.l(ctype_c.o)
    0x0800a452   0x00000002   PAD
    0x0800a454   0x00000827   Data   RO         4956    .conststring        sensor.o
    0x0800ac7b   0x00000001   PAD
    0x0800ac7c   0x0000008a   Data   RO         5066    .conststring        gps.o
    0x0800ad06   0x00000002   PAD
    0x0800ad08   0x00000043   Data   RO         5293    .conststring        main.o
    0x0800ad4b   0x00000001   PAD
    0x0800ad4c   0x00000042   Data   RO         5537    .conststring        zeta.o
    0x0800ad8e   0x00000002   PAD
    0x0800ad90   0x00000020   Data   RO         5973    Region$$Table       anon$$obj.o


    Execution Region RW_IRAM1 (Base: 0x20000000, Size: 0x00002478, Max: 0x00005000, ABSOLUTE, COMPRESSED[0x00000110])

    Base Addr    Size         Type   Attr      Idx    E Section Name        Object

    0x20000000   0x00000004   Data   RW           15    .data               system_stm32l0xx.o
    0x20000004   0x00000004   Data   RW          249    .data               stm32l0xx_hal.o
    0x20000008   0x00000004   Data   RW         4369    .data               delay.o
    0x2000000c   0x00000008   Data   RW         4572    .data               led.o
    0x20000014   0x00000002   Data   RW         4651    .data               wwdg.o
    0x20000016   0x00000001   Data   RW         4729    .data               board.o
    0x20000017   0x00000001   PAD
    0x20000018   0x000005d4   Data   RW         4957    .data               sensor.o
    0x200005ec   0x00000050   Data   RW         5067    .data               gps.o
    0x2000063c   0x00000008   Data   RW         5333    .data               stm32l0xx_it.o
    0x20000644   0x00000040   Data   RW         5434    .data               user-app.o
    0x20000684   0x00000090   Data   RW         5538    .data               zeta.o
    0x20000714   0x00000004   Data   RW         5936    .data               mc_p.l(stdout.o)
    0x20000718   0x00000018   Zero   RW          922    .bss                stm32l0xx_hal_flash.o
    0x20000730   0x000006d4   Zero   RW         4147    .bss                usart.o
    0x20000e04   0x00000024   Zero   RW         4306    .bss                rtc-board.o
    0x20000e28   0x00000060   Zero   RW         4453    .bss                adc.o
    0x20000e88   0x00000014   Zero   RW         4650    .bss                wwdg.o
    0x20000e9c   0x00000038   Zero   RW         4689    .bss                timer-board.o
    0x20000ed4   0x00000038   Zero   RW         4871    .bss                rs485.o
    0x20000f0c   0x00001090   Zero   RW         4955    .bss                sensor.o
    0x20001f9c   0x000000a6   Zero   RW         5064    .bss                gps.o
    0x20002042   0x00000002   PAD
    0x20002044   0x0000002d   Zero   RW         5433    .bss                user-app.o
    0x20002071   0x00000007   PAD
    0x20002078   0x00000400   Zero   RW            1    STACK               startup_stm32l073xx.o


==============================================================================

Image component sizes


      Code (inc. data)   RO Data    RW Data    ZI Data      Debug   Object Name

       296         26          0          0         96       2266   adc.o
      1032         74          0          1          0       3279   board.o
        20          4          0          4          0        649   delay.o
       422          0          0          0          0       5962   fifo_uart.o
       228         26          0          0          0       1945   gpio-board.o
      1916        224        194         80        166       9577   gps.o
       802        204         26          8          0       6295   led.o
       316        132         67          0          0       1031   main.o
       488        140          0          0          0       2145   power.o
       788        146          0          0         56       7667   rs485.o
       524        124          0          0         36       2307   rtc-board.o
      5236        512       2087       1492       4240      14093   sensor.o
        28          8        192          0       1024        720   startup_stm32l073xx.o
       168         30          0          4          0       4680   stm32l0xx_hal.o
      1810         52          0          0          0       7712   stm32l0xx_hal_adc.o
       216          0          0          0          0       1374   stm32l0xx_hal_adc_ex.o
       288         36          0          0          0      12581   stm32l0xx_hal_cortex.o
       180          6          0          0          0       1027   stm32l0xx_hal_dma.o
       596         56          0          0         24       3759   stm32l0xx_hal_flash.o
       192         22          0          0          0       1703   stm32l0xx_hal_flash_ex.o
       870         68          0          0          0       4553   stm32l0xx_hal_gpio.o
        92         14          0          0          0       1081   stm32l0xx_hal_pwr.o
        40          8          0          0          0        969   stm32l0xx_hal_pwr_ex.o
      2716        116          0          0          0       6524   stm32l0xx_hal_rcc.o
      1592         54          0          0          0       2849   stm32l0xx_hal_rcc_ex.o
      2268         74          0          0          0       8884   stm32l0xx_hal_rtc.o
       212          0          0          0          0       2813   stm32l0xx_hal_rtc_ex.o
      1118         12          0          0          0       8822   stm32l0xx_hal_tim.o
        98          0          0          0          0       1016   stm32l0xx_hal_tim_ex.o
      3026         68          0          0          0      12190   stm32l0xx_hal_uart.o
         2          0          0          0          0        848   stm32l0xx_hal_uart_ex.o
        66          0          0          0          0       1904   stm32l0xx_hal_wwdg.o
       514        118        101          8          0       6537   stm32l0xx_it.o
       816         82          0          0          0       5397   stmflash.o
       104         16         33          4          0     444071   system_stm32l0xx.o
       132         12          0          0         56       1613   timer-board.o
      1364        240          0          0       1748       8710   usart.o
      3492        806          0         64         45       9053   user-app.o
         0          0          0          2         20        244   wwdg.o
      1324        228        124        144          0       7909   zeta.o

    ----------------------------------------------------------------------
     35430       3738       2866       1812       7520     626759   Object Totals
         0          0         32          0          0          0   (incl. Generated)
        38          0         10          1          9          0   (incl. Padding)

    ----------------------------------------------------------------------

      Code (inc. data)   RO Data    RW Data    ZI Data      Debug   Library Member Name

        60         10          0          0          0         84   __0sscanf.o
        86          0          0          0          0          0   __dczerorl2.o
        30          0          0          0          0         60   _chval.o
       824         12          0          0          0         84   _scanf.o
       330          0          0          0          0         84   _scanf_int.o
        68          0          0          0          0         76   _sgetc.o
        36          4         64          0          0         60   ctype_c.o
         0          0          0          0          0          0   entry.o
         0          0          0          0          0          0   entry10a.o
         0          0          0          0          0          0   entry11a.o
         8          4          0          0          0          0   entry2.o
         4          0          0          0          0          0   entry5.o
         0          0          0          0          0          0   entry7b.o
         0          0          0          0          0          0   entry8b.o
         8          4          0          0          0          0   entry9a.o
        30          0          0          0          0          0   handlers.o
        40          0          0          0          0         72   idiv.o
        36          8          0          0          0         68   init.o
        14          0          0          0          0         68   isspace_c.o
         0          0          0          0          0          0   iusefp.o
        32          0          0          0          0         68   llshl.o
        38          0          0          0          0         68   llsshr.o
        34          0          0          0          0         68   llushr.o
        36          0          0          0          0         60   memcpya.o
        36          0          0          0          0        100   memseta.o
      2224         98          0          0          0        412   printfa.o
        44          8          0          0          0         84   scanf_char.o
         0          0          0          4          0          0   stdout.o
        28          0          0          0          0         68   strcmp.o
        14          0          0          0          0         60   strlen.o
        40          0          0          0          0         72   strstr.o
        44          0          0          0          0         72   uidiv.o
        96          0          0          0          0         84   uldiv.o
        20          0          0          0          0         60   uread4.o
        18          0          0          0          0         60   uwrite4.o
        40          2          0          0          0         68   cdrcmple.o
       356          4          0          0          0        140   dadd.o
       240          6          0          0          0         84   ddiv.o
       236          0          0          0          0        216   depilogue.o
        64         10          0          0          0         68   dfixul.o
        28          4          0          0          0         68   dfltui.o
       208          6          0          0          0         88   dmul.o
        40          0          0          0          0         60   f2d.o
       178          0          0          0          0        108   fadd.o
       124          0          0          0          0         72   fdiv.o
       130          0          0          0          0        144   fepilogue.o
        40          0          0          0          0         60   ffixui.o
        14          0          0          0          0         68   ffltui.o
       122          0          0          0          0         72   fmul.o

    ----------------------------------------------------------------------
      6102        180         66          4          0       3308   Library Totals
         4          0          2          0          0          0   (incl. Padding)

    ----------------------------------------------------------------------

      Code (inc. data)   RO Data    RW Data    ZI Data      Debug   Library Name

      4278        148         64          4          0       1992   mc_p.l
      1820         32          0          0          0       1316   mf_p.l

    ----------------------------------------------------------------------
      6102        180         66          4          0       3308   Library Totals

    ----------------------------------------------------------------------

==============================================================================


      Code (inc. data)   RO Data    RW Data    ZI Data      Debug   

     41532       3918       2932       1816       7520     618359   Grand Totals
     41532       3918       2932        272       7520     618359   ELF Image Totals (compressed)
     41532       3918       2932        272          0          0   ROM Totals

==============================================================================

    Total RO  Size (Code + RO Data)                44464 (  43.42kB)
    Total RW  Size (RW Data + ZI Data)              9336 (   9.12kB)
    Total ROM Size (Code + RO Data + RW Data)      44736 (  43.69kB)

==============================================================================

