Component: ARM Compiler 5.06 update 1 (build 61) Tool: armlink [4d35a8]

==============================================================================

Section Cross References

    startup_stm32l073xx.o(RESET) refers to startup_stm32l073xx.o(STACK) for __initial_sp
    startup_stm32l073xx.o(RESET) refers to startup_stm32l073xx.o(.text) for Reset_Handler
    startup_stm32l073xx.o(RESET) refers to stm32l0xx_it.o(i.NMI_Handler) for NMI_Handler
    startup_stm32l073xx.o(RESET) refers to stm32l0xx_it.o(i.HardFault_Handler) for HardFault_Handler
    startup_stm32l073xx.o(RESET) refers to stm32l0xx_it.o(i.SVC_Handler) for SVC_Handler
    startup_stm32l073xx.o(RESET) refers to stm32l0xx_it.o(i.PendSV_Handler) for PendSV_Handler
    startup_stm32l073xx.o(RESET) refers to stm32l0xx_it.o(i.SysTick_Handler) for SysTick_Handler
    startup_stm32l073xx.o(RESET) refers to stm32l0xx_it.o(i.RTC_IRQHandler) for RTC_IRQHandler
    startup_stm32l073xx.o(RESET) refers to gpio-board.o(i.EXTI0_1_IRQHandler) for EXTI0_1_IRQHandler
    startup_stm32l073xx.o(RESET) refers to gpio-board.o(i.EXTI2_3_IRQHandler) for EXTI2_3_IRQHandler
    startup_stm32l073xx.o(RESET) refers to gpio-board.o(i.EXTI4_15_IRQHandler) for EXTI4_15_IRQHandler
    startup_stm32l073xx.o(RESET) refers to stm32l0xx_it.o(i.USART4_5_IRQHandler) for USART4_5_IRQHandler
    startup_stm32l073xx.o(RESET) refers to stm32l0xx_it.o(i.USART2_IRQHandler) for USART2_IRQHandler
    startup_stm32l073xx.o(.text) refers to system_stm32l0xx.o(i.SystemInit) for SystemInit
    startup_stm32l073xx.o(.text) refers to entry.o(.ARM.Collect$$$$00000000) for __main
    system_stm32l0xx.o(i.SystemCoreClockUpdate) refers to uidiv.o(.text) for __aeabi_uidivmod
    system_stm32l0xx.o(i.SystemCoreClockUpdate) refers to system_stm32l0xx.o(.data) for SystemCoreClock
    system_stm32l0xx.o(i.SystemCoreClockUpdate) refers to system_stm32l0xx.o(.constdata) for PLLMulTable
    stm32l0xx_hal.o(i.HAL_DeInit) refers to stm32l0xx_hal.o(i.HAL_MspDeInit) for HAL_MspDeInit
    stm32l0xx_hal.o(i.HAL_Delay) refers to stm32l0xx_hal.o(i.HAL_GetTick) for HAL_GetTick
    stm32l0xx_hal.o(i.HAL_GetTick) refers to stm32l0xx_hal.o(.data) for uwTick
    stm32l0xx_hal.o(i.HAL_IncTick) refers to stm32l0xx_hal.o(.data) for uwTick
    stm32l0xx_hal.o(i.HAL_Init) refers to stm32l0xx_hal.o(i.HAL_InitTick) for HAL_InitTick
    stm32l0xx_hal.o(i.HAL_Init) refers to stm32l0xx_hal.o(i.HAL_MspInit) for HAL_MspInit
    stm32l0xx_hal.o(i.HAL_InitTick) refers to uidiv.o(.text) for __aeabi_uidivmod
    stm32l0xx_hal.o(i.HAL_InitTick) refers to stm32l0xx_hal_cortex.o(i.HAL_SYSTICK_Config) for HAL_SYSTICK_Config
    stm32l0xx_hal.o(i.HAL_InitTick) refers to stm32l0xx_hal_cortex.o(i.HAL_NVIC_SetPriority) for HAL_NVIC_SetPriority
    stm32l0xx_hal.o(i.HAL_InitTick) refers to system_stm32l0xx.o(.data) for SystemCoreClock
    stm32l0xx_hal_adc.o(i.ADC_ConversionStop) refers to stm32l0xx_hal.o(i.HAL_GetTick) for HAL_GetTick
    stm32l0xx_hal_adc.o(i.ADC_DMAConvCplt) refers to stm32l0xx_hal_adc.o(i.HAL_ADC_ConvCpltCallback) for HAL_ADC_ConvCpltCallback
    stm32l0xx_hal_adc.o(i.ADC_DMAError) refers to stm32l0xx_hal_adc.o(i.HAL_ADC_ErrorCallback) for HAL_ADC_ErrorCallback
    stm32l0xx_hal_adc.o(i.ADC_DMAHalfConvCplt) refers to stm32l0xx_hal_adc.o(i.HAL_ADC_ConvHalfCpltCallback) for HAL_ADC_ConvHalfCpltCallback
    stm32l0xx_hal_adc.o(i.ADC_DelayMicroSecond) refers to uidiv.o(.text) for __aeabi_uidivmod
    stm32l0xx_hal_adc.o(i.ADC_DelayMicroSecond) refers to system_stm32l0xx.o(.data) for SystemCoreClock
    stm32l0xx_hal_adc.o(i.ADC_Disable) refers to stm32l0xx_hal.o(i.HAL_GetTick) for HAL_GetTick
    stm32l0xx_hal_adc.o(i.ADC_Enable) refers to stm32l0xx_hal_adc.o(i.ADC_DelayMicroSecond) for ADC_DelayMicroSecond
    stm32l0xx_hal_adc.o(i.ADC_Enable) refers to stm32l0xx_hal.o(i.HAL_GetTick) for HAL_GetTick
    stm32l0xx_hal_adc.o(i.HAL_ADC_ConfigChannel) refers to stm32l0xx_hal_adc.o(i.ADC_DelayMicroSecond) for ADC_DelayMicroSecond
    stm32l0xx_hal_adc.o(i.HAL_ADC_DeInit) refers to stm32l0xx_hal_adc.o(i.ADC_ConversionStop) for ADC_ConversionStop
    stm32l0xx_hal_adc.o(i.HAL_ADC_DeInit) refers to stm32l0xx_hal_adc.o(i.ADC_Disable) for ADC_Disable
    stm32l0xx_hal_adc.o(i.HAL_ADC_DeInit) refers to adc.o(i.HAL_ADC_MspDeInit) for HAL_ADC_MspDeInit
    stm32l0xx_hal_adc.o(i.HAL_ADC_IRQHandler) refers to stm32l0xx_hal_adc.o(i.HAL_ADC_ConvCpltCallback) for HAL_ADC_ConvCpltCallback
    stm32l0xx_hal_adc.o(i.HAL_ADC_IRQHandler) refers to stm32l0xx_hal_adc.o(i.HAL_ADC_LevelOutOfWindowCallback) for HAL_ADC_LevelOutOfWindowCallback
    stm32l0xx_hal_adc.o(i.HAL_ADC_IRQHandler) refers to stm32l0xx_hal_adc.o(i.HAL_ADC_ErrorCallback) for HAL_ADC_ErrorCallback
    stm32l0xx_hal_adc.o(i.HAL_ADC_Init) refers to adc.o(i.HAL_ADC_MspInit) for HAL_ADC_MspInit
    stm32l0xx_hal_adc.o(i.HAL_ADC_PollForConversion) refers to stm32l0xx_hal.o(i.HAL_GetTick) for HAL_GetTick
[...]
    .text                                    0x0800011c   Section        0  idiv.o(.text)
    .text                                    0x08000144   Section        0  uldiv.o(.text)
    .text                                    0x080001a4   Section        0  memcpya.o(.text)
    .text                                    0x080001c8   Section        0  memseta.o(.text)
    .text                                    0x080001ec   Section        0  __0sscanf.o(.text)
    .text                                    0x08000228   Section        0  _scanf_int.o(.text)
    .text                                    0x08000372   Section        0  fadd.o(.text)
    .text                                    0x08000424   Section        0  fmul.o(.text)
    .text                                    0x0800049e   Section        0  fdiv.o(.text)
    .text                                    0x0800051a   Section        0  ffltui.o(.text)
    .text                                    0x08000528   Section        0  ffixui.o(.text)
    .text                                    0x08000550   Section        0  f2d.o(.text)
    .text                                    0x08000578   Section        0  llshl.o(.text)
    .text                                    0x08000598   Section        0  llushr.o(.text)
    .text                                    0x080005ba   Section        0  _chval.o(.text)
    .text                                    0x080005d8   Section        0  scanf_char.o(.text)
    _scanf_char_input                        0x080005d9   Thumb Code    12  scanf_char.o(.text)
    .text                                    0x08000604   Section        0  _sgetc.o(.text)
    .text                                    0x08000648   Section        0  iusefp.o(.text)
    .text                                    0x08000648   Section        0  fepilogue.o(.text)
    .text                                    0x080006cc   Section        0  dadd.o(.text)
    .text                                    0x08000830   Section        0  dmul.o(.text)
    .text                                    0x08000900   Section        0  ddiv.o(.text)
    .text                                    0x080009f0   Section        0  dfixul.o(.text)
    .text                                    0x08000a30   Section       40  cdrcmple.o(.text)
    .text                                    0x08000a58   Section       36  init.o(.text)
    .text                                    0x08000a7c   Section        0  llsshr.o(.text)
    .text                                    0x08000aa2   Section        0  isspace_c.o(.text)
    .text                                    0x08000ab0   Section        0  _scanf.o(.text)
    .text                                    0x08000de8   Section        0  depilogue.o(.text)
    .text                                    0x08000ea8   Section        0  ctype_c.o(.text)
    .text                                    0x08000ecc   Section        0  __dczerorl2.o(.text)
    i.ADC_ConversionStop                     0x08000f22   Section        0  stm32l0xx_hal_adc.o(i.ADC_ConversionStop)
    ADC_ConversionStop                       0x08000f23   Thumb Code   108  stm32l0xx_hal_adc.o(i.ADC_ConversionStop)
    i.ADC_DelayMicroSecond                   0x08000f90   Section        0  stm32l0xx_hal_adc.o(i.ADC_DelayMicroSecond)
    ADC_DelayMicroSecond                     0x08000f91   Thumb Code    34  stm32l0xx_hal_adc.o(i.ADC_DelayMicroSecond)
    i.ADC_Disable                            0x08000fbc   Section        0  stm32l0xx_hal_adc.o(i.ADC_Disable)
    ADC_Disable                              0x08000fbd   Thumb Code   156  stm32l0xx_hal_adc.o(i.ADC_Disable)
    i.ADC_Enable                             0x08001058   Section        0  stm32l0xx_hal_adc.o(i.ADC_Enable)
    ADC_Enable                               0x08001059   Thumb Code   160  stm32l0xx_hal_adc.o(i.ADC_Enable)
    i.AdcReadParameter                       0x080010fc   Section        0  adc.o(i.AdcReadParameter)
    i.BoardDeInitMcu                         0x08001188   Section        0  board.o(i.BoardDeInitMcu)
    i.BoardInitMcu                           0x080012e4   Section        0  board.o(i.BoardInitMcu)
    i.CalcCRC16                              0x08001414   Section        0  rs485.o(i.CalcCRC16)
    i.CalcCRC8                               0x08001460   Section        0  zeta.o(i.CalcCRC8)
    i.CheckBattery                           0x080014d8   Section        0  power.o(i.CheckBattery)
    i.EXTI0_1_IRQHandler                     0x080015d4   Section        0  gpio-board.o(i.EXTI0_1_IRQHandler)
    i.EXTI2_3_IRQHandler                     0x080015e4   Section        0  gpio-board.o(i.EXTI2_3_IRQHandler)
    i.EXTI4_15_IRQHandler                    0x080015f4   Section        0  gpio-board.o(i.EXTI4_15_IRQHandler)
    i.Error_Handler                          0x08001650   Section        0  main.o(i.Error_Handler)
    i.FIFO_UartEnableRxIT                    0x08001664   Section        0  fifo_uart.o(i.FIFO_UartEnableRxIT)
    i.FIFO_UartIRQ                           0x0800167c   Section        0  fifo_uart.o(i.FIFO_UartIRQ)
    i.FIFO_UartReadByte                      0x08001744   Section        0  fifo_uart.o(i.FIFO_UartReadByte)
    i.FIFO_UartVarInit                       0x0800179a   Section        0  fifo_uart.o(i.FIFO_UartVarInit)
    i.GetRs485Type                           0x080017cc   Section        0  sensor.o(i.GetRs485Type)
    i.HAL_ADCEx_Calibration_Start            0x080017e0   Section        0  stm32l0xx_hal_adc_ex.o(i.HAL_ADCEx_Calibration_Start)
    i.HAL_ADC_ConfigChannel                  0x080018b8   Section        0  stm32l0xx_hal_adc.o(i.HAL_ADC_ConfigChannel)
    i.HAL_ADC_GetState                       0x08001a00   Section        0  stm32l0xx_hal_adc.o(i.HAL_ADC_GetState)
    i.HAL_ADC_GetValue                       0x08001a06   Section        0  stm32l0xx_hal_adc.o(i.HAL_ADC_GetValue)
    i.HAL_ADC_Init                           0x08001a10   Section        0  stm32l0xx_hal_adc.o(i.HAL_ADC_Init)
    i.HAL_ADC_MspInit                        0x08001c44   Section        0  adc.o(i.HAL_ADC_MspInit)
    i.HAL_ADC_PollForConversion              0x08001c80   Section        0  stm32l0xx_hal_adc.o(i.HAL_ADC_PollForConversion)
    i.HAL_ADC_Start                          0x08001d68   Section        0  stm32l0xx_hal_adc.o(i.HAL_ADC_Start)
    i.HAL_ADC_Stop                           0x08001de0   Section        0  stm32l0xx_hal_adc.o(i.HAL_ADC_Stop)
    i.HAL_DMA_Abort_IT                       0x08001e30   Section        0  stm32l0xx_hal_dma.o(i.HAL_DMA_Abort_IT)
    i.HAL_Delay                              0x08001ee4   Section        0  stm32l0xx_hal.o(i.HAL_Delay)
    i.HAL_GPIO_DeInit                        0x08001f00   Section        0  stm32l0xx_hal_gpio.o(i.HAL_GPIO_DeInit)
    i.HAL_GPIO_EXTI_Callback                 0x08002028   Section        0  gpio-board.o(i.HAL_GPIO_EXTI_Callback)
    i.HAL_GPIO_EXTI_IRQHandler               0x08002044   Section        0  stm32l0xx_hal_gpio.o(i.HAL_GPIO_EXTI_IRQHandler)
    i.HAL_GPIO_Init                          0x08002064   Section        0  stm32l0xx_hal_gpio.o(i.HAL_GPIO_Init)
    i.HAL_GPIO_ReadPin                       0x0800225c   Section        0  stm32l0xx_hal_gpio.o(i.HAL_GPIO_ReadPin)
    i.HAL_GPIO_WritePin                      0x0800226e   Section        0  stm32l0xx_hal_gpio.o(i.HAL_GPIO_WritePin)
    i.HAL_GetTick                            0x0800227c   Section        0  stm32l0xx_hal.o(i.HAL_GetTick)
    i.HAL_IncTick                            0x08002288   Section        0  stm32l0xx_hal.o(i.HAL_IncTick)
    i.HAL_Init                               0x08002298   Section        0  stm32l0xx_hal.o(i.HAL_Init)
    i.HAL_InitTick                           0x080022b8   Section        0  stm32l0xx_hal.o(i.HAL_InitTick)
    i.HAL_MspInit                            0x080022e0   Section        0  stm32l0xx_hal.o(i.HAL_MspInit)
    i.HAL_NVIC_DisableIRQ                    0x080022e4   Section        0  stm32l0xx_hal_cortex.o(i.HAL_NVIC_DisableIRQ)
    i.HAL_NVIC_EnableIRQ                     0x080022fc   Section        0  stm32l0xx_hal_cortex.o(i.HAL_NVIC_EnableIRQ)
    i.HAL_NVIC_SetPriority                   0x08002314   Section        0  stm32l0xx_hal_cortex.o(i.HAL_NVIC_SetPriority)
    i.HAL_PWREx_EnableFastWakeUp             0x08002328   Section        0  stm32l0xx_hal_pwr_ex.o(i.HAL_PWREx_EnableFastWakeUp)
    i.HAL_PWREx_EnableUltraLowPower          0x0800233c   Section        0  stm32l0xx_hal_pwr_ex.o(i.HAL_PWREx_EnableUltraLowPower)
    i.HAL_PWR_DisablePVD                     0x08002350   Section        0  stm32l0xx_hal_pwr.o(i.HAL_PWR_DisablePVD)
    i.HAL_PWR_EnterSTOPMode                  0x08002364   Section        0  stm32l0xx_hal_pwr.o(i.HAL_PWR_EnterSTOPMode)
    i.HAL_RCCEx_GetPeriphCLKFreq             0x080023ac   Section        0  stm32l0xx_hal_rcc_ex.o(i.HAL_RCCEx_GetPeriphCLKFreq)
    i.HAL_RCCEx_PeriphCLKConfig              0x08002738   Section        0  stm32l0xx_hal_rcc_ex.o(i.HAL_RCCEx_PeriphCLKConfig)
    i.HAL_RCC_ClockConfig                    0x080029e4   Section        0  stm32l0xx_hal_rcc.o(i.HAL_RCC_ClockConfig)
    i.HAL_RCC_GetHCLKFreq                    0x08002bdc   Section        0  stm32l0xx_hal_rcc.o(i.HAL_RCC_GetHCLKFreq)
    i.HAL_RCC_GetPCLK1Freq                   0x08002be8   Section        0  stm32l0xx_hal_rcc.o(i.HAL_RCC_GetPCLK1Freq)
    i.HAL_RCC_GetPCLK2Freq                   0x08002c0c   Section        0  stm32l0xx_hal_rcc.o(i.HAL_RCC_GetPCLK2Freq)
    i.HAL_RCC_GetSysClockFreq                0x08002c30   Section        0  stm32l0xx_hal_rcc.o(i.HAL_RCC_GetSysClockFreq)
    i.HAL_RCC_OscConfig                      0x08002d14   Section        0  stm32l0xx_hal_rcc.o(i.HAL_RCC_OscConfig)
    i.HAL_RTCEx_AlarmBEventCallback          0x080033e8   Section        0  stm32l0xx_hal_rtc_ex.o(i.HAL_RTCEx_AlarmBEventCallback)
    i.HAL_RTCEx_BKUPRead                     0x080033ea   Section        0  stm32l0xx_hal_rtc_ex.o(i.HAL_RTCEx_BKUPRead)
    i.HAL_RTCEx_BKUPWrite                    0x080033fc   Section        0  stm32l0xx_hal_rtc_ex.o(i.HAL_RTCEx_BKUPWrite)
    i.HAL_RTCEx_DeactivateWakeUpTimer        0x0800340e   Section        0  stm32l0xx_hal_rtc_ex.o(i.HAL_RTCEx_DeactivateWakeUpTimer)
    i.HAL_RTC_AlarmAEventCallback            0x080034bc   Section        0  stm32l0xx_it.o(i.HAL_RTC_AlarmAEventCallback)
    i.HAL_RTC_AlarmIRQHandler                0x08003524   Section        0  stm32l0xx_hal_rtc.o(i.HAL_RTC_AlarmIRQHandler)
    i.HAL_RTC_DeactivateAlarm                0x080035ac   Section        0  stm32l0xx_hal_rtc.o(i.HAL_RTC_DeactivateAlarm)
    i.HAL_RTC_GetDate                        0x080036c0   Section        0  stm32l0xx_hal_rtc.o(i.HAL_RTC_GetDate)
    i.HAL_RTC_GetTime                        0x0800371c   Section        0  stm32l0xx_hal_rtc.o(i.HAL_RTC_GetTime)
    i.HAL_RTC_Init                           0x08003788   Section        0  stm32l0xx_hal_rtc.o(i.HAL_RTC_Init)
    i.HAL_RTC_MspInit                        0x08003870   Section        0  rtc-board.o(i.HAL_RTC_MspInit)
    i.HAL_RTC_SetAlarm_IT                    0x08003890   Section        0  stm32l0xx_hal_rtc.o(i.HAL_RTC_SetAlarm_IT)
    i.HAL_RTC_SetDate                        0x08003aec   Section        0  stm32l0xx_hal_rtc.o(i.HAL_RTC_SetDate)
    i.HAL_RTC_SetTime                        0x08003c1c   Section        0  stm32l0xx_hal_rtc.o(i.HAL_RTC_SetTime)
    i.HAL_RTC_WaitForSynchro                 0x08003d70   Section        0  stm32l0xx_hal_rtc.o(i.HAL_RTC_WaitForSynchro)
    i.HAL_ResumeTick                         0x08003dac   Section        0  stm32l0xx_hal.o(i.HAL_ResumeTick)
    i.HAL_SYSTICK_CLKSourceConfig            0x08003dc0   Section        0  stm32l0xx_hal_cortex.o(i.HAL_SYSTICK_CLKSourceConfig)
    i.HAL_SYSTICK_Callback                   0x08003de4   Section        0  stm32l0xx_hal_cortex.o(i.HAL_SYSTICK_Callback)
    i.HAL_SYSTICK_Config                     0x08003de8   Section        0  stm32l0xx_hal_cortex.o(i.HAL_SYSTICK_Config)
    i.HAL_SYSTICK_IRQHandler                 0x08003e20   Section        0  stm32l0xx_hal_cortex.o(i.HAL_SYSTICK_IRQHandler)
    i.HAL_SuspendTick                        0x08003e28   Section        0  stm32l0xx_hal.o(i.HAL_SuspendTick)
    i.HAL_UARTEx_WakeupCallback              0x08003e3c   Section        0  stm32l0xx_hal_uart_ex.o(i.HAL_UARTEx_WakeupCallback)
    i.HAL_UART_DeInit                        0x08003e3e   Section        0  stm32l0xx_hal_uart.o(i.HAL_UART_DeInit)
    i.HAL_UART_ErrorCallback                 0x08003e8a   Section        0  stm32l0xx_hal_uart.o(i.HAL_UART_ErrorCallback)
    i.HAL_UART_GetState                      0x08003e8c   Section        0  stm32l0xx_hal_uart.o(i.HAL_UART_GetState)
    i.HAL_UART_IRQHandler                    0x08003ea0   Section        0  stm32l0xx_hal_uart.o(i.HAL_UART_IRQHandler)
    i.HAL_UART_Init                          0x08004060   Section        0  stm32l0xx_hal_uart.o(i.HAL_UART_Init)
    i.HAL_UART_MspDeInit                     0x080040e4   Section        0  usart.o(i.HAL_UART_MspDeInit)
    i.HAL_UART_MspInit                       0x08004178   Section        0  usart.o(i.HAL_UART_MspInit)
    i.HAL_UART_Receive_IT                    0x08004238   Section        0  stm32l0xx_hal_uart.o(i.HAL_UART_Receive_IT)
    i.HAL_UART_RxCpltCallback                0x08004324   Section        0  usart.o(i.HAL_UART_RxCpltCallback)
    i.HAL_UART_Transmit                      0x08004374   Section        0  stm32l0xx_hal_uart.o(i.HAL_UART_Transmit)
    i.HAL_UART_TxCpltCallback                0x08004464   Section        0  stm32l0xx_hal_uart.o(i.HAL_UART_TxCpltCallback)
    i.HardFault_Handler                      0x08004468   Section        0  stm32l0xx_it.o(i.HardFault_Handler)
    i.InitUartFifo                           0x08004480   Section        0  usart.o(i.InitUartFifo)
    i.MX_ADC_Init                            0x080044b8   Section        0  adc.o(i.MX_ADC_Init)
    i.MX_USART1_UART_Init                    0x08004518   Section        0  usart.o(i.MX_USART1_UART_Init)
    i.MX_USART2_UART_Init                    0x0800455c   Section        0  usart.o(i.MX_USART2_UART_Init)
    i.MX_USART4_UART_Init                    0x080045bc   Section        0  usart.o(i.MX_USART4_UART_Init)
    i.NMI_Handler                            0x08004610   Section        0  stm32l0xx_it.o(i.NMI_Handler)
    i.NVIC_SetPriority                       0x08004614   Section        0  stm32l0xx_hal_cortex.o(i.NVIC_SetPriority)
    NVIC_SetPriority                         0x08004615   Thumb Code   110  stm32l0xx_hal_cortex.o(i.NVIC_SetPriority)
    i.OpenExpenBox                           0x0800468c   Section        0  sensor.o(i.OpenExpenBox)
    i.PendSV_Handler                         0x080046c4   Section        0  stm32l0xx_it.o(i.PendSV_Handler)
    i.RCC_SetFlashLatencyFromMSIRange        0x080046c8   Section        0  stm32l0xx_hal_rcc.o(i.RCC_SetFlashLatencyFromMSIRange)
    RCC_SetFlashLatencyFromMSIRange          0x080046c9   Thumb Code   138  stm32l0xx_hal_rcc.o(i.RCC_SetFlashLatencyFromMSIRange)
    i.RS485CmdPackage                        0x08004760   Section        0  sensor.o(i.RS485CmdPackage)
    i.RTC_Bcd2ToByte                         0x080047f8   Section        0  stm32l0xx_hal_rtc.o(i.RTC_Bcd2ToByte)
    i.RTC_ByteToBcd2                         0x08004812   Section        0  stm32l0xx_hal_rtc.o(i.RTC_ByteToBcd2)
    i.RTC_EnterInitMode                      0x0800482c   Section        0  stm32l0xx_hal_rtc.o(i.RTC_EnterInitMode)
    i.RTC_IRQHandler                         0x08004870   Section        0  stm32l0xx_it.o(i.RTC_IRQHandler)
    i.RTC_Init                               0x08004888   Section        0  rtc-board.o(i.RTC_Init)
    i.Rs485ClsoePin                          0x08004924   Section        0  rs485.o(i.Rs485ClsoePin)
    i.Rs485Cmd                               0x08004948   Section        0  rs485.o(i.Rs485Cmd)
    i.Rs485GetData                           0x080049e8   Section        0  rs485.o(i.Rs485GetData)
    i.Rs485Init                              0x08004a64   Section        0  rs485.o(i.Rs485Init)
    i.Rs485OpenPin                           0x08004ac4   Section        0  rs485.o(i.Rs485OpenPin)
    i.Rs485PinInit                           0x08004afc   Section        0  rs485.o(i.Rs485PinInit)
    i.Rs485Print                             0x08004b78   Section        0  rs485.o(i.Rs485Print)
    i.STMFLASH_Read                          0x08004bb0   Section        0  stmflash.o(i.STMFLASH_Read)
    i.SVC_Handler                            0x08004bca   Section        0  stm32l0xx_it.o(i.SVC_Handler)
    i.SensorDataProces                       0x08004bcc   Section        0  sensor.o(i.SensorDataProces)
    i.SensorExpBoxAddr                       0x08005234   Section        0  sensor.o(i.SensorExpBoxAddr)
    i.SensorExpenData                        0x08005598   Section        0  sensor.o(i.SensorExpenData)
    i.SensorExpendBoxLive                    0x0800585c   Section        0  sensor.o(i.SensorExpendBoxLive)
    i.SensorGetData                          0x080058b4   Section        0  sensor.o(i.SensorGetData)
    i.SensorHandle                           0x080058f0   Section        0  sensor.o(i.SensorHandle)
    i.SensorMaBoxData                        0x08005964   Section        0  sensor.o(i.SensorMaBoxData)
    i.SensorQueryPinStaus                    0x08005b04   Section        0  sensor.o(i.SensorQueryPinStaus)
    i.SensorQueryType                        0x08005b5c   Section        0  sensor.o(i.SensorQueryType)
    i.SensorsInit                            0x08005e08   Section        0  sensor.o(i.SensorsInit)
    i.SetRtcAlarm                            0x08005e70   Section        0  rtc-board.o(i.SetRtcAlarm)
    i.String_Conversion                      0x08005fc0   Section        0  user-app.o(i.String_Conversion)
    i.SysTick_Handler                        0x08005ffc   Section        0  stm32l0xx_it.o(i.SysTick_Handler)
    i.SystemClockConfig                      0x08006024   Section        0  board.o(i.SystemClockConfig)
    i.SystemClockReConfig                    0x080060d8   Section        0  board.o(i.SystemClockReConfig)
    i.SystemInit                             0x08006168   Section        0  system_stm32l0xx.o(i.SystemInit)
    i.UART_AdvFeatureConfig                  0x080061d0   Section        0  stm32l0xx_hal_uart.o(i.UART_AdvFeatureConfig)
    i.UART_CheckIdleState                    0x080062c0   Section        0  stm32l0xx_hal_uart.o(i.UART_CheckIdleState)
    i.UART_DMAAbortOnError                   0x08006334   Section        0  stm32l0xx_hal_uart.o(i.UART_DMAAbortOnError)
    UART_DMAAbortOnError                     0x08006335   Thumb Code    24  stm32l0xx_hal_uart.o(i.UART_DMAAbortOnError)
    i.UART_EndRxTransfer                     0x0800634c   Section        0  stm32l0xx_hal_uart.o(i.UART_EndRxTransfer)
    UART_EndRxTransfer                       0x0800634d   Thumb Code    34  stm32l0xx_hal_uart.o(i.UART_EndRxTransfer)
    i.UART_EndTransmit_IT                    0x0800636e   Section        0  stm32l0xx_hal_uart.o(i.UART_EndTransmit_IT)
    UART_EndTransmit_IT                      0x0800636f   Thumb Code    32  stm32l0xx_hal_uart.o(i.UART_EndTransmit_IT)
    i.UART_Receive_IT                        0x0800638e   Section        0  stm32l0xx_hal_uart.o(i.UART_Receive_IT)
    UART_Receive_IT                          0x0800638f   Thumb Code   144  stm32l0xx_hal_uart.o(i.UART_Receive_IT)
    i.UART_SetConfig                         0x08006420   Section        0  stm32l0xx_hal_uart.o(i.UART_SetConfig)
    i.UART_Transmit_IT                       0x08006810   Section        0  stm32l0xx_hal_uart.o(i.UART_Transmit_IT)
    UART_Transmit_IT                         0x08006811   Thumb Code   114  stm32l0xx_hal_uart.o(i.UART_Transmit_IT)
    i.UART_WaitOnFlagUntilTimeout            0x08006882   Section        0  stm32l0xx_hal_uart.o(i.UART_WaitOnFlagUntilTimeout)
    i.USART2_IRQHandler                      0x080068f4   Section        0  stm32l0xx_it.o(i.USART2_IRQHandler)
    i.USART4_5_IRQHandler                    0x0800694c   Section        0  stm32l0xx_it.o(i.USART4_5_IRQHandler)
    i.UartReadByte                           0x0800695c   Section        0  fifo_uart.o(i.UartReadByte)
    i.UartSendByte                           0x08006978   Section        0  fifo_uart.o(i.UartSendByte)
    i.UserGetAddID                           0x08006994   Section        0  user-app.o(i.UserGetAddID)
    i.UserIntoLowPower                       0x08006a18   Section        0  user-app.o(i.UserIntoLowPower)
    i.UserSend                               0x08006a50   Section        0  user-app.o(i.UserSend)
    i.UserZetaInit                           0x08006cf4   Section        0  user-app.o(i.UserZetaInit)
    i.WakeupZetaDisable                      0x08006d48   Section        0  zeta.o(i.WakeupZetaDisable)
    i.WakeupZetaEnable                       0x08006d6c   Section        0  zeta.o(i.WakeupZetaEnable)
    i.ZetaInit                               0x08006d90   Section        0  zeta.o(i.ZetaInit)
    i.ZetaInterrupt                          0x08006e44   Section        0  zeta.o(i.ZetaInterrupt)
    i.ZetaRecv                               0x08006e6c   Section        0  zeta.o(i.ZetaRecv)
    i.ZetaSend                               0x0800702c   Section        0  zeta.o(i.ZetaSend)
    i.ZetaStatus                             0x08007050   Section        0  zeta.o(i.ZetaStatus)
    i._12VPowerOff                           0x08007064   Section        0  rs485.o(i._12VPowerOff)
    i._12VPowerOn                            0x08007084   Section        0  rs485.o(i._12VPowerOn)
    i.__0printf                              0x080070a0   Section        0  printfa.o(i.__0printf)
    i.__ARM_clz                              0x080070c0   Section        0  depilogue.o(i.__ARM_clz)
    i.__ARM_common_ll_muluu                  0x080070ee   Section        0  stm32l0xx_hal_uart.o(i.__ARM_common_ll_muluu)
    i.__scatterload_copy                     0x0800711e   Section       14  handlers.o(i.__scatterload_copy)
    i.__scatterload_null                     0x0800712c   Section        2  handlers.o(i.__scatterload_null)
    i.__scatterload_zeroinit                 0x0800712e   Section       14  handlers.o(i.__scatterload_zeroinit)
    i.__set_PRIMASK                          0x0800713c   Section        0  fifo_uart.o(i.__set_PRIMASK)
    __set_PRIMASK                            0x0800713d   Thumb Code     6  fifo_uart.o(i.__set_PRIMASK)
    i._fp_digits                             0x08007144   Section        0  printfa.o(i._fp_digits)
    _fp_digits                               0x08007145   Thumb Code   316  printfa.o(i._fp_digits)
    i._printf_core                           0x0800729c   Section        0  printfa.o(i._printf_core)
    _printf_core                             0x0800729d   Thumb Code  1754  printfa.o(i._printf_core)
    i._printf_post_padding                   0x08007988   Section        0  printfa.o(i._printf_post_padding)
    _printf_post_padding                     0x08007989   Thumb Code    32  printfa.o(i._printf_post_padding)
    i._printf_pre_padding                    0x080079a8   Section        0  printfa.o(i._printf_pre_padding)
    _printf_pre_padding                      0x080079a9   Thumb Code    44  printfa.o(i._printf_pre_padding)
    i.delay_init                             0x080079d4   Section        0  delay.o(i.delay_init)
    i.fputc                                  0x080079e8   Section        0  usart.o(i.fputc)
    i.free                                   0x08007a04   Section        0  malloc.o(i.free)
    i.main                                   0x08007a58   Section        0  main.o(i.main)
    i.malloc                                 0x08007ab8   Section        0  malloc.o(i.malloc)
    i.memcpy1                                0x08007b24   Section        0  sensor.o(i.memcpy1)
    .constdata                               0x08007b3c   Section       33  system_stm32l0xx.o(.constdata)
    .constdata                               0x08007b5d   Section       46  stm32l0xx_it.o(.constdata)
    __func__                                 0x08007b5d   Data          18  stm32l0xx_it.o(.constdata)
    __func__                                 0x08007b6f   Data          28  stm32l0xx_it.o(.constdata)
    .constdata                               0x08007b8b   Section       14  zeta.o(.constdata)
    __func__                                 0x08007b8b   Data          14  zeta.o(.constdata)
    .constdata                               0x08007b99   Section       64  ctype_c.o(.constdata)
    .conststring                             0x08007bdc   Section     2007  sensor.o(.conststring)
    .data                                    0x20000000   Section        4  system_stm32l0xx.o(.data)
    .data                                    0x20000004   Section        4  stm32l0xx_hal.o(.data)
    .data                                    0x20000008   Section        4  delay.o(.data)
    fac_us                                   0x20000008   Data           4  delay.o(.data)
    .data                                    0x2000000c   Section        1  board.o(.data)
    .data                                    0x20000010   Section     1400  sensor.o(.data)
    .data                                    0x20000588   Section        8  stm32l0xx_it.o(.data)
    .data                                    0x20000590   Section       64  user-app.o(.data)
    DevTemp                                  0x200005c8   Data           8  user-app.o(.data)
    .data                                    0x200005d0   Section       32  zeta.o(.data)
    .data                                    0x200005f0   Section        4  stdout.o(.data)
    .data                                    0x200005f4   Section        4  mvars.o(.data)
    .data                                    0x200005f8   Section        4  mvars.o(.data)
    .bss                                     0x200005fc   Section     1180  usart.o(.bss)
    .bss                                     0x20000a98   Section       36  rtc-board.o(.bss)
    .bss                                     0x20000abc   Section       96  adc.o(.bss)
    .bss                                     0x20000b1c   Section       56  rs485.o(.bss)
    .bss                                     0x20000b54   Section     4240  sensor.o(.bss)
    .bss                                     0x20001be4   Section       33  user-app.o(.bss)
    String_Buffer                            0x20001be4   Data          33  user-app.o(.bss)
    .bss                                     0x20001c08   Section       44  zeta.o(.bss)
    HEAP                                     0x20001c38   Section      512  startup_stm32l073xx.o(HEAP)
    STACK                                    0x20001e38   Section     1024  startup_stm32l073xx.o(STACK)

    Global Symbols

    Symbol Name                              Value     Ov Type        Size  Object(Section)

    BuildAttributes$$THM_ISAv3M$S$PE$A:L22$X:L11$S22$IEEE1$IW$USESV6$~STKCKD$USESV7$~SHL$OTIME$ROPI$EBA8$MICROLIB$REQ8$PRES8$EABIv2 0x00000000   Number         0  anon$$obj.o ABSOLUTE
    __ARM_use_no_argv                        0x00000000   Number         0  main.o ABSOLUTE
    _printf_a                                0x00000000   Number         0  stubs.o ABSOLUTE
    _printf_c                                0x00000000   Number         0  stubs.o ABSOLUTE
    _printf_charcount                        0x00000000   Number         0  stubs.o ABSOLUTE
    _printf_d                                0x00000000   Number         0  stubs.o ABSOLUTE
    _printf_e                                0x00000000   Number         0  stubs.o ABSOLUTE
    _printf_f                                0x00000000   Number         0  stubs.o ABSOLUTE
    _printf_flags                            0x00000000   Number         0  stubs.o ABSOLUTE
    _printf_fp_dec                           0x00000000   Number         0  stubs.o ABSOLUTE
    _printf_fp_hex                           0x00000000   Number         0  stubs.o ABSOLUTE
    _printf_g                                0x00000000   Number         0  stubs.o ABSOLUTE
    _printf_i                                0x00000000   Number         0  stubs.o ABSOLUTE
    _printf_int_dec                          0x00000000   Number         0  stubs.o ABSOLUTE
    _printf_l                                0x00000000   Number         0  stubs.o ABSOLUTE
    _printf_lc                               0x00000000   Number         0  stubs.o ABSOLUTE
    _printf_ll                               0x00000000   Number         0  stubs.o ABSOLUTE
    _printf_lld                              0x00000000   Number         0  stubs.o ABSOLUTE
    _printf_lli                              0x00000000   Number         0  stubs.o ABSOLUTE
    _printf_llo                              0x00000000   Number         0  stubs.o ABSOLUTE
    _printf_llu                              0x00000000   Number         0  stubs.o ABSOLUTE
    _printf_llx                              0x00000000   Number         0  stubs.o ABSOLUTE
    _printf_longlong_dec                     0x00000000   Number         0  stubs.o ABSOLUTE
    _printf_longlong_hex                     0x00000000   Number         0  stubs.o ABSOLUTE
    _printf_longlong_oct                     0x00000000   Number         0  stubs.o ABSOLUTE
    _printf_ls                               0x00000000   Number         0  stubs.o ABSOLUTE
    _printf_mbtowc                           0x00000000   Number         0  stubs.o ABSOLUTE
    _printf_n                                0x00000000   Number         0  stubs.o ABSOLUTE
    _printf_o                                0x00000000   Number         0  stubs.o ABSOLUTE
    _printf_p                                0x00000000   Number         0  stubs.o ABSOLUTE
    _printf_percent                          0x00000000   Number         0  stubs.o ABSOLUTE
    _printf_pre_padding                      0x00000000   Number         0  stubs.o ABSOLUTE
    _printf_return_value                     0x00000000   Number         0  stubs.o ABSOLUTE
    _printf_s                                0x00000000   Number         0  stubs.o ABSOLUTE
    _printf_sizespec                         0x00000000   Number         0  stubs.o ABSOLUTE
    _printf_str                              0x00000000   Number         0  stubs.o ABSOLUTE
    _printf_truncate_signed                  0x00000000   Number         0  stubs.o ABSOLUTE
    _printf_truncate_unsigned                0x00000000   Number         0  stubs.o ABSOLUTE
    _printf_u                                0x00000000   Number         0  stubs.o ABSOLUTE
    _printf_wc                               0x00000000   Number         0  stubs.o ABSOLUTE
    _printf_wctomb                           0x00000000   Number         0  stubs.o ABSOLUTE
    _printf_widthprec                        0x00000000   Number         0  stubs.o ABSOLUTE
    _printf_x                                0x00000000   Number         0  stubs.o ABSOLUTE
    __cpp_initialize__aeabi_                  - Undefined Weak Reference
    __cxa_finalize                            - Undefined Weak Reference
    _clock_init                               - Undefined Weak Reference
    _microlib_exit                            - Undefined Weak Reference
    _scanf_longlong                           - Undefined Weak Reference
    _scanf_real                               - Undefined Weak Reference
    _scanf_string                             - Undefined Weak Reference
    __Vectors_Size                           0x000000c0   Number         0  startup_stm32l073xx.o ABSOLUTE
    __Vectors                                0x08000000   Data           4  startup_stm32l073xx.o(RESET)
    __Vectors_End                            0x080000c0   Data           0  startup_stm32l073xx.o(RESET)
    __main                                   0x080000c1   Thumb Code     0  entry.o(.ARM.Collect$$$$00000000)
    _main_stk                                0x080000c1   Thumb Code     0  entry2.o(.ARM.Collect$$$$00000001)
    _main_scatterload                        0x080000c5   Thumb Code     0  entry5.o(.ARM.Collect$$$$00000004)
    __main_after_scatterload                 0x080000c9   Thumb Code     0  entry5.o(.ARM.Collect$$$$00000004)
    _main_clock                              0x080000c9   Thumb Code     0  entry7b.o(.ARM.Collect$$$$00000008)
    _main_cpp_init                           0x080000c9   Thumb Code     0  entry8b.o(.ARM.Collect$$$$0000000A)
    _main_init                               0x080000c9   Thumb Code     0  entry9a.o(.ARM.Collect$$$$0000000B)
    __rt_final_cpp                           0x080000d1   Thumb Code     0  entry10a.o(.ARM.Collect$$$$0000000D)
    __rt_final_exit                          0x080000d1   Thumb Code     0  entry11a.o(.ARM.Collect$$$$0000000F)
    Reset_Handler                            0x080000d5   Thumb Code     8  startup_stm32l073xx.o(.text)
    ADC1_COMP_IRQHandler                     0x080000e7   Thumb Code     0  startup_stm32l073xx.o(.text)
    DMA1_Channel1_IRQHandler                 0x080000e7   Thumb Code     0  startup_stm32l073xx.o(.text)
    DMA1_Channel2_3_IRQHandler               0x080000e7   Thumb Code     0  startup_stm32l073xx.o(.text)
    DMA1_Channel4_5_6_7_IRQHandler           0x080000e7   Thumb Code     0  startup_stm32l073xx.o(.text)
    FLASH_IRQHandler                         0x080000e7   Thumb Code     0  startup_stm32l073xx.o(.text)
    I2C1_IRQHandler                          0x080000e7   Thumb Code     0  startup_stm32l073xx.o(.text)
    I2C2_IRQHandler                          0x080000e7   Thumb Code     0  startup_stm32l073xx.o(.text)
    I2C3_IRQHandler                          0x080000e7   Thumb Code     0  startup_stm32l073xx.o(.text)
    LCD_IRQHandler                           0x080000e7   Thumb Code     0  startup_stm32l073xx.o(.text)
    LPTIM1_IRQHandler                        0x080000e7   Thumb Code     0  startup_stm32l073xx.o(.text)
    PVD_IRQHandler                           0x080000e7   Thumb Code     0  startup_stm32l073xx.o(.text)
    RCC_CRS_IRQHandler                       0x080000e7   Thumb Code     0  startup_stm32l073xx.o(.text)
    RNG_LPUART1_IRQHandler                   0x080000e7   Thumb Code     0  startup_stm32l073xx.o(.text)
    SPI1_IRQHandler                          0x080000e7   Thumb Code     0  startup_stm32l073xx.o(.text)
    SPI2_IRQHandler                          0x080000e7   Thumb Code     0  startup_stm32l073xx.o(.text)
    TIM21_IRQHandler                         0x080000e7   Thumb Code     0  startup_stm32l073xx.o(.text)
    TIM22_IRQHandler                         0x080000e7   Thumb Code     0  startup_stm32l073xx.o(.text)
    TIM2_IRQHandler                          0x080000e7   Thumb Code     0  startup_stm32l073xx.o(.text)
    TIM3_IRQHandler                          0x080000e7   Thumb Code     0  startup_stm32l073xx.o(.text)
    TIM6_DAC_IRQHandler                      0x080000e7   Thumb Code     0  startup_stm32l073xx.o(.text)
    TIM7_IRQHandler                          0x080000e7   Thumb Code     0  startup_stm32l073xx.o(.text)
    TSC_IRQHandler                           0x080000e7   Thumb Code     0  startup_stm32l073xx.o(.text)
    USART1_IRQHandler                        0x080000e7   Thumb Code     0  startup_stm32l073xx.o(.text)
    USB_IRQHandler                           0x080000e7   Thumb Code     0  startup_stm32l073xx.o(.text)
    WWDG_IRQHandler                          0x080000e7   Thumb Code     0  startup_stm32l073xx.o(.text)
    __aeabi_uidiv                            0x080000f1   Thumb Code     0  uidiv.o(.text)
    __aeabi_uidivmod                         0x080000f1   Thumb Code    44  uidiv.o(.text)
    __aeabi_idiv                             0x0800011d   Thumb Code     0  idiv.o(.text)
    __aeabi_idivmod                          0x0800011d   Thumb Code    40  idiv.o(.text)
    __aeabi_uldivmod                         0x08000145   Thumb Code    96  uldiv.o(.text)
    __aeabi_memcpy                           0x080001a5   Thumb Code    36  memcpya.o(.text)
    __aeabi_memcpy4                          0x080001a5   Thumb Code     0  memcpya.o(.text)
    __aeabi_memcpy8                          0x080001a5   Thumb Code     0  memcpya.o(.text)
    __aeabi_memset                           0x080001c9   Thumb Code    14  memseta.o(.text)
    __aeabi_memset4                          0x080001c9   Thumb Code     0  memseta.o(.text)
    __aeabi_memset8                          0x080001c9   Thumb Code     0  memseta.o(.text)
    __aeabi_memclr                           0x080001d7   Thumb Code     4  memseta.o(.text)
    __aeabi_memclr4                          0x080001d7   Thumb Code     0  memseta.o(.text)
    __aeabi_memclr8                          0x080001d7   Thumb Code     0  memseta.o(.text)
    _memset$wrapper                          0x080001db   Thumb Code    18  memseta.o(.text)
    __0sscanf                                0x080001ed   Thumb Code    50  __0sscanf.o(.text)
    _scanf_int                               0x08000229   Thumb Code   330  _scanf_int.o(.text)
    __aeabi_fadd                             0x08000373   Thumb Code   162  fadd.o(.text)
    __aeabi_fsub                             0x08000415   Thumb Code     8  fadd.o(.text)
    __aeabi_frsub                            0x0800041d   Thumb Code     8  fadd.o(.text)
    __aeabi_fmul                             0x08000425   Thumb Code   122  fmul.o(.text)
    __aeabi_fdiv                             0x0800049f   Thumb Code   124  fdiv.o(.text)
    __aeabi_ui2f                             0x0800051b   Thumb Code    14  ffltui.o(.text)
    __aeabi_f2uiz                            0x08000529   Thumb Code    40  ffixui.o(.text)
    __aeabi_f2d                              0x08000551   Thumb Code    40  f2d.o(.text)
    __aeabi_llsl                             0x08000579   Thumb Code    32  llshl.o(.text)
    _ll_shift_l                              0x08000579   Thumb Code     0  llshl.o(.text)
    __aeabi_llsr                             0x08000599   Thumb Code    34  llushr.o(.text)
    _ll_ushift_r                             0x08000599   Thumb Code     0  llushr.o(.text)
    _chval                                   0x080005bb   Thumb Code    30  _chval.o(.text)
    __vfscanf_char                           0x080005e5   Thumb Code    24  scanf_char.o(.text)
    _sgetc                                   0x08000605   Thumb Code    32  _sgetc.o(.text)
    _sbackspace                              0x08000625   Thumb Code    36  _sgetc.o(.text)
    __I$use$fp                               0x08000649   Thumb Code     0  iusefp.o(.text)
    _float_round                             0x08000649   Thumb Code    16  fepilogue.o(.text)
    _float_epilogue                          0x08000659   Thumb Code   114  fepilogue.o(.text)
    __aeabi_dadd                             0x080006cd   Thumb Code   328  dadd.o(.text)
    __aeabi_dsub                             0x08000815   Thumb Code    12  dadd.o(.text)
    __aeabi_drsub                            0x08000821   Thumb Code    12  dadd.o(.text)
    __aeabi_dmul                             0x08000831   Thumb Code   202  dmul.o(.text)
    __aeabi_ddiv                             0x08000901   Thumb Code   234  ddiv.o(.text)
    __aeabi_d2ulz                            0x080009f1   Thumb Code    54  dfixul.o(.text)
    __aeabi_cdrcmple                         0x08000a31   Thumb Code    38  cdrcmple.o(.text)
    __scatterload                            0x08000a59   Thumb Code    28  init.o(.text)
    __scatterload_rt2                        0x08000a59   Thumb Code     0  init.o(.text)
    __aeabi_lasr                             0x08000a7d   Thumb Code    38  llsshr.o(.text)
    _ll_sshift_r                             0x08000a7d   Thumb Code     0  llsshr.o(.text)
    isspace                                  0x08000aa3   Thumb Code    14  isspace_c.o(.text)
    __vfscanf                                0x08000ab1   Thumb Code   812  _scanf.o(.text)
    _double_round                            0x08000de9   Thumb Code    26  depilogue.o(.text)
    _double_epilogue                         0x08000e03   Thumb Code   164  depilogue.o(.text)
    __ctype_lookup                           0x08000ea9   Thumb Code    32  ctype_c.o(.text)
    __decompress                             0x08000ecd   Thumb Code     0  __dczerorl2.o(.text)
    __decompress1                            0x08000ecd   Thumb Code    86  __dczerorl2.o(.text)
    AdcReadParameter                         0x080010fd   Thumb Code   130  adc.o(i.AdcReadParameter)
    BoardDeInitMcu                           0x08001189   Thumb Code   306  board.o(i.BoardDeInitMcu)
    BoardInitMcu                             0x080012e5   Thumb Code   296  board.o(i.BoardInitMcu)
    CalcCRC16                                0x08001415   Thumb Code    68  rs485.o(i.CalcCRC16)
    CalcCRC8                                 0x08001461   Thumb Code    74  zeta.o(i.CalcCRC8)
    CheckBattery                             0x080014d9   Thumb Code   174  power.o(i.CheckBattery)
    EXTI0_1_IRQHandler                       0x080015d5   Thumb Code    16  gpio-board.o(i.EXTI0_1_IRQHandler)
    EXTI2_3_IRQHandler                       0x080015e5   Thumb Code    16  gpio-board.o(i.EXTI2_3_IRQHandler)
    EXTI4_15_IRQHandler                      0x080015f5   Thumb Code    92  gpio-board.o(i.EXTI4_15_IRQHandler)
    Error_Handler                            0x08001651   Thumb Code    10  main.o(i.Error_Handler)
    FIFO_UartEnableRxIT                      0x08001665   Thumb Code    24  fifo_uart.o(i.FIFO_UartEnableRxIT)
    FIFO_UartIRQ                             0x0800167d   Thumb Code   200  fifo_uart.o(i.FIFO_UartIRQ)
    FIFO_UartReadByte                        0x08001745   Thumb Code    86  fifo_uart.o(i.FIFO_UartReadByte)
    FIFO_UartVarInit                         0x0800179b   Thumb Code    50  fifo_uart.o(i.FIFO_UartVarInit)
    GetRs485Type                             0x080017cd   Thumb Code    12  sensor.o(i.GetRs485Type)
    HAL_ADCEx_Calibration_Start              0x080017e1   Thumb Code   216  stm32l0xx_hal_adc_ex.o(i.HAL_ADCEx_Calibration_Start)
    HAL_ADC_ConfigChannel                    0x080018b9   Thumb Code   306  stm32l0xx_hal_adc.o(i.HAL_ADC_ConfigChannel)
    HAL_ADC_GetState                         0x08001a01   Thumb Code     6  stm32l0xx_hal_adc.o(i.HAL_ADC_GetState)
    HAL_ADC_GetValue                         0x08001a07   Thumb Code     8  stm32l0xx_hal_adc.o(i.HAL_ADC_GetValue)
    HAL_ADC_Init                             0x08001a11   Thumb Code   554  stm32l0xx_hal_adc.o(i.HAL_ADC_Init)
    HAL_ADC_MspInit                          0x08001c45   Thumb Code    52  adc.o(i.HAL_ADC_MspInit)
    HAL_ADC_PollForConversion                0x08001c81   Thumb Code   232  stm32l0xx_hal_adc.o(i.HAL_ADC_PollForConversion)
    HAL_ADC_Start                            0x08001d69   Thumb Code   114  stm32l0xx_hal_adc.o(i.HAL_ADC_Start)
    HAL_ADC_Stop                             0x08001de1   Thumb Code    80  stm32l0xx_hal_adc.o(i.HAL_ADC_Stop)
    HAL_DMA_Abort_IT                         0x08001e31   Thumb Code   174  stm32l0xx_hal_dma.o(i.HAL_DMA_Abort_IT)
    HAL_Delay                                0x08001ee5   Thumb Code    26  stm32l0xx_hal.o(i.HAL_Delay)
    HAL_GPIO_DeInit                          0x08001f01   Thumb Code   266  stm32l0xx_hal_gpio.o(i.HAL_GPIO_DeInit)
    HAL_GPIO_EXTI_Callback                   0x08002029   Thumb Code    22  gpio-board.o(i.HAL_GPIO_EXTI_Callback)
    HAL_GPIO_EXTI_IRQHandler                 0x08002045   Thumb Code    26  stm32l0xx_hal_gpio.o(i.HAL_GPIO_EXTI_IRQHandler)
    HAL_GPIO_Init                            0x08002065   Thumb Code   472  stm32l0xx_hal_gpio.o(i.HAL_GPIO_Init)
    HAL_GPIO_ReadPin                         0x0800225d   Thumb Code    18  stm32l0xx_hal_gpio.o(i.HAL_GPIO_ReadPin)
    HAL_GPIO_WritePin                        0x0800226f   Thumb Code    12  stm32l0xx_hal_gpio.o(i.HAL_GPIO_WritePin)
    HAL_GetTick                              0x0800227d   Thumb Code     6  stm32l0xx_hal.o(i.HAL_GetTick)
    HAL_IncTick                              0x08002289   Thumb Code    12  stm32l0xx_hal.o(i.HAL_IncTick)
    HAL_Init                                 0x08002299   Thumb Code    28  stm32l0xx_hal.o(i.HAL_Init)
    HAL_InitTick                             0x080022b9   Thumb Code    36  stm32l0xx_hal.o(i.HAL_InitTick)
    HAL_MspInit                              0x080022e1   Thumb Code     2  stm32l0xx_hal.o(i.HAL_MspInit)
    HAL_NVIC_DisableIRQ                      0x080022e5   Thumb Code    18  stm32l0xx_hal_cortex.o(i.HAL_NVIC_DisableIRQ)
    HAL_NVIC_EnableIRQ                       0x080022fd   Thumb Code    18  stm32l0xx_hal_cortex.o(i.HAL_NVIC_EnableIRQ)
    HAL_NVIC_SetPriority                     0x08002315   Thumb Code    18  stm32l0xx_hal_cortex.o(i.HAL_NVIC_SetPriority)
    HAL_PWREx_EnableFastWakeUp               0x08002329   Thumb Code    16  stm32l0xx_hal_pwr_ex.o(i.HAL_PWREx_EnableFastWakeUp)
    HAL_PWREx_EnableUltraLowPower            0x0800233d   Thumb Code    16  stm32l0xx_hal_pwr_ex.o(i.HAL_PWREx_EnableUltraLowPower)
    HAL_PWR_DisablePVD                       0x08002351   Thumb Code    14  stm32l0xx_hal_pwr.o(i.HAL_PWR_DisablePVD)
    HAL_PWR_EnterSTOPMode                    0x08002365   Thumb Code    64  stm32l0xx_hal_pwr.o(i.HAL_PWR_EnterSTOPMode)
    HAL_RCCEx_GetPeriphCLKFreq               0x080023ad   Thumb Code   866  stm32l0xx_hal_rcc_ex.o(i.HAL_RCCEx_GetPeriphCLKFreq)
    HAL_RCCEx_PeriphCLKConfig                0x08002739   Thumb Code   672  stm32l0xx_hal_rcc_ex.o(i.HAL_RCCEx_PeriphCLKConfig)
    HAL_RCC_ClockConfig                      0x080029e5   Thumb Code   482  stm32l0xx_hal_rcc.o(i.HAL_RCC_ClockConfig)
    HAL_RCC_GetHCLKFreq                      0x08002bdd   Thumb Code     6  stm32l0xx_hal_rcc.o(i.HAL_RCC_GetHCLKFreq)
    HAL_RCC_GetPCLK1Freq                     0x08002be9   Thumb Code    26  stm32l0xx_hal_rcc.o(i.HAL_RCC_GetPCLK1Freq)
    HAL_RCC_GetPCLK2Freq                     0x08002c0d   Thumb Code    26  stm32l0xx_hal_rcc.o(i.HAL_RCC_GetPCLK2Freq)
    HAL_RCC_GetSysClockFreq                  0x08002c31   Thumb Code   206  stm32l0xx_hal_rcc.o(i.HAL_RCC_GetSysClockFreq)
    HAL_RCC_OscConfig                        0x08002d15   Thumb Code  1732  stm32l0xx_hal_rcc.o(i.HAL_RCC_OscConfig)
    HAL_RTCEx_AlarmBEventCallback            0x080033e9   Thumb Code     2  stm32l0xx_hal_rtc_ex.o(i.HAL_RTCEx_AlarmBEventCallback)
    HAL_RTCEx_BKUPRead                       0x080033eb   Thumb Code    18  stm32l0xx_hal_rtc_ex.o(i.HAL_RTCEx_BKUPRead)
    HAL_RTCEx_BKUPWrite                      0x080033fd   Thumb Code    18  stm32l0xx_hal_rtc_ex.o(i.HAL_RTCEx_BKUPWrite)
    HAL_RTCEx_DeactivateWakeUpTimer          0x0800340f   Thumb Code   174  stm32l0xx_hal_rtc_ex.o(i.HAL_RTCEx_DeactivateWakeUpTimer)
    HAL_RTC_AlarmAEventCallback              0x080034bd   Thumb Code    70  stm32l0xx_it.o(i.HAL_RTC_AlarmAEventCallback)
    HAL_RTC_AlarmIRQHandler                  0x08003525   Thumb Code   124  stm32l0xx_hal_rtc.o(i.HAL_RTC_AlarmIRQHandler)
    HAL_RTC_DeactivateAlarm                  0x080035ad   Thumb Code   274  stm32l0xx_hal_rtc.o(i.HAL_RTC_DeactivateAlarm)
    HAL_RTC_GetDate                          0x080036c1   Thumb Code    88  stm32l0xx_hal_rtc.o(i.HAL_RTC_GetDate)
    HAL_RTC_GetTime                          0x0800371d   Thumb Code   104  stm32l0xx_hal_rtc.o(i.HAL_RTC_GetTime)
    HAL_RTC_Init                             0x08003789   Thumb Code   202  stm32l0xx_hal_rtc.o(i.HAL_RTC_Init)
    HAL_RTC_MspInit                          0x08003871   Thumb Code    24  rtc-board.o(i.HAL_RTC_MspInit)
    HAL_RTC_SetAlarm_IT                      0x08003891   Thumb Code   590  stm32l0xx_hal_rtc.o(i.HAL_RTC_SetAlarm_IT)
    HAL_RTC_SetDate                          0x08003aed   Thumb Code   298  stm32l0xx_hal_rtc.o(i.HAL_RTC_SetDate)
    HAL_RTC_SetTime                          0x08003c1d   Thumb Code   336  stm32l0xx_hal_rtc.o(i.HAL_RTC_SetTime)
    HAL_RTC_WaitForSynchro                   0x08003d71   Thumb Code    60  stm32l0xx_hal_rtc.o(i.HAL_RTC_WaitForSynchro)
    HAL_ResumeTick                           0x08003dad   Thumb Code    14  stm32l0xx_hal.o(i.HAL_ResumeTick)
    HAL_SYSTICK_CLKSourceConfig              0x08003dc1   Thumb Code    32  stm32l0xx_hal_cortex.o(i.HAL_SYSTICK_CLKSourceConfig)
    HAL_SYSTICK_Callback                     0x08003de5   Thumb Code     2  stm32l0xx_hal_cortex.o(i.HAL_SYSTICK_Callback)
    HAL_SYSTICK_Config                       0x08003de9   Thumb Code    46  stm32l0xx_hal_cortex.o(i.HAL_SYSTICK_Config)
    HAL_SYSTICK_IRQHandler                   0x08003e21   Thumb Code     8  stm32l0xx_hal_cortex.o(i.HAL_SYSTICK_IRQHandler)
    HAL_SuspendTick                          0x08003e29   Thumb Code    14  stm32l0xx_hal.o(i.HAL_SuspendTick)
    HAL_UARTEx_WakeupCallback                0x08003e3d   Thumb Code     2  stm32l0xx_hal_uart_ex.o(i.HAL_UARTEx_WakeupCallback)
    HAL_UART_DeInit                          0x08003e3f   Thumb Code    76  stm32l0xx_hal_uart.o(i.HAL_UART_DeInit)
    HAL_UART_ErrorCallback                   0x08003e8b   Thumb Code     2  stm32l0xx_hal_uart.o(i.HAL_UART_ErrorCallback)
    HAL_UART_GetState                        0x08003e8d   Thumb Code    20  stm32l0xx_hal_uart.o(i.HAL_UART_GetState)
    HAL_UART_IRQHandler                      0x08003ea1   Thumb Code   444  stm32l0xx_hal_uart.o(i.HAL_UART_IRQHandler)
    HAL_UART_Init                            0x08004061   Thumb Code   130  stm32l0xx_hal_uart.o(i.HAL_UART_Init)
    HAL_UART_MspDeInit                       0x080040e5   Thumb Code   126  usart.o(i.HAL_UART_MspDeInit)
    HAL_UART_MspInit                         0x08004179   Thumb Code   172  usart.o(i.HAL_UART_MspInit)
    HAL_UART_Receive_IT                      0x08004239   Thumb Code   230  stm32l0xx_hal_uart.o(i.HAL_UART_Receive_IT)
    HAL_UART_RxCpltCallback                  0x08004325   Thumb Code    68  usart.o(i.HAL_UART_RxCpltCallback)
    HAL_UART_Transmit                        0x08004375   Thumb Code   240  stm32l0xx_hal_uart.o(i.HAL_UART_Transmit)
    HAL_UART_TxCpltCallback                  0x08004465   Thumb Code     2  stm32l0xx_hal_uart.o(i.HAL_UART_TxCpltCallback)
    HardFault_Handler                        0x08004469   Thumb Code    12  stm32l0xx_it.o(i.HardFault_Handler)
    InitUartFifo                             0x08004481   Thumb Code    40  usart.o(i.InitUartFifo)
    MX_ADC_Init                              0x080044b9   Thumb Code    88  adc.o(i.MX_ADC_Init)
    MX_USART1_UART_Init                      0x08004519   Thumb Code    58  usart.o(i.MX_USART1_UART_Init)
    MX_USART2_UART_Init                      0x0800455d   Thumb Code    84  usart.o(i.MX_USART2_UART_Init)
    MX_USART4_UART_Init                      0x080045bd   Thumb Code    74  usart.o(i.MX_USART4_UART_Init)
    NMI_Handler                              0x08004611   Thumb Code     2  stm32l0xx_it.o(i.NMI_Handler)
    OpenExpenBox                             0x0800468d   Thumb Code    46  sensor.o(i.OpenExpenBox)
    PendSV_Handler                           0x080046c5   Thumb Code     2  stm32l0xx_it.o(i.PendSV_Handler)
    RS485CmdPackage                          0x08004761   Thumb Code   148  sensor.o(i.RS485CmdPackage)
    RTC_Bcd2ToByte                           0x080047f9   Thumb Code    26  stm32l0xx_hal_rtc.o(i.RTC_Bcd2ToByte)
    RTC_ByteToBcd2                           0x08004813   Thumb Code    26  stm32l0xx_hal_rtc.o(i.RTC_ByteToBcd2)
    RTC_EnterInitMode                        0x0800482d   Thumb Code    66  stm32l0xx_hal_rtc.o(i.RTC_EnterInitMode)
    RTC_IRQHandler                           0x08004871   Thumb Code    20  stm32l0xx_it.o(i.RTC_IRQHandler)
    RTC_Init                                 0x08004889   Thumb Code   142  rtc-board.o(i.RTC_Init)
    Rs485ClsoePin                            0x08004925   Thumb Code    30  rs485.o(i.Rs485ClsoePin)
    Rs485Cmd                                 0x08004949   Thumb Code   148  rs485.o(i.Rs485Cmd)
    Rs485GetData                             0x080049e9   Thumb Code    88  rs485.o(i.Rs485GetData)
    Rs485Init                                0x08004a65   Thumb Code    54  rs485.o(i.Rs485Init)
    Rs485OpenPin                             0x08004ac5   Thumb Code    50  rs485.o(i.Rs485OpenPin)
    Rs485PinInit                             0x08004afd   Thumb Code   112  rs485.o(i.Rs485PinInit)
    Rs485Print                               0x08004b79   Thumb Code    42  rs485.o(i.Rs485Print)
    STMFLASH_Read                            0x08004bb1   Thumb Code    26  stmflash.o(i.STMFLASH_Read)
    SVC_Handler                              0x08004bcb   Thumb Code     2  stm32l0xx_it.o(i.SVC_Handler)
    SensorDataProces                         0x08004bcd   Thumb Code  1612  sensor.o(i.SensorDataProces)
    SensorExpBoxAddr                         0x08005235   Thumb Code   746  sensor.o(i.SensorExpBoxAddr)
    SensorExpenData                          0x08005599   Thumb Code   666  sensor.o(i.SensorExpenData)
    SensorExpendBoxLive                      0x0800585d   Thumb Code    78  sensor.o(i.SensorExpendBoxLive)
    SensorGetData                            0x080058b5   Thumb Code    54  sensor.o(i.SensorGetData)
    SensorHandle                             0x080058f1   Thumb Code   100  sensor.o(i.SensorHandle)
    SensorMaBoxData                          0x08005965   Thumb Code   388  sensor.o(i.SensorMaBoxData)
    SensorQueryPinStaus                      0x08005b05   Thumb Code    74  sensor.o(i.SensorQueryPinStaus)
    SensorQueryType                          0x08005b5d   Thumb Code   580  sensor.o(i.SensorQueryType)
    SensorsInit                              0x08005e09   Thumb Code    56  sensor.o(i.SensorsInit)
    SetRtcAlarm                              0x08005e71   Thumb Code   234  rtc-board.o(i.SetRtcAlarm)
    String_Conversion                        0x08005fc1   Thumb Code    54  user-app.o(i.String_Conversion)
    SysTick_Handler                          0x08005ffd   Thumb Code    32  stm32l0xx_it.o(i.SysTick_Handler)
    SystemClockConfig                        0x08006025   Thumb Code   176  board.o(i.SystemClockConfig)
    SystemClockReConfig                      0x080060d9   Thumb Code   136  board.o(i.SystemClockReConfig)
    SystemInit                               0x08006169   Thumb Code    88  system_stm32l0xx.o(i.SystemInit)
    UART_AdvFeatureConfig                    0x080061d1   Thumb Code   240  stm32l0xx_hal_uart.o(i.UART_AdvFeatureConfig)
    UART_CheckIdleState                      0x080062c1   Thumb Code   112  stm32l0xx_hal_uart.o(i.UART_CheckIdleState)
    UART_SetConfig                           0x08006421   Thumb Code   954  stm32l0xx_hal_uart.o(i.UART_SetConfig)
    UART_WaitOnFlagUntilTimeout              0x08006883   Thumb Code   112  stm32l0xx_hal_uart.o(i.UART_WaitOnFlagUntilTimeout)
    USART2_IRQHandler                        0x080068f5   Thumb Code    80  stm32l0xx_it.o(i.USART2_IRQHandler)
    USART4_5_IRQHandler                      0x0800694d   Thumb Code    10  stm32l0xx_it.o(i.USART4_5_IRQHandler)
    UartReadByte                             0x0800695d   Thumb Code    28  fifo_uart.o(i.UartReadByte)
    UartSendByte                             0x08006979   Thumb Code    28  fifo_uart.o(i.UartSendByte)
    UserGetAddID                             0x08006995   Thumb Code    94  user-app.o(i.UserGetAddID)
    UserIntoLowPower                         0x08006a19   Thumb Code    52  user-app.o(i.UserIntoLowPower)
    UserSend                                 0x08006a51   Thumb Code   570  user-app.o(i.UserSend)
    UserZetaInit                             0x08006cf5   Thumb Code    46  user-app.o(i.UserZetaInit)
    WakeupZetaDisable                        0x08006d49   Thumb Code    36  zeta.o(i.WakeupZetaDisable)
    WakeupZetaEnable                         0x08006d6d   Thumb Code    36  zeta.o(i.WakeupZetaEnable)
    ZetaInit                                 0x08006d91   Thumb Code   166  zeta.o(i.ZetaInit)
    ZetaInterrupt                            0x08006e45   Thumb Code    24  zeta.o(i.ZetaInterrupt)
    ZetaRecv                                 0x08006e6d   Thumb Code   422  zeta.o(i.ZetaRecv)
    ZetaSend                                 0x0800702d   Thumb Code    26  zeta.o(i.ZetaSend)
    ZetaStatus                               0x08007051   Thumb Code    14  zeta.o(i.ZetaStatus)
    _12VPowerOff                             0x08007065   Thumb Code    26  rs485.o(i._12VPowerOff)
    _12VPowerOn                              0x08007085   Thumb Code    24  rs485.o(i._12VPowerOn)
    __0printf                                0x080070a1   Thumb Code    24  printfa.o(i.__0printf)
    __1printf                                0x080070a1   Thumb Code     0  printfa.o(i.__0printf)
    __2printf                                0x080070a1   Thumb Code     0  printfa.o(i.__0printf)
    __c89printf                              0x080070a1   Thumb Code     0  printfa.o(i.__0printf)
    printf                                   0x080070a1   Thumb Code     0  printfa.o(i.__0printf)
    __ARM_clz                                0x080070c1   Thumb Code    46  depilogue.o(i.__ARM_clz)
    __ARM_common_ll_muluu                    0x080070ef   Thumb Code    48  stm32l0xx_hal_uart.o(i.__ARM_common_ll_muluu)
    __scatterload_copy                       0x0800711f   Thumb Code    14  handlers.o(i.__scatterload_copy)
    __scatterload_null                       0x0800712d   Thumb Code     2  handlers.o(i.__scatterload_null)
    __scatterload_zeroinit                   0x0800712f   Thumb Code    14  handlers.o(i.__scatterload_zeroinit)
    delay_init                               0x080079d5   Thumb Code    16  delay.o(i.delay_init)
    fputc                                    0x080079e9   Thumb Code    20  usart.o(i.fputc)
    free                                     0x08007a05   Thumb Code    80  malloc.o(i.free)
    main                                     0x08007a59   Thumb Code    44  main.o(i.main)
    malloc                                   0x08007ab9   Thumb Code    92  malloc.o(i.malloc)
    memcpy1                                  0x08007b25   Thumb Code    24  sensor.o(i.memcpy1)
    AHBPrescTable                            0x08007b3c   Data          16  system_stm32l0xx.o(.constdata)
    APBPrescTable                            0x08007b4c   Data           8  system_stm32l0xx.o(.constdata)
    PLLMulTable                              0x08007b54   Data           9  system_stm32l0xx.o(.constdata)
    __ctype_categories                       0x08007b99   Data          64  ctype_c.o(.constdata)
    Region$$Table$$Base                      0x080083b4   Number         0  anon$$obj.o(Region$$Table)
    Region$$Table$$Limit                     0x080083d4   Number         0  anon$$obj.o(Region$$Table)
    SystemCoreClock                          0x20000000   Data           4  system_stm32l0xx.o(.data)
    uwTick                                   0x20000004   Data           4  stm32l0xx_hal.o(.data)
    McuInitialized                           0x2000000c   Data           1  board.o(.data)
    CheckRs485s                              0x20000010   Data        1380  sensor.o(.data)
    SendBufsCounter                          0x20000574   Data           1  sensor.o(.data)
    OpenExpendBoxbuff                        0x20000575   Data          10  sensor.o(.data)
    ExpendBoxbuff                            0x2000057f   Data           9  sensor.o(.data)
    TimerOverTime                            0x20000588   Data           4  stm32l0xx_it.o(.data)
    Send_time                                0x2000058c   Data           4  stm32l0xx_it.o(.data)
    UpSeqCounter                             0x20000590   Data           2  user-app.o(.data)
    UserZetaCheck                            0x20000594   Data          48  user-app.o(.data)
    DeviceInfo                               0x200005c4   Data           4  user-app.o(.data)
    ZetaRecviceBuf                           0x200005d0   Data          16  zeta.o(.data)
    ZetaSendBuf                              0x200005e0   Data          16  zeta.o(.data)
    __stdout                                 0x200005f0   Data           4  stdout.o(.data)
    __microlib_freelist                      0x200005f4   Data           4  mvars.o(.data)
    __microlib_freelist_initialised          0x200005f8   Data           4  mvars.o(.data)
    huart1                                   0x200005fc   Data         112  usart.o(.bss)
    huart2                                   0x2000066c   Data         112  usart.o(.bss)
    huart4                                   0x200006dc   Data         112  usart.o(.bss)
    usart_rs485                              0x2000074c   Data          44  usart.o(.bss)
    UART_RX_DATA2                            0x20000778   Data         528  usart.o(.bss)
    Set_Gps_Ack                              0x20000988   Data          72  usart.o(.bss)
    rx_rs485_buff                            0x200009d0   Data         100  usart.o(.bss)
    tx_rs485_buff                            0x20000a34   Data         100  usart.o(.bss)
    RtcHandle                                0x20000a98   Data          36  rtc-board.o(.bss)
    hadc                                     0x20000abc   Data          96  adc.o(.bss)
    Rs485s                                   0x20000b1c   Data          56  rs485.o(.bss)
    SaveRs485s                               0x20000b54   Data        3186  sensor.o(.bss)
    SendBufs                                 0x200017c6   Data        1010  sensor.o(.bss)
    Sensors                                  0x20001bb8   Data          44  sensor.o(.bss)
    ZetaTimer                                0x20001c08   Data          12  zeta.o(.bss)
    ZetaHandle                               0x20001c14   Data          32  zeta.o(.bss)
    __heap_base                              0x20001c38   Data           0  startup_stm32l073xx.o(HEAP)
    __heap_limit                             0x20001e38   Data           0  startup_stm32l073xx.o(HEAP)
    __initial_sp                             0x20002238   Data           0  startup_stm32l073xx.o(STACK)



==============================================================================

Memory Map of the image

  Image Entry point : 0x080000c1

  Load Region LR_IROM1 (Base: 0x08000000, Size: 0x000089d0, Max: 0x00020000, ABSOLUTE, COMPRESSED[0x000084cc])

    Execution Region ER_IROM1 (Base: 0x08000000, Size: 0x000083d4, Max: 0x00020000, ABSOLUTE)

    Base Addr    Size         Type   Attr      Idx    E Section Name        Object

    0x08000000   0x000000c0   Data   RO            3    RESET               startup_stm32l073xx.o
    0x080000c0   0x00000000   Code   RO         5187  * .ARM.Collect$$$$00000000  mc_p.l(entry.o)
    0x080000c0   0x00000004   Code   RO         5507    .ARM.Collect$$$$00000001  mc_p.l(entry2.o)
    0x080000c4   0x00000004   Code   RO         5510    .ARM.Collect$$$$00000004  mc_p.l(entry5.o)
    0x080000c8   0x00000000   Code   RO         5512    .ARM.Collect$$$$00000008  mc_p.l(entry7b.o)
    0x080000c8   0x00000000   Code   RO         5514    .ARM.Collect$$$$0000000A  mc_p.l(entry8b.o)
    0x080000c8   0x00000008   Code   RO         5515    .ARM.Collect$$$$0000000B  mc_p.l(entry9a.o)
    0x080000d0   0x00000000   Code   RO         5517    .ARM.Collect$$$$0000000D  mc_p.l(entry10a.o)
    0x080000d0   0x00000000   Code   RO         5519    .ARM.Collect$$$$0000000F  mc_p.l(entry11a.o)
    0x080000d0   0x00000004   Code   RO         5508    .ARM.Collect$$$$00002712  mc_p.l(entry2.o)
    0x080000d4   0x0000001c   Code   RO            4    .text               startup_stm32l073xx.o
    0x080000f0   0x0000002c   Code   RO         5190    .text               mc_p.l(uidiv.o)
    0x0800011c   0x00000028   Code   RO         5192    .text               mc_p.l(idiv.o)
    0x08000144   0x00000060   Code   RO         5194    .text               mc_p.l(uldiv.o)
    0x080001a4   0x00000024   Code   RO         5196    .text               mc_p.l(memcpya.o)
    0x080001c8   0x00000024   Code   RO         5198    .text               mc_p.l(memseta.o)
    0x080001ec   0x0000003c   Code   RO         5491    .text               mc_p.l(__0sscanf.o)
    0x08000228   0x0000014a   Code   RO         5493    .text               mc_p.l(_scanf_int.o)
    0x08000372   0x000000b2   Code   RO         5495    .text               mf_p.l(fadd.o)
    0x08000424   0x0000007a   Code   RO         5497    .text               mf_p.l(fmul.o)
    0x0800049e   0x0000007c   Code   RO         5499    .text               mf_p.l(fdiv.o)
    0x0800051a   0x0000000e   Code   RO         5501    .text               mf_p.l(ffltui.o)
    0x08000528   0x00000028   Code   RO         5503    .text               mf_p.l(ffixui.o)
    0x08000550   0x00000028   Code   RO         5505    .text               mf_p.l(f2d.o)
    0x08000578   0x00000020   Code   RO         5522    .text               mc_p.l(llshl.o)
    0x08000598   0x00000022   Code   RO         5524    .text               mc_p.l(llushr.o)
    0x080005ba   0x0000001e   Code   RO         5528    .text               mc_p.l(_chval.o)
    0x080005d8   0x0000002c   Code   RO         5530    .text               mc_p.l(scanf_char.o)
    0x08000604   0x00000044   Code   RO         5532    .text               mc_p.l(_sgetc.o)
    0x08000648   0x00000000   Code   RO         5534    .text               mc_p.l(iusefp.o)
    0x08000648   0x00000082   Code   RO         5535    .text               mf_p.l(fepilogue.o)
    0x080006ca   0x00000002   PAD
    0x080006cc   0x00000164   Code   RO         5537    .text               mf_p.l(dadd.o)
    0x08000830   0x000000d0   Code   RO         5539    .text               mf_p.l(dmul.o)
    0x08000900   0x000000f0   Code   RO         5541    .text               mf_p.l(ddiv.o)
    0x080009f0   0x00000040   Code   RO         5543    .text               mf_p.l(dfixul.o)
    0x08000a30   0x00000028   Code   RO         5545    .text               mf_p.l(cdrcmple.o)
    0x08000a58   0x00000024   Code   RO         5547    .text               mc_p.l(init.o)
    0x08000a7c   0x00000026   Code   RO         5549    .text               mc_p.l(llsshr.o)
    0x08000aa2   0x0000000e   Code   RO         5551    .text               mc_p.l(isspace_c.o)
    0x08000ab0   0x00000338   Code   RO         5553    .text               mc_p.l(_scanf.o)
    0x08000de8   0x000000be   Code   RO         5555    .text               mf_p.l(depilogue.o)
    0x08000ea6   0x00000002   PAD
    0x08000ea8   0x00000024   Code   RO         5559    .text               mc_p.l(ctype_c.o)
    0x08000ecc   0x00000056   Code   RO         5570    .text               mc_p.l(__dczerorl2.o)
    0x08000f22   0x0000006c   Code   RO          395    i.ADC_ConversionStop  stm32l0xx_hal_adc.o
    0x08000f8e   0x00000002   PAD
    0x08000f90   0x0000002c   Code   RO          399    i.ADC_DelayMicroSecond  stm32l0xx_hal_adc.o
    0x08000fbc   0x0000009c   Code   RO          400    i.ADC_Disable       stm32l0xx_hal_adc.o
    0x08001058   0x000000a4   Code   RO          401    i.ADC_Enable        stm32l0xx_hal_adc.o
    0x080010fc   0x0000008c   Code   RO         4435    i.AdcReadParameter  adc.o
    0x08001188   0x0000015c   Code   RO         4552    i.BoardDeInitMcu    board.o
    0x080012e4   0x00000130   Code   RO         4554    i.BoardInitMcu      board.o
    0x08001414   0x0000004c   Code   RO         4629    i.CalcCRC16         rs485.o
    0x08001460   0x00000078   Code   RO         5115    i.CalcCRC8          zeta.o
    0x080014d8   0x000000fc   Code   RO         4499    i.CheckBattery      power.o
    0x080015d4   0x00000010   Code   RO         4397    i.EXTI0_1_IRQHandler  gpio-board.o
    0x080015e4   0x00000010   Code   RO         4398    i.EXTI2_3_IRQHandler  gpio-board.o
    0x080015f4   0x0000005c   Code   RO         4399    i.EXTI4_15_IRQHandler  gpio-board.o
    0x08001650   0x00000014   Code   RO         4927    i.Error_Handler     main.o
    0x08001664   0x00000018   Code   RO         4815    i.FIFO_UartEnableRxIT  fifo_uart.o
    0x0800167c   0x000000c8   Code   RO         4816    i.FIFO_UartIRQ      fifo_uart.o
    0x08001744   0x00000056   Code   RO         4818    i.FIFO_UartReadByte  fifo_uart.o
    0x0800179a   0x00000032   Code   RO         4825    i.FIFO_UartVarInit  fifo_uart.o
    0x080017cc   0x00000014   Code   RO         4709    i.GetRs485Type      sensor.o
    0x080017e0   0x000000d8   Code   RO          578    i.HAL_ADCEx_Calibration_Start  stm32l0xx_hal_adc_ex.o
    0x080018b8   0x00000148   Code   RO          403    i.HAL_ADC_ConfigChannel  stm32l0xx_hal_adc.o
    0x08001a00   0x00000006   Code   RO          409    i.HAL_ADC_GetState  stm32l0xx_hal_adc.o
    0x08001a06   0x00000008   Code   RO          410    i.HAL_ADC_GetValue  stm32l0xx_hal_adc.o
    0x08001a0e   0x00000002   PAD
    0x08001a10   0x00000234   Code   RO          412    i.HAL_ADC_Init      stm32l0xx_hal_adc.o
    0x08001c44   0x0000003c   Code   RO         4437    i.HAL_ADC_MspInit   adc.o
    0x08001c80   0x000000e8   Code   RO          416    i.HAL_ADC_PollForConversion  stm32l0xx_hal_adc.o
    0x08001d68   0x00000078   Code   RO          418    i.HAL_ADC_Start     stm32l0xx_hal_adc.o
    0x08001de0   0x00000050   Code   RO          421    i.HAL_ADC_Stop      stm32l0xx_hal_adc.o
    0x08001e30   0x000000b4   Code   RO          832    i.HAL_DMA_Abort_IT  stm32l0xx_hal_dma.o
    0x08001ee4   0x0000001a   Code   RO          233    i.HAL_Delay         stm32l0xx_hal.o
    0x08001efe   0x00000002   PAD
    0x08001f00   0x00000128   Code   RO         1229    i.HAL_GPIO_DeInit   stm32l0xx_hal_gpio.o
    0x08002028   0x0000001c   Code   RO         4400    i.HAL_GPIO_EXTI_Callback  gpio-board.o
    0x08002044   0x00000020   Code   RO         1231    i.HAL_GPIO_EXTI_IRQHandler  stm32l0xx_hal_gpio.o
    0x08002064   0x000001f8   Code   RO         1232    i.HAL_GPIO_Init     stm32l0xx_hal_gpio.o
    0x0800225c   0x00000012   Code   RO         1234    i.HAL_GPIO_ReadPin  stm32l0xx_hal_gpio.o
    0x0800226e   0x0000000c   Code   RO         1236    i.HAL_GPIO_WritePin  stm32l0xx_hal_gpio.o
    0x0800227a   0x00000002   PAD
    0x0800227c   0x0000000c   Code   RO          237    i.HAL_GetTick       stm32l0xx_hal.o
    0x08002288   0x00000010   Code   RO          238    i.HAL_IncTick       stm32l0xx_hal.o
    0x08002298   0x00000020   Code   RO          239    i.HAL_Init          stm32l0xx_hal.o
    0x080022b8   0x00000028   Code   RO          240    i.HAL_InitTick      stm32l0xx_hal.o
    0x080022e0   0x00000002   Code   RO          242    i.HAL_MspInit       stm32l0xx_hal.o
    0x080022e2   0x00000002   PAD
    0x080022e4   0x00000018   Code   RO          634    i.HAL_NVIC_DisableIRQ  stm32l0xx_hal_cortex.o
    0x080022fc   0x00000018   Code   RO          635    i.HAL_NVIC_EnableIRQ  stm32l0xx_hal_cortex.o
    0x08002314   0x00000012   Code   RO          639    i.HAL_NVIC_SetPriority  stm32l0xx_hal_cortex.o
    0x08002326   0x00000002   PAD
    0x08002328   0x00000014   Code   RO         1884    i.HAL_PWREx_EnableFastWakeUp  stm32l0xx_hal_pwr_ex.o
    0x0800233c   0x00000014   Code   RO         1886    i.HAL_PWREx_EnableUltraLowPower  stm32l0xx_hal_pwr_ex.o
    0x08002350   0x00000014   Code   RO         1768    i.HAL_PWR_DisablePVD  stm32l0xx_hal_pwr.o
    0x08002364   0x00000048   Code   RO         1779    i.HAL_PWR_EnterSTOPMode  stm32l0xx_hal_pwr.o
    0x080023ac   0x0000038c   Code   RO         2049    i.HAL_RCCEx_GetPeriphCLKFreq  stm32l0xx_hal_rcc_ex.o
    0x08002738   0x000002ac   Code   RO         2052    i.HAL_RCCEx_PeriphCLKConfig  stm32l0xx_hal_rcc_ex.o
    0x080029e4   0x000001f8   Code   RO         1938    i.HAL_RCC_ClockConfig  stm32l0xx_hal_rcc.o
    0x08002bdc   0x0000000c   Code   RO         1942    i.HAL_RCC_GetHCLKFreq  stm32l0xx_hal_rcc.o
    0x08002be8   0x00000024   Code   RO         1944    i.HAL_RCC_GetPCLK1Freq  stm32l0xx_hal_rcc.o
    0x08002c0c   0x00000024   Code   RO         1945    i.HAL_RCC_GetPCLK2Freq  stm32l0xx_hal_rcc.o
    0x08002c30   0x000000e4   Code   RO         1946    i.HAL_RCC_GetSysClockFreq  stm32l0xx_hal_rcc.o
    0x08002d14   0x000006d4   Code   RO         1949    i.HAL_RCC_OscConfig  stm32l0xx_hal_rcc.o
    0x080033e8   0x00000002   Code   RO         2296    i.HAL_RTCEx_AlarmBEventCallback  stm32l0xx_hal_rtc_ex.o
    0x080033ea   0x00000012   Code   RO         2297    i.HAL_RTCEx_BKUPRead  stm32l0xx_hal_rtc_ex.o
    0x080033fc   0x00000012   Code   RO         2298    i.HAL_RTCEx_BKUPWrite  stm32l0xx_hal_rtc_ex.o
    0x0800340e   0x000000ae   Code   RO         2303    i.HAL_RTCEx_DeactivateWakeUpTimer  stm32l0xx_hal_rtc_ex.o
    0x080034bc   0x00000068   Code   RO         4955    i.HAL_RTC_AlarmAEventCallback  stm32l0xx_it.o
    0x08003524   0x00000088   Code   RO         2163    i.HAL_RTC_AlarmIRQHandler  stm32l0xx_hal_rtc.o
    0x080035ac   0x00000112   Code   RO         2165    i.HAL_RTC_DeactivateAlarm  stm32l0xx_hal_rtc.o
    0x080036be   0x00000002   PAD
    0x080036c0   0x0000005c   Code   RO         2167    i.HAL_RTC_GetDate   stm32l0xx_hal_rtc.o
    0x0800371c   0x0000006c   Code   RO         2169    i.HAL_RTC_GetTime   stm32l0xx_hal_rtc.o
    0x08003788   0x000000e8   Code   RO         2170    i.HAL_RTC_Init      stm32l0xx_hal_rtc.o
    0x08003870   0x00000020   Code   RO         4289    i.HAL_RTC_MspInit   rtc-board.o
    0x08003890   0x0000025c   Code   RO         2175    i.HAL_RTC_SetAlarm_IT  stm32l0xx_hal_rtc.o
    0x08003aec   0x00000130   Code   RO         2176    i.HAL_RTC_SetDate   stm32l0xx_hal_rtc.o
    0x08003c1c   0x00000154   Code   RO         2177    i.HAL_RTC_SetTime   stm32l0xx_hal_rtc.o
    0x08003d70   0x0000003c   Code   RO         2178    i.HAL_RTC_WaitForSynchro  stm32l0xx_hal_rtc.o
    0x08003dac   0x00000014   Code   RO          243    i.HAL_ResumeTick    stm32l0xx_hal.o
    0x08003dc0   0x00000024   Code   RO          641    i.HAL_SYSTICK_CLKSourceConfig  stm32l0xx_hal_cortex.o
    0x08003de4   0x00000002   Code   RO          642    i.HAL_SYSTICK_Callback  stm32l0xx_hal_cortex.o
    0x08003de6   0x00000002   PAD
    0x08003de8   0x00000038   Code   RO          643    i.HAL_SYSTICK_Config  stm32l0xx_hal_cortex.o
    0x08003e20   0x00000008   Code   RO          644    i.HAL_SYSTICK_IRQHandler  stm32l0xx_hal_cortex.o
    0x08003e28   0x00000014   Code   RO          248    i.HAL_SuspendTick   stm32l0xx_hal.o
    0x08003e3c   0x00000002   Code   RO         3772    i.HAL_UARTEx_WakeupCallback  stm32l0xx_hal_uart_ex.o
    0x08003e3e   0x0000004c   Code   RO         3437    i.HAL_UART_DeInit   stm32l0xx_hal_uart.o
    0x08003e8a   0x00000002   Code   RO         3438    i.HAL_UART_ErrorCallback  stm32l0xx_hal_uart.o
    0x08003e8c   0x00000014   Code   RO         3440    i.HAL_UART_GetState  stm32l0xx_hal_uart.o
    0x08003ea0   0x000001c0   Code   RO         3441    i.HAL_UART_IRQHandler  stm32l0xx_hal_uart.o
    0x08004060   0x00000082   Code   RO         3442    i.HAL_UART_Init     stm32l0xx_hal_uart.o
    0x080040e2   0x00000002   PAD
    0x080040e4   0x00000094   Code   RO         4138    i.HAL_UART_MspDeInit  usart.o
    0x08004178   0x000000c0   Code   RO         4139    i.HAL_UART_MspInit  usart.o
    0x08004238   0x000000ec   Code   RO         3447    i.HAL_UART_Receive_IT  stm32l0xx_hal_uart.o
    0x08004324   0x00000050   Code   RO         4140    i.HAL_UART_RxCpltCallback  usart.o
    0x08004374   0x000000f0   Code   RO         3450    i.HAL_UART_Transmit  stm32l0xx_hal_uart.o
    0x08004464   0x00000002   Code   RO         3453    i.HAL_UART_TxCpltCallback  stm32l0xx_hal_uart.o
    0x08004466   0x00000002   PAD
    0x08004468   0x00000018   Code   RO         4956    i.HardFault_Handler  stm32l0xx_it.o
    0x08004480   0x00000038   Code   RO         4141    i.InitUartFifo      usart.o
    0x080044b8   0x00000060   Code   RO         4438    i.MX_ADC_Init       adc.o
    0x08004518   0x00000044   Code   RO         4142    i.MX_USART1_UART_Init  usart.o
    0x0800455c   0x00000060   Code   RO         4143    i.MX_USART2_UART_Init  usart.o
    0x080045bc   0x00000054   Code   RO         4144    i.MX_USART4_UART_Init  usart.o
    0x08004610   0x00000002   Code   RO         4957    i.NMI_Handler       stm32l0xx_it.o
    0x08004612   0x00000002   PAD
    0x08004614   0x00000078   Code   RO          645    i.NVIC_SetPriority  stm32l0xx_hal_cortex.o
    0x0800468c   0x00000038   Code   RO         4710    i.OpenExpenBox      sensor.o
    0x080046c4   0x00000002   Code   RO         4958    i.PendSV_Handler    stm32l0xx_it.o
    0x080046c6   0x00000002   PAD
    0x080046c8   0x00000098   Code   RO         1950    i.RCC_SetFlashLatencyFromMSIRange  stm32l0xx_hal_rcc.o
    0x08004760   0x00000098   Code   RO         4711    i.RS485CmdPackage   sensor.o
    0x080047f8   0x0000001a   Code   RO         2179    i.RTC_Bcd2ToByte    stm32l0xx_hal_rtc.o
    0x08004812   0x0000001a   Code   RO         2180    i.RTC_ByteToBcd2    stm32l0xx_hal_rtc.o
    0x0800482c   0x00000042   Code   RO         2181    i.RTC_EnterInitMode  stm32l0xx_hal_rtc.o
    0x0800486e   0x00000002   PAD
    0x08004870   0x00000018   Code   RO         4959    i.RTC_IRQHandler    stm32l0xx_it.o
    0x08004888   0x0000009c   Code   RO         4290    i.RTC_Init          rtc-board.o
    0x08004924   0x00000024   Code   RO         4630    i.Rs485ClsoePin     rs485.o
    0x08004948   0x000000a0   Code   RO         4631    i.Rs485Cmd          rs485.o
    0x080049e8   0x0000007c   Code   RO         4632    i.Rs485GetData      rs485.o
    0x08004a64   0x00000060   Code   RO         4633    i.Rs485Init         rs485.o
    0x08004ac4   0x00000038   Code   RO         4634    i.Rs485OpenPin      rs485.o
    0x08004afc   0x0000007c   Code   RO         4635    i.Rs485PinInit      rs485.o
    0x08004b78   0x00000038   Code   RO         4636    i.Rs485Print        rs485.o
    0x08004bb0   0x0000001a   Code   RO         4603    i.STMFLASH_Read     stmflash.o
    0x08004bca   0x00000002   Code   RO         4960    i.SVC_Handler       stm32l0xx_it.o
    0x08004bcc   0x00000668   Code   RO         4712    i.SensorDataProces  sensor.o
    0x08005234   0x00000364   Code   RO         4713    i.SensorExpBoxAddr  sensor.o
    0x08005598   0x000002c4   Code   RO         4714    i.SensorExpenData   sensor.o
    0x0800585c   0x00000058   Code   RO         4715    i.SensorExpendBoxLive  sensor.o
    0x080058b4   0x0000003c   Code   RO         4716    i.SensorGetData     sensor.o
    0x080058f0   0x00000074   Code   RO         4717    i.SensorHandle      sensor.o
    0x08005964   0x000001a0   Code   RO         4718    i.SensorMaBoxData   sensor.o
    0x08005b04   0x00000058   Code   RO         4719    i.SensorQueryPinStaus  sensor.o
    0x08005b5c   0x000002ac   Code   RO         4720    i.SensorQueryType   sensor.o
    0x08005e08   0x00000068   Code   RO         4721    i.SensorsInit       sensor.o
    0x08005e70   0x00000150   Code   RO         4291    i.SetRtcAlarm       rtc-board.o
    0x08005fc0   0x0000003c   Code   RO         5040    i.String_Conversion  user-app.o
    0x08005ffc   0x00000028   Code   RO         4961    i.SysTick_Handler   stm32l0xx_it.o
    0x08006024   0x000000b4   Code   RO         4555    i.SystemClockConfig  board.o
    0x080060d8   0x00000090   Code   RO         4556    i.SystemClockReConfig  board.o
    0x08006168   0x00000068   Code   RO           13    i.SystemInit        system_stm32l0xx.o
    0x080061d0   0x000000f0   Code   RO         3455    i.UART_AdvFeatureConfig  stm32l0xx_hal_uart.o
    0x080062c0   0x00000074   Code   RO         3456    i.UART_CheckIdleState  stm32l0xx_hal_uart.o
    0x08006334   0x00000018   Code   RO         3457    i.UART_DMAAbortOnError  stm32l0xx_hal_uart.o
    0x0800634c   0x00000022   Code   RO         3467    i.UART_EndRxTransfer  stm32l0xx_hal_uart.o
    0x0800636e   0x00000020   Code   RO         3468    i.UART_EndTransmit_IT  stm32l0xx_hal_uart.o
    0x0800638e   0x00000090   Code   RO         3470    i.UART_Receive_IT   stm32l0xx_hal_uart.o
    0x0800641e   0x00000002   PAD
    0x08006420   0x000003f0   Code   RO         3471    i.UART_SetConfig    stm32l0xx_hal_uart.o
    0x08006810   0x00000072   Code   RO         3472    i.UART_Transmit_IT  stm32l0xx_hal_uart.o
    0x08006882   0x00000070   Code   RO         3473    i.UART_WaitOnFlagUntilTimeout  stm32l0xx_hal_uart.o
    0x080068f2   0x00000002   PAD
    0x080068f4   0x00000058   Code   RO         4962    i.USART2_IRQHandler  stm32l0xx_it.o
    0x0800694c   0x00000010   Code   RO         4963    i.USART4_5_IRQHandler  stm32l0xx_it.o
    0x0800695c   0x0000001c   Code   RO         4826    i.UartReadByte      fifo_uart.o
    0x08006978   0x0000001c   Code   RO         4828    i.UartSendByte      fifo_uart.o
    0x08006994   0x00000084   Code   RO         5043    i.UserGetAddID      user-app.o
    0x08006a18   0x00000038   Code   RO         5044    i.UserIntoLowPower  user-app.o
    0x08006a50   0x000002a4   Code   RO         5045    i.UserSend          user-app.o
    0x08006cf4   0x00000054   Code   RO         5048    i.UserZetaInit      user-app.o
    0x08006d48   0x00000024   Code   RO         5116    i.WakeupZetaDisable  zeta.o
    0x08006d6c   0x00000024   Code   RO         5117    i.WakeupZetaEnable  zeta.o
    0x08006d90   0x000000b4   Code   RO         5118    i.ZetaInit          zeta.o
    0x08006e44   0x00000028   Code   RO         5119    i.ZetaInterrupt     zeta.o
    0x08006e6c   0x000001c0   Code   RO         5120    i.ZetaRecv          zeta.o
    0x0800702c   0x00000024   Code   RO         5121    i.ZetaSend          zeta.o
    0x08007050   0x00000014   Code   RO         5122    i.ZetaStatus        zeta.o
    0x08007064   0x00000020   Code   RO         4637    i._12VPowerOff      rs485.o
    0x08007084   0x0000001c   Code   RO         4638    i._12VPowerOn       rs485.o
    0x080070a0   0x00000020   Code   RO         5435    i.__0printf         mc_p.l(printfa.o)
    0x080070c0   0x0000002e   Code   RO         5557    i.__ARM_clz         mf_p.l(depilogue.o)
    0x080070ee   0x00000030   Code   RO         3758    i.__ARM_common_ll_muluu  stm32l0xx_hal_uart.o
    0x0800711e   0x0000000e   Code   RO         5564    i.__scatterload_copy  mc_p.l(handlers.o)
    0x0800712c   0x00000002   Code   RO         5565    i.__scatterload_null  mc_p.l(handlers.o)
    0x0800712e   0x0000000e   Code   RO         5566    i.__scatterload_zeroinit  mc_p.l(handlers.o)
    0x0800713c   0x00000006   Code   RO         4830    i.__set_PRIMASK     fifo_uart.o
    0x08007142   0x00000002   PAD
    0x08007144   0x00000158   Code   RO         5442    i._fp_digits        mc_p.l(printfa.o)
    0x0800729c   0x000006ec   Code   RO         5443    i._printf_core      mc_p.l(printfa.o)
    0x08007988   0x00000020   Code   RO         5444    i._printf_post_padding  mc_p.l(printfa.o)
    0x080079a8   0x0000002c   Code   RO         5445    i._printf_pre_padding  mc_p.l(printfa.o)
    0x080079d4   0x00000014   Code   RO         4352    i.delay_init        delay.o
    0x080079e8   0x0000001c   Code   RO         4145    i.fputc             usart.o
    0x08007a04   0x00000054   Code   RO         5463    i.free              mc_p.l(malloc.o)
    0x08007a58   0x00000060   Code   RO         4928    i.main              main.o
    0x08007ab8   0x0000006c   Code   RO         5464    i.malloc            mc_p.l(malloc.o)
    0x08007b24   0x00000018   Code   RO         4722    i.memcpy1           sensor.o
    0x08007b3c   0x00000021   Data   RO           14    .constdata          system_stm32l0xx.o
    0x08007b5d   0x0000002e   Data   RO         4964    .constdata          stm32l0xx_it.o
    0x08007b8b   0x0000000e   Data   RO         5124    .constdata          zeta.o
    0x08007b99   0x00000040   Data   RO         5560    .constdata          mc_p.l(ctype_c.o)
    0x08007bd9   0x00000003   PAD
    0x08007bdc   0x000007d7   Data   RO         4724    .conststring        sensor.o
    0x080083b3   0x00000001   PAD
    0x080083b4   0x00000020   Data   RO         5562    Region$$Table       anon$$obj.o


    Execution Region RW_IRAM1 (Base: 0x20000000, Size: 0x00002238, Max: 0x00005000, ABSOLUTE, COMPRESSED[0x000000f8])

    Base Addr    Size         Type   Attr      Idx    E Section Name        Object

    0x20000000   0x00000004   Data   RW           15    .data               system_stm32l0xx.o
    0x20000004   0x00000004   Data   RW          249    .data               stm32l0xx_hal.o
    0x20000008   0x00000004   Data   RW         4355    .data               delay.o
    0x2000000c   0x00000001   Data   RW         4557    .data               board.o
    0x2000000d   0x00000003   PAD
    0x20000010   0x00000578   Data   RW         4725    .data               sensor.o
    0x20000588   0x00000008   Data   RW         4965    .data               stm32l0xx_it.o
    0x20000590   0x00000040   Data   RW         5050    .data               user-app.o
    0x200005d0   0x00000020   Data   RW         5125    .data               zeta.o
    0x200005f0   0x00000004   Data   RW         5521    .data               mc_p.l(stdout.o)
    0x200005f4   0x00000004   Data   RW         5526    .data               mc_p.l(mvars.o)
    0x200005f8   0x00000004   Data   RW         5527    .data               mc_p.l(mvars.o)
    0x200005fc   0x0000049c   Zero   RW         4146    .bss                usart.o
    0x20000a98   0x00000024   Zero   RW         4292    .bss                rtc-board.o
    0x20000abc   0x00000060   Zero   RW         4439    .bss                adc.o
    0x20000b1c   0x00000038   Zero   RW         4639    .bss                rs485.o
    0x20000b54   0x00001090   Zero   RW         4723    .bss                sensor.o
    0x20001be4   0x00000021   Zero   RW         5049    .bss                user-app.o
    0x20001c05   0x00000003   PAD
    0x20001c08   0x0000002c   Zero   RW         5123    .bss                zeta.o
    0x20001c34   0x00000004   PAD
    0x20001c38   0x00000200   Zero   RW            2    HEAP                startup_stm32l073xx.o
    0x20001e38   0x00000400   Zero   RW            1    STACK               startup_stm32l073xx.o


==============================================================================

Image component sizes


      Code (inc. data)   RO Data    RW Data    ZI Data      Debug   Object Name

       296         26          0          0         96       2338   adc.o
       976         62          0          1          0       3295   board.o
        20          4          0          4          0        677   delay.o
       422          0          0          0          0       6086   fifo_uart.o
       152          6          0          0          0       1949   gpio-board.o
       116         62          0          0          0        875   main.o
       252         78          0          0          0        627   power.o
       788        146          0          0         56       7891   rs485.o
       524        124          0          0         36       2359   rtc-board.o
      5024        480       2007       1400       4240      14133   sensor.o
        28          8        192          0       1536        728   startup_stm32l073xx.o
       168         30          0          4          0       4772   stm32l0xx_hal.o
      1810         52          0          0          0       7940   stm32l0xx_hal_adc.o
       216          0          0          0          0       1414   stm32l0xx_hal_adc_ex.o
       288         36          0          0          0      12697   stm32l0xx_hal_cortex.o
       180          6          0          0          0       1055   stm32l0xx_hal_dma.o
       862         68          0          0          0       4116   stm32l0xx_hal_gpio.o
        92         14          0          0          0       1109   stm32l0xx_hal_pwr.o
        40          8          0          0          0        985   stm32l0xx_hal_pwr_ex.o
      2716        116          0          0          0       6636   stm32l0xx_hal_rcc.o
      1592         54          0          0          0       2897   stm32l0xx_hal_rcc_ex.o
      2268         74          0          0          0       9236   stm32l0xx_hal_rtc.o
       212          0          0          0          0       2873   stm32l0xx_hal_rtc_ex.o
      3026         68          0          0          0      12546   stm32l0xx_hal_uart.o
         2          0          0          0          0        864   stm32l0xx_hal_uart_ex.o
       302         72         46          8          0       5003   stm32l0xx_it.o
        26          0          0          0          0        936   stmflash.o
       104         16         33          4          0     402115   system_stm32l0xx.o
       752        110          0          0       1180       8042   usart.o
      1008        192          0         64         33       4448   user-app.o
       916        118         14         32         44       6058   zeta.o

    ----------------------------------------------------------------------
     25210       2030       2325       1520       7228     536700   Object Totals
         0          0         32          0          0          0   (incl. Generated)
        32          0          1          3          7          0   (incl. Padding)

    ----------------------------------------------------------------------

      Code (inc. data)   RO Data    RW Data    ZI Data      Debug   Library Member Name

        60         10          0          0          0         84   __0sscanf.o
        86          0          0          0          0          0   __dczerorl2.o
        30          0          0          0          0         60   _chval.o
       824         12          0          0          0         84   _scanf.o
       330          0          0          0          0         84   _scanf_int.o
        68          0          0          0          0         76   _sgetc.o
        36          4         64          0          0         60   ctype_c.o
         0          0          0          0          0          0   entry.o
         0          0          0          0          0          0   entry10a.o
         0          0          0          0          0          0   entry11a.o
         8          4          0          0          0          0   entry2.o
         4          0          0          0          0          0   entry5.o
         0          0          0          0          0          0   entry7b.o
         0          0          0          0          0          0   entry8b.o
         8          4          0          0          0          0   entry9a.o
        30          0          0          0          0          0   handlers.o
        40          0          0          0          0         72   idiv.o
        36          8          0          0          0         68   init.o
        14          0          0          0          0         68   isspace_c.o
         0          0          0          0          0          0   iusefp.o
        32          0          0          0          0         68   llshl.o
        38          0          0          0          0         68   llsshr.o
        34          0          0          0          0         68   llushr.o
       192         20          0          0          0        144   malloc.o
        36          0          0          0          0         60   memcpya.o
        36          0          0          0          0        100   memseta.o
         0          0          0          8          0          0   mvars.o
      2224         98          0          0          0        412   printfa.o
        44          8          0          0          0         84   scanf_char.o
         0          0          0          4          0          0   stdout.o
        44          0          0          0          0         72   uidiv.o
        96          0          0          0          0         84   uldiv.o
        40          2          0          0          0         68   cdrcmple.o
       356          4          0          0          0        140   dadd.o
       240          6          0          0          0         84   ddiv.o
       236          0          0          0          0        216   depilogue.o
        64         10          0          0          0         68   dfixul.o
       208          6          0          0          0         88   dmul.o
        40          0          0          0          0         60   f2d.o
       178          0          0          0          0        108   fadd.o
       124          0          0          0          0         72   fdiv.o
       130          0          0          0          0        144   fepilogue.o
        40          0          0          0          0         60   ffixui.o
        14          0          0          0          0         68   ffltui.o
       122          0          0          0          0         72   fmul.o

    ----------------------------------------------------------------------
      6146        196         67         12          0       3064   Library Totals
         4          0          3          0          0          0   (incl. Padding)

    ----------------------------------------------------------------------

      Code (inc. data)   RO Data    RW Data    ZI Data      Debug   Library Name

      4350        168         64         12          0       1816   mc_p.l
      1792         28          0          0          0       1248   mf_p.l

    ----------------------------------------------------------------------
      6146        196         67         12          0       3064   Library Totals

    ----------------------------------------------------------------------

==============================================================================


      Code (inc. data)   RO Data    RW Data    ZI Data      Debug   

     31356       2226       2392       1532       7228     531444   Grand Totals
     31356       2226       2392        248       7228     531444   ELF Image Totals (compressed)
     31356       2226       2392        248          0          0   ROM Totals

==============================================================================

    Total RO  Size (Code + RO Data)                33748 (  32.96kB)
    Total RW  Size (RW Data + ZI Data)              8760 (   8.55kB)
    Total ROM Size (Code + RO Data + RW Data)      33996 (  33.20kB)

==============================================================================

