Component: ARM Compiler 5.06 update 1 (build 61) Tool: armlink [4d35a8]

==============================================================================

Section Cross References

    startup_stm32l073xx.o(RESET) refers to startup_stm32l073xx.o(STACK) for __initial_sp
    startup_stm32l073xx.o(RESET) refers to startup_stm32l073xx.o(.text) for Reset_Handler
    startup_stm32l073xx.o(RESET) refers to stm32l0xx_it.o(i.NMI_Handler) for NMI_Handler
    startup_stm32l073xx.o(RESET) refers to stm32l0xx_it.o(i.HardFault_Handler) for HardFault_Handler
    startup_stm32l073xx.o(RESET) refers to stm32l0xx_it.o(i.SVC_Handler) for SVC_Handler
    startup_stm32l073xx.o(RESET) refers to stm32l0xx_it.o(i.PendSV_Handler) for PendSV_Handler
    startup_stm32l073xx.o(RESET) refers to stm32l0xx_it.o(i.SysTick_Handler) for SysTick_Handler
    startup_stm32l073xx.o(RESET) refers to stm32l0xx_it.o(i.WWDG_IRQHandler) for WWDG_IRQHandler
    startup_stm32l073xx.o(RESET) refers to stm32l0xx_it.o(i.RTC_IRQHandler) for RTC_IRQHandler
    startup_stm32l073xx.o(RESET) refers to gpio-board.o(i.EXTI0_1_IRQHandler) for EXTI0_1_IRQHandler
    startup_stm32l073xx.o(RESET) refers to gpio-board.o(i.EXTI2_3_IRQHandler) for EXTI2_3_IRQHandler
    startup_stm32l073xx.o(RESET) refers to gpio-board.o(i.EXTI4_15_IRQHandler) for EXTI4_15_IRQHandler
    startup_stm32l073xx.o(RESET) refers to stm32l0xx_it.o(i.USART4_5_IRQHandler) for USART4_5_IRQHandler
    startup_stm32l073xx.o(RESET) refers to stm32l0xx_it.o(i.TIM2_IRQHandler) for TIM2_IRQHandler
    startup_stm32l073xx.o(RESET) refers to stm32l0xx_it.o(i.USART2_IRQHandler) for USART2_IRQHandler
    startup_stm32l073xx.o(RESET) refers to stm32l0xx_it.o(i.RNG_LPUART1_IRQHandler) for RNG_LPUART1_IRQHandler
    startup_stm32l073xx.o(.text) refers to system_stm32l0xx.o(i.SystemInit) for SystemInit
    startup_stm32l073xx.o(.text) refers to entry.o(.ARM.Collect$$$$00000000) for __main
    system_stm32l0xx.o(i.SystemCoreClockUpdate) refers to uidiv.o(.text) for __aeabi_uidivmod
    system_stm32l0xx.o(i.SystemCoreClockUpdate) refers to system_stm32l0xx.o(.data) for SystemCoreClock
    system_stm32l0xx.o(i.SystemCoreClockUpdate) refers to system_stm32l0xx.o(.constdata) for PLLMulTable
    stm32l0xx_hal.o(i.HAL_DeInit) refers to stm32l0xx_hal.o(i.HAL_MspDeInit) for HAL_MspDeInit
    stm32l0xx_hal.o(i.HAL_Delay) refers to stm32l0xx_hal.o(i.HAL_GetTick) for HAL_GetTick
    stm32l0xx_hal.o(i.HAL_GetTick) refers to stm32l0xx_hal.o(.data) for uwTick
    stm32l0xx_hal.o(i.HAL_IncTick) refers to stm32l0xx_hal.o(.data) for uwTick
    stm32l0xx_hal.o(i.HAL_Init) refers to stm32l0xx_hal.o(i.HAL_InitTick) for HAL_InitTick
    stm32l0xx_hal.o(i.HAL_Init) refers to stm32l0xx_hal.o(i.HAL_MspInit) for HAL_MspInit
    stm32l0xx_hal.o(i.HAL_InitTick) refers to uidiv.o(.text) for __aeabi_uidivmod
    stm32l0xx_hal.o(i.HAL_InitTick) refers to stm32l0xx_hal_cortex.o(i.HAL_SYSTICK_Config) for HAL_SYSTICK_Config
    stm32l0xx_hal.o(i.HAL_InitTick) refers to stm32l0xx_hal_cortex.o(i.HAL_NVIC_SetPriority) for HAL_NVIC_SetPriority
    stm32l0xx_hal.o(i.HAL_InitTick) refers to system_stm32l0xx.o(.data) for SystemCoreClock
    stm32l0xx_hal_adc.o(i.ADC_ConversionStop) refers to stm32l0xx_hal.o(i.HAL_GetTick) for HAL_GetTick
    stm32l0xx_hal_adc.o(i.ADC_DMAConvCplt) refers to stm32l0xx_hal_adc.o(i.HAL_ADC_ConvCpltCallback) for HAL_ADC_ConvCpltCallback
    stm32l0xx_hal_adc.o(i.ADC_DMAError) refers to stm32l0xx_hal_adc.o(i.HAL_ADC_ErrorCallback) for HAL_ADC_ErrorCallback
    stm32l0xx_hal_adc.o(i.ADC_DMAHalfConvCplt) refers to stm32l0xx_hal_adc.o(i.HAL_ADC_ConvHalfCpltCallback) for HAL_ADC_ConvHalfCpltCallback
    stm32l0xx_hal_adc.o(i.ADC_DelayMicroSecond) refers to uidiv.o(.text) for __aeabi_uidivmod
    stm32l0xx_hal_adc.o(i.ADC_DelayMicroSecond) refers to system_stm32l0xx.o(.data) for SystemCoreClock
    stm32l0xx_hal_adc.o(i.ADC_Disable) refers to stm32l0xx_hal.o(i.HAL_GetTick) for HAL_GetTick
    stm32l0xx_hal_adc.o(i.ADC_Enable) refers to stm32l0xx_hal_adc.o(i.ADC_DelayMicroSecond) for ADC_DelayMicroSecond
    stm32l0xx_hal_adc.o(i.ADC_Enable) refers to stm32l0xx_hal.o(i.HAL_GetTick) for HAL_GetTick
    stm32l0xx_hal_adc.o(i.HAL_ADC_ConfigChannel) refers to stm32l0xx_hal_adc.o(i.ADC_DelayMicroSecond) for ADC_DelayMicroSecond
    stm32l0xx_hal_adc.o(i.HAL_ADC_DeInit) refers to stm32l0xx_hal_adc.o(i.ADC_ConversionStop) for ADC_ConversionStop
    stm32l0xx_hal_adc.o(i.HAL_ADC_DeInit) refers to stm32l0xx_hal_adc.o(i.ADC_Disable) for ADC_Disable
    stm32l0xx_hal_adc.o(i.HAL_ADC_DeInit) refers to adc.o(i.HAL_ADC_MspDeInit) for HAL_ADC_MspDeInit
    stm32l0xx_hal_adc.o(i.HAL_ADC_IRQHandler) refers to stm32l0xx_hal_adc.o(i.HAL_ADC_ConvCpltCallback) for HAL_ADC_ConvCpltCallback
    stm32l0xx_hal_adc.o(i.HAL_ADC_IRQHandler) refers to stm32l0xx_hal_adc.o(i.HAL_ADC_LevelOutOfWindowCallback) for HAL_ADC_LevelOutOfWindowCallback
[...]
    i.UartReadByte                           0x080089bc   Section        0  fifo_uart.o(i.UartReadByte)
    i.UartSendByte                           0x080089d8   Section        0  fifo_uart.o(i.UartSendByte)
    i.UserCheckCmd                           0x080089f4   Section        0  user-app.o(i.UserCheckCmd)
    i.UserCheckSensors                       0x08008af8   Section        0  user-app.o(i.UserCheckSensors)
    i.UserDownCommand                        0x08008b74   Section        0  user-app.o(i.UserDownCommand)
    i.UserGetAddID                           0x08008d3c   Section        0  user-app.o(i.UserGetAddID)
    i.UserIntoLowPower                       0x08008ddc   Section        0  user-app.o(i.UserIntoLowPower)
    i.UserReadFlash                          0x08008e14   Section        0  user-app.o(i.UserReadFlash)
    i.UserSend                               0x08008f48   Section        0  user-app.o(i.UserSend)
    i.UserSendGps                            0x0800902c   Section        0  user-app.o(i.UserSendGps)
    i.UserSendSensor                         0x08009274   Section        0  user-app.o(i.UserSendSensor)
    i.UserSetHeart                           0x08009470   Section        0  user-app.o(i.UserSetHeart)
    i.WWDG_IRQHandler                        0x0800952c   Section        0  stm32l0xx_it.o(i.WWDG_IRQHandler)
    i.WakeupZetaDisable                      0x08009574   Section        0  zeta.o(i.WakeupZetaDisable)
    i.WakeupZetaEnable                       0x08009598   Section        0  zeta.o(i.WakeupZetaEnable)
    i.ZetaDownCommand                        0x080095bc   Section        0  zeta.o(i.ZetaDownCommand)
    i.ZetaInit                               0x08009648   Section        0  zeta.o(i.ZetaInit)
    i.ZetaInterrupt                          0x08009714   Section        0  zeta.o(i.ZetaInterrupt)
    i.ZetaPowerOff                           0x0800973c   Section        0  zeta.o(i.ZetaPowerOff)
    i.ZetaPowerOn                            0x0800974e   Section        0  zeta.o(i.ZetaPowerOn)
    i.ZetaRecv                               0x08009760   Section        0  zeta.o(i.ZetaRecv)
    i.ZetaSend                               0x08009994   Section        0  zeta.o(i.ZetaSend)
    i.ZetaStatus                             0x080099b8   Section        0  zeta.o(i.ZetaStatus)
    i._12VPowerOff                           0x080099c8   Section        0  rs485.o(i._12VPowerOff)
    i._12VPowerOn                            0x080099e8   Section        0  rs485.o(i._12VPowerOn)
    i.__0printf                              0x08009a08   Section        0  printfa.o(i.__0printf)
    i.__ARM_clz                              0x08009a28   Section        0  depilogue.o(i.__ARM_clz)
    i.__ARM_common_ll_muluu                  0x08009a56   Section        0  stm32l0xx_hal_uart.o(i.__ARM_common_ll_muluu)
    i.__scatterload_copy                     0x08009a86   Section       14  handlers.o(i.__scatterload_copy)
    i.__scatterload_null                     0x08009a94   Section        2  handlers.o(i.__scatterload_null)
    i.__scatterload_zeroinit                 0x08009a96   Section       14  handlers.o(i.__scatterload_zeroinit)
    i.__set_PRIMASK                          0x08009aa4   Section        0  fifo_uart.o(i.__set_PRIMASK)
    __set_PRIMASK                            0x08009aa5   Thumb Code     6  fifo_uart.o(i.__set_PRIMASK)
    i._fp_digits                             0x08009aac   Section        0  printfa.o(i._fp_digits)
    _fp_digits                               0x08009aad   Thumb Code   316  printfa.o(i._fp_digits)
    i._printf_core                           0x08009c04   Section        0  printfa.o(i._printf_core)
    _printf_core                             0x08009c05   Thumb Code  1754  printfa.o(i._printf_core)
    i._printf_post_padding                   0x0800a2f0   Section        0  printfa.o(i._printf_post_padding)
    _printf_post_padding                     0x0800a2f1   Thumb Code    32  printfa.o(i._printf_post_padding)
    i._printf_pre_padding                    0x0800a310   Section        0  printfa.o(i._printf_pre_padding)
    _printf_pre_padding                      0x0800a311   Thumb Code    44  printfa.o(i._printf_pre_padding)
    i.fputc                                  0x0800a33c   Section        0  usart.o(i.fputc)
    i.main                                   0x0800a358   Section        0  main.o(i.main)
    i.memcpy1                                0x0800a478   Section        0  rs485.o(i.memcpy1)
    .constdata                               0x0800a490   Section       33  system_stm32l0xx.o(.constdata)
    .constdata                               0x0800a4b4   Section       56  gps.o(.constdata)
    .constdata                               0x0800a4ec   Section      115  stm32l0xx_it.o(.constdata)
    __func__                                 0x0800a4ec   Data          18  stm32l0xx_it.o(.constdata)
    __func__                                 0x0800a4fe   Data          30  stm32l0xx_it.o(.constdata)
    __func__                                 0x0800a51c   Data          28  stm32l0xx_it.o(.constdata)
    __func__                                 0x0800a538   Data          23  stm32l0xx_it.o(.constdata)
    __func__                                 0x0800a54f   Data          16  stm32l0xx_it.o(.constdata)
    .constdata                               0x0800a560   Section       58  zeta.o(.constdata)
    __func__                                 0x0800a58c   Data          14  zeta.o(.constdata)
    .constdata                               0x0800a59a   Section       64  ctype_c.o(.constdata)
    .conststring                             0x0800a5dc   Section     2195  sensor.o(.conststring)
    .conststring                             0x0800ae70   Section       69  gps.o(.conststring)
    .conststring                             0x0800aeb8   Section       67  main.o(.conststring)
    .conststring                             0x0800aefc   Section       66  zeta.o(.conststring)
    .data                                    0x20000000   Section        4  system_stm32l0xx.o(.data)
    .data                                    0x20000004   Section        4  stm32l0xx_hal.o(.data)
    .data                                    0x20000008   Section        1  led.o(.data)
    .data                                    0x2000000a   Section        2  wwdg.o(.data)
    .data                                    0x2000000c   Section        1  board.o(.data)
    .data                                    0x20000010   Section     1400  sensor.o(.data)
    .data                                    0x20000588   Section       80  gps.o(.data)
    .data                                    0x200005d8   Section        8  stm32l0xx_it.o(.data)
    .data                                    0x200005e0   Section       64  user-app.o(.data)
    DeviceInfo                               0x20000614   Data           4  user-app.o(.data)
    DevTemp                                  0x20000618   Data           8  user-app.o(.data)
    .data                                    0x20000620   Section      144  zeta.o(.data)
    .data                                    0x200006b0   Section        4  stdout.o(.data)
    .bss                                     0x200006b4   Section       24  stm32l0xx_hal_flash.o(.bss)
    .bss                                     0x200006cc   Section     1748  usart.o(.bss)
    .bss                                     0x20000da0   Section       36  rtc-board.o(.bss)
    .bss                                     0x20000dc4   Section       96  adc.o(.bss)
    .bss                                     0x20000e24   Section       20  wwdg.o(.bss)
    .bss                                     0x20000e38   Section       56  timer-board.o(.bss)
    .bss                                     0x20000e70   Section      216  spi.o(.bss)
    .bss                                     0x20000f48   Section       56  rs485.o(.bss)
    .bss                                     0x20000f80   Section     2648  sensor.o(.bss)
    .bss                                     0x200019d8   Section      166  gps.o(.bss)
    .bss                                     0x20001a80   Section       45  user-app.o(.bss)
    String_Buffer                            0x20001a8c   Data          33  user-app.o(.bss)
    STACK                                    0x20001ab0   Section     1024  startup_stm32l073xx.o(STACK)

    Global Symbols

    Symbol Name                              Value     Ov Type        Size  Object(Section)

    BuildAttributes$$THM_ISAv3M$S$PE$A:L22$X:L11$S22$IEEE1$IW$USESV6$~STKCKD$USESV7$~SHL$OTIME$ROPI$EBA8$MICROLIB$REQ8$PRES8$EABIv2 0x00000000   Number         0  anon$$obj.o ABSOLUTE
    __ARM_use_no_argv                        0x00000000   Number         0  main.o ABSOLUTE
    _printf_a                                0x00000000   Number         0  stubs.o ABSOLUTE
    _printf_c                                0x00000000   Number         0  stubs.o ABSOLUTE
    _printf_charcount                        0x00000000   Number         0  stubs.o ABSOLUTE
    _printf_d                                0x00000000   Number         0  stubs.o ABSOLUTE
    _printf_e                                0x00000000   Number         0  stubs.o ABSOLUTE
    _printf_f                                0x00000000   Number         0  stubs.o ABSOLUTE
    _printf_flags                            0x00000000   Number         0  stubs.o ABSOLUTE
    _printf_fp_dec                           0x00000000   Number         0  stubs.o ABSOLUTE
    _printf_fp_hex                           0x00000000   Number         0  stubs.o ABSOLUTE
    _printf_g                                0x00000000   Number         0  stubs.o ABSOLUTE
    _printf_i                                0x00000000   Number         0  stubs.o ABSOLUTE
    _printf_int_dec                          0x00000000   Number         0  stubs.o ABSOLUTE
    _printf_l                                0x00000000   Number         0  stubs.o ABSOLUTE
    _printf_lc                               0x00000000   Number         0  stubs.o ABSOLUTE
    _printf_ll                               0x00000000   Number         0  stubs.o ABSOLUTE
    _printf_lld                              0x00000000   Number         0  stubs.o ABSOLUTE
    _printf_lli                              0x00000000   Number         0  stubs.o ABSOLUTE
    _printf_llo                              0x00000000   Number         0  stubs.o ABSOLUTE
    _printf_llu                              0x00000000   Number         0  stubs.o ABSOLUTE
    _printf_llx                              0x00000000   Number         0  stubs.o ABSOLUTE
    _printf_longlong_dec                     0x00000000   Number         0  stubs.o ABSOLUTE
    _printf_longlong_hex                     0x00000000   Number         0  stubs.o ABSOLUTE
    _printf_longlong_oct                     0x00000000   Number         0  stubs.o ABSOLUTE
    _printf_ls                               0x00000000   Number         0  stubs.o ABSOLUTE
    _printf_mbtowc                           0x00000000   Number         0  stubs.o ABSOLUTE
    _printf_n                                0x00000000   Number         0  stubs.o ABSOLUTE
    _printf_o                                0x00000000   Number         0  stubs.o ABSOLUTE
    _printf_p                                0x00000000   Number         0  stubs.o ABSOLUTE
    _printf_percent                          0x00000000   Number         0  stubs.o ABSOLUTE
    _printf_pre_padding                      0x00000000   Number         0  stubs.o ABSOLUTE
    _printf_return_value                     0x00000000   Number         0  stubs.o ABSOLUTE
    _printf_s                                0x00000000   Number         0  stubs.o ABSOLUTE
    _printf_sizespec                         0x00000000   Number         0  stubs.o ABSOLUTE
    _printf_str                              0x00000000   Number         0  stubs.o ABSOLUTE
    _printf_truncate_signed                  0x00000000   Number         0  stubs.o ABSOLUTE
    _printf_truncate_unsigned                0x00000000   Number         0  stubs.o ABSOLUTE
    _printf_u                                0x00000000   Number         0  stubs.o ABSOLUTE
    _printf_wc                               0x00000000   Number         0  stubs.o ABSOLUTE
    _printf_wctomb                           0x00000000   Number         0  stubs.o ABSOLUTE
    _printf_widthprec                        0x00000000   Number         0  stubs.o ABSOLUTE
    _printf_x                                0x00000000   Number         0  stubs.o ABSOLUTE
    __cpp_initialize__aeabi_                  - Undefined Weak Reference
    __cxa_finalize                            - Undefined Weak Reference
    _clock_init                               - Undefined Weak Reference
    _microlib_exit                            - Undefined Weak Reference
    _scanf_longlong                           - Undefined Weak Reference
    _scanf_real                               - Undefined Weak Reference
    _scanf_string                             - Undefined Weak Reference
    __Vectors_Size                           0x000000c0   Number         0  startup_stm32l073xx.o ABSOLUTE
    __Vectors                                0x08000000   Data           4  startup_stm32l073xx.o(RESET)
    __Vectors_End                            0x080000c0   Data           0  startup_stm32l073xx.o(RESET)
    __main                                   0x080000c1   Thumb Code     0  entry.o(.ARM.Collect$$$$00000000)
    _main_stk                                0x080000c1   Thumb Code     0  entry2.o(.ARM.Collect$$$$00000001)
    _main_scatterload                        0x080000c5   Thumb Code     0  entry5.o(.ARM.Collect$$$$00000004)
    __main_after_scatterload                 0x080000c9   Thumb Code     0  entry5.o(.ARM.Collect$$$$00000004)
    _main_clock                              0x080000c9   Thumb Code     0  entry7b.o(.ARM.Collect$$$$00000008)
    _main_cpp_init                           0x080000c9   Thumb Code     0  entry8b.o(.ARM.Collect$$$$0000000A)
    _main_init                               0x080000c9   Thumb Code     0  entry9a.o(.ARM.Collect$$$$0000000B)
    __rt_final_cpp                           0x080000d1   Thumb Code     0  entry10a.o(.ARM.Collect$$$$0000000D)
    __rt_final_exit                          0x080000d1   Thumb Code     0  entry11a.o(.ARM.Collect$$$$0000000F)
    Reset_Handler                            0x080000d5   Thumb Code     8  startup_stm32l073xx.o(.text)
    ADC1_COMP_IRQHandler                     0x080000e7   Thumb Code     0  startup_stm32l073xx.o(.text)
    DMA1_Channel1_IRQHandler                 0x080000e7   Thumb Code     0  startup_stm32l073xx.o(.text)
    DMA1_Channel2_3_IRQHandler               0x080000e7   Thumb Code     0  startup_stm32l073xx.o(.text)
    DMA1_Channel4_5_6_7_IRQHandler           0x080000e7   Thumb Code     0  startup_stm32l073xx.o(.text)
    FLASH_IRQHandler                         0x080000e7   Thumb Code     0  startup_stm32l073xx.o(.text)
    I2C1_IRQHandler                          0x080000e7   Thumb Code     0  startup_stm32l073xx.o(.text)
    I2C2_IRQHandler                          0x080000e7   Thumb Code     0  startup_stm32l073xx.o(.text)
    I2C3_IRQHandler                          0x080000e7   Thumb Code     0  startup_stm32l073xx.o(.text)
    LCD_IRQHandler                           0x080000e7   Thumb Code     0  startup_stm32l073xx.o(.text)
    LPTIM1_IRQHandler                        0x080000e7   Thumb Code     0  startup_stm32l073xx.o(.text)
    PVD_IRQHandler                           0x080000e7   Thumb Code     0  startup_stm32l073xx.o(.text)
    RCC_CRS_IRQHandler                       0x080000e7   Thumb Code     0  startup_stm32l073xx.o(.text)
    SPI1_IRQHandler                          0x080000e7   Thumb Code     0  startup_stm32l073xx.o(.text)
    SPI2_IRQHandler                          0x080000e7   Thumb Code     0  startup_stm32l073xx.o(.text)
    TIM21_IRQHandler                         0x080000e7   Thumb Code     0  startup_stm32l073xx.o(.text)
    TIM22_IRQHandler                         0x080000e7   Thumb Code     0  startup_stm32l073xx.o(.text)
    TIM3_IRQHandler                          0x080000e7   Thumb Code     0  startup_stm32l073xx.o(.text)
    TIM6_DAC_IRQHandler                      0x080000e7   Thumb Code     0  startup_stm32l073xx.o(.text)
    TIM7_IRQHandler                          0x080000e7   Thumb Code     0  startup_stm32l073xx.o(.text)
    TSC_IRQHandler                           0x080000e7   Thumb Code     0  startup_stm32l073xx.o(.text)
    USART1_IRQHandler                        0x080000e7   Thumb Code     0  startup_stm32l073xx.o(.text)
    USB_IRQHandler                           0x080000e7   Thumb Code     0  startup_stm32l073xx.o(.text)
    __aeabi_uidiv                            0x080000f1   Thumb Code     0  uidiv.o(.text)
    __aeabi_uidivmod                         0x080000f1   Thumb Code    44  uidiv.o(.text)
    __aeabi_idiv                             0x0800011d   Thumb Code     0  idiv.o(.text)
    __aeabi_idivmod                          0x0800011d   Thumb Code    40  idiv.o(.text)
    __aeabi_uldivmod                         0x08000145   Thumb Code    96  uldiv.o(.text)
    __aeabi_memcpy                           0x080001a5   Thumb Code    36  memcpya.o(.text)
    __aeabi_memcpy4                          0x080001a5   Thumb Code     0  memcpya.o(.text)
    __aeabi_memcpy8                          0x080001a5   Thumb Code     0  memcpya.o(.text)
    __aeabi_memset                           0x080001c9   Thumb Code    14  memseta.o(.text)
    __aeabi_memset4                          0x080001c9   Thumb Code     0  memseta.o(.text)
    __aeabi_memset8                          0x080001c9   Thumb Code     0  memseta.o(.text)
    __aeabi_memclr                           0x080001d7   Thumb Code     4  memseta.o(.text)
    __aeabi_memclr4                          0x080001d7   Thumb Code     0  memseta.o(.text)
    __aeabi_memclr8                          0x080001d7   Thumb Code     0  memseta.o(.text)
    _memset$wrapper                          0x080001db   Thumb Code    18  memseta.o(.text)
    strstr                                   0x080001ed   Thumb Code    40  strstr.o(.text)
    strlen                                   0x08000215   Thumb Code    14  strlen.o(.text)
    strcmp                                   0x08000223   Thumb Code    28  strcmp.o(.text)
    __aeabi_uread4                           0x0800023f   Thumb Code    20  uread4.o(.text)
    __rt_uread4                              0x0800023f   Thumb Code     0  uread4.o(.text)
    _uread4                                  0x0800023f   Thumb Code     0  uread4.o(.text)
    __aeabi_uwrite4                          0x08000253   Thumb Code    18  uwrite4.o(.text)
    __rt_uwrite4                             0x08000253   Thumb Code     0  uwrite4.o(.text)
    _uwrite4                                 0x08000253   Thumb Code     0  uwrite4.o(.text)
    __0sscanf                                0x08000265   Thumb Code    50  __0sscanf.o(.text)
    _scanf_int                               0x080002a1   Thumb Code   330  _scanf_int.o(.text)
    __aeabi_fadd                             0x080003eb   Thumb Code   162  fadd.o(.text)
    __aeabi_fsub                             0x0800048d   Thumb Code     8  fadd.o(.text)
    __aeabi_frsub                            0x08000495   Thumb Code     8  fadd.o(.text)
    __aeabi_fmul                             0x0800049d   Thumb Code   122  fmul.o(.text)
    __aeabi_fdiv                             0x08000517   Thumb Code   124  fdiv.o(.text)
    __aeabi_ddiv                             0x08000595   Thumb Code   234  ddiv.o(.text)
    __aeabi_ui2f                             0x08000685   Thumb Code    14  ffltui.o(.text)
    __aeabi_ui2d                             0x08000695   Thumb Code    24  dfltui.o(.text)
    __aeabi_f2uiz                            0x080006b1   Thumb Code    40  ffixui.o(.text)
    __aeabi_f2d                              0x080006d9   Thumb Code    40  f2d.o(.text)
    __aeabi_llsl                             0x08000701   Thumb Code    32  llshl.o(.text)
    _ll_shift_l                              0x08000701   Thumb Code     0  llshl.o(.text)
    __aeabi_llsr                             0x08000721   Thumb Code    34  llushr.o(.text)
    _ll_ushift_r                             0x08000721   Thumb Code     0  llushr.o(.text)
    _chval                                   0x08000743   Thumb Code    30  _chval.o(.text)
    __vfscanf_char                           0x0800076d   Thumb Code    24  scanf_char.o(.text)
    _sgetc                                   0x0800078d   Thumb Code    32  _sgetc.o(.text)
    _sbackspace                              0x080007ad   Thumb Code    36  _sgetc.o(.text)
    __I$use$fp                               0x080007d1   Thumb Code     0  iusefp.o(.text)
    _float_round                             0x080007d1   Thumb Code    16  fepilogue.o(.text)
    _float_epilogue                          0x080007e1   Thumb Code   114  fepilogue.o(.text)
    _double_round                            0x08000853   Thumb Code    26  depilogue.o(.text)
    _double_epilogue                         0x0800086d   Thumb Code   164  depilogue.o(.text)
    __aeabi_dadd                             0x08000911   Thumb Code   328  dadd.o(.text)
    __aeabi_dsub                             0x08000a59   Thumb Code    12  dadd.o(.text)
    __aeabi_drsub                            0x08000a65   Thumb Code    12  dadd.o(.text)
    __aeabi_dmul                             0x08000a75   Thumb Code   202  dmul.o(.text)
    __aeabi_d2ulz                            0x08000b45   Thumb Code    54  dfixul.o(.text)
    __aeabi_cdrcmple                         0x08000b85   Thumb Code    38  cdrcmple.o(.text)
    __scatterload                            0x08000bad   Thumb Code    28  init.o(.text)
    __scatterload_rt2                        0x08000bad   Thumb Code     0  init.o(.text)
    __aeabi_lasr                             0x08000bd1   Thumb Code    38  llsshr.o(.text)
    _ll_sshift_r                             0x08000bd1   Thumb Code     0  llsshr.o(.text)
    isspace                                  0x08000bf7   Thumb Code    14  isspace_c.o(.text)
    __vfscanf                                0x08000c05   Thumb Code   812  _scanf.o(.text)
    __ctype_lookup                           0x08000f3d   Thumb Code    32  ctype_c.o(.text)
    __decompress                             0x08000f61   Thumb Code     0  __dczerorl2.o(.text)
    __decompress1                            0x08000f61   Thumb Code    86  __dczerorl2.o(.text)
    AdcReadParameter                         0x08001191   Thumb Code   130  adc.o(i.AdcReadParameter)
    BatDisableCharge                         0x0800121d   Thumb Code    14  power.o(i.BatDisableCharge)
    BatEnableCharge                          0x08001231   Thumb Code    16  power.o(i.BatEnableCharge)
    BoardDeInitMcu                           0x08001245   Thumb Code   340  board.o(i.BoardDeInitMcu)
    BoardInitMcu                             0x080013c9   Thumb Code   308  board.o(i.BoardInitMcu)
    CalcCRC16                                0x08001509   Thumb Code    68  rs485.o(i.CalcCRC16)
    CalcCRC8                                 0x08001555   Thumb Code    62  zeta.o(i.CalcCRC8)
    CheckBattery                             0x08001595   Thumb Code   174  power.o(i.CheckBattery)
    EXTI0_1_IRQHandler                       0x08001691   Thumb Code    16  gpio-board.o(i.EXTI0_1_IRQHandler)
    EXTI2_3_IRQHandler                       0x080016a1   Thumb Code    16  gpio-board.o(i.EXTI2_3_IRQHandler)
    EXTI4_15_IRQHandler                      0x080016b1   Thumb Code    92  gpio-board.o(i.EXTI4_15_IRQHandler)
    Error_Handler                            0x0800170d   Thumb Code    10  main.o(i.Error_Handler)
    FIFO_UartEnableRxIT                      0x08001721   Thumb Code    24  fifo_uart.o(i.FIFO_UartEnableRxIT)
    FIFO_UartIRQ                             0x08001739   Thumb Code   200  fifo_uart.o(i.FIFO_UartIRQ)
    FIFO_UartReadByte                        0x08001801   Thumb Code    86  fifo_uart.o(i.FIFO_UartReadByte)
    FIFO_UartVarInit                         0x08001857   Thumb Code    50  fifo_uart.o(i.FIFO_UartVarInit)
    FLASH_PageErase                          0x08001889   Thumb Code    42  stm32l0xx_hal_flash_ex.o(i.FLASH_PageErase)
    FLASH_WaitForLastOperation               0x080019ad   Thumb Code   162  stm32l0xx_hal_flash.o(i.FLASH_WaitForLastOperation)
    FlashRead16                              0x08001a55   Thumb Code    36  stmflash.o(i.FlashRead16)
    FlashRead16More                          0x08001a7d   Thumb Code    70  stmflash.o(i.FlashRead16More)
    FlashRead32                              0x08001ac9   Thumb Code    36  stmflash.o(i.FlashRead32)
    FlashReadPage                            0x08001af1   Thumb Code    76  stmflash.o(i.FlashReadPage)
    FlashWrite32                             0x08001b41   Thumb Code   176  stmflash.o(i.FlashWrite32)
    FlashWritePage                           0x08001bf5   Thumb Code   192  stmflash.o(i.FlashWritePage)
    GetLedStates                             0x08001ced   Thumb Code     6  led.o(i.GetLedStates)
    GetRs485Type                             0x08001cf9   Thumb Code    12  sensor.o(i.GetRs485Type)
    GpsDisable                               0x08001d0d   Thumb Code    70  gps.o(i.GpsDisable)
    GpsEnable                                0x08001d5d   Thumb Code    14  gps.o(i.GpsEnable)
    GpsGetPosition                           0x08001d71   Thumb Code   462  gps.o(i.GpsGetPosition)
    GpsGetPositionAgain                      0x08001f89   Thumb Code    54  gps.o(i.GpsGetPositionAgain)
    GpsInit                                  0x08001fcd   Thumb Code    66  gps.o(i.GpsInit)
    GpsSet                                   0x08002019   Thumb Code   190  gps.o(i.GpsSet)
    HAL_ADCEx_Calibration_Start              0x08002151   Thumb Code   216  stm32l0xx_hal_adc_ex.o(i.HAL_ADCEx_Calibration_Start)
    HAL_ADC_ConfigChannel                    0x08002229   Thumb Code   306  stm32l0xx_hal_adc.o(i.HAL_ADC_ConfigChannel)
    HAL_ADC_GetState                         0x08002371   Thumb Code     6  stm32l0xx_hal_adc.o(i.HAL_ADC_GetState)
    HAL_ADC_GetValue                         0x08002377   Thumb Code     8  stm32l0xx_hal_adc.o(i.HAL_ADC_GetValue)
    HAL_ADC_Init                             0x08002381   Thumb Code   554  stm32l0xx_hal_adc.o(i.HAL_ADC_Init)
    HAL_ADC_MspInit                          0x080025b5   Thumb Code    52  adc.o(i.HAL_ADC_MspInit)
    HAL_ADC_PollForConversion                0x080025f1   Thumb Code   232  stm32l0xx_hal_adc.o(i.HAL_ADC_PollForConversion)
    HAL_ADC_Start                            0x080026d9   Thumb Code   114  stm32l0xx_hal_adc.o(i.HAL_ADC_Start)
    HAL_ADC_Stop                             0x08002751   Thumb Code    80  stm32l0xx_hal_adc.o(i.HAL_ADC_Stop)
    HAL_DMA_Abort_IT                         0x080027a1   Thumb Code   174  stm32l0xx_hal_dma.o(i.HAL_DMA_Abort_IT)
    HAL_Delay                                0x08002855   Thumb Code    26  stm32l0xx_hal.o(i.HAL_Delay)
    HAL_FLASHEx_Erase                        0x08002871   Thumb Code   128  stm32l0xx_hal_flash_ex.o(i.HAL_FLASHEx_Erase)
    HAL_FLASH_GetError                       0x080028fd   Thumb Code     6  stm32l0xx_hal_flash.o(i.HAL_FLASH_GetError)
    HAL_FLASH_Lock                           0x08002909   Thumb Code    16  stm32l0xx_hal_flash.o(i.HAL_FLASH_Lock)
    HAL_FLASH_Program                        0x0800291d   Thumb Code    72  stm32l0xx_hal_flash.o(i.HAL_FLASH_Program)
    HAL_FLASH_Unlock                         0x0800296d   Thumb Code    54  stm32l0xx_hal_flash.o(i.HAL_FLASH_Unlock)
    HAL_GPIO_DeInit                          0x080029b9   Thumb Code   266  stm32l0xx_hal_gpio.o(i.HAL_GPIO_DeInit)
    HAL_GPIO_EXTI_Callback                   0x08002ae1   Thumb Code    32  gpio-board.o(i.HAL_GPIO_EXTI_Callback)
    HAL_GPIO_EXTI_IRQHandler                 0x08002b05   Thumb Code    26  stm32l0xx_hal_gpio.o(i.HAL_GPIO_EXTI_IRQHandler)
    HAL_GPIO_Init                            0x08002b25   Thumb Code   472  stm32l0xx_hal_gpio.o(i.HAL_GPIO_Init)
    HAL_GPIO_ReadPin                         0x08002d1d   Thumb Code    18  stm32l0xx_hal_gpio.o(i.HAL_GPIO_ReadPin)
    HAL_GPIO_TogglePin                       0x08002d2f   Thumb Code     8  stm32l0xx_hal_gpio.o(i.HAL_GPIO_TogglePin)
    HAL_GPIO_WritePin                        0x08002d37   Thumb Code    12  stm32l0xx_hal_gpio.o(i.HAL_GPIO_WritePin)
    HAL_GetTick                              0x08002d45   Thumb Code     6  stm32l0xx_hal.o(i.HAL_GetTick)
    HAL_IncTick                              0x08002d51   Thumb Code    12  stm32l0xx_hal.o(i.HAL_IncTick)
    HAL_Init                                 0x08002d61   Thumb Code    28  stm32l0xx_hal.o(i.HAL_Init)
    HAL_InitTick                             0x08002d81   Thumb Code    36  stm32l0xx_hal.o(i.HAL_InitTick)
    HAL_MspInit                              0x08002da9   Thumb Code     2  stm32l0xx_hal.o(i.HAL_MspInit)
    HAL_NVIC_DisableIRQ                      0x08002dad   Thumb Code    18  stm32l0xx_hal_cortex.o(i.HAL_NVIC_DisableIRQ)
    HAL_NVIC_EnableIRQ                       0x08002dc5   Thumb Code    18  stm32l0xx_hal_cortex.o(i.HAL_NVIC_EnableIRQ)
    HAL_NVIC_SetPriority                     0x08002ddd   Thumb Code    18  stm32l0xx_hal_cortex.o(i.HAL_NVIC_SetPriority)
    HAL_PWREx_EnableFastWakeUp               0x08002df1   Thumb Code    16  stm32l0xx_hal_pwr_ex.o(i.HAL_PWREx_EnableFastWakeUp)
    HAL_PWREx_EnableUltraLowPower            0x08002e05   Thumb Code    16  stm32l0xx_hal_pwr_ex.o(i.HAL_PWREx_EnableUltraLowPower)
    HAL_PWR_DisablePVD                       0x08002e19   Thumb Code    14  stm32l0xx_hal_pwr.o(i.HAL_PWR_DisablePVD)
    HAL_PWR_EnterSTOPMode                    0x08002e2d   Thumb Code    64  stm32l0xx_hal_pwr.o(i.HAL_PWR_EnterSTOPMode)
    HAL_RCCEx_GetPeriphCLKFreq               0x08002e75   Thumb Code   866  stm32l0xx_hal_rcc_ex.o(i.HAL_RCCEx_GetPeriphCLKFreq)
    HAL_RCCEx_PeriphCLKConfig                0x08003201   Thumb Code   672  stm32l0xx_hal_rcc_ex.o(i.HAL_RCCEx_PeriphCLKConfig)
    HAL_RCC_ClockConfig                      0x080034ad   Thumb Code   482  stm32l0xx_hal_rcc.o(i.HAL_RCC_ClockConfig)
    HAL_RCC_GetHCLKFreq                      0x080036a5   Thumb Code     6  stm32l0xx_hal_rcc.o(i.HAL_RCC_GetHCLKFreq)
    HAL_RCC_GetPCLK1Freq                     0x080036b1   Thumb Code    26  stm32l0xx_hal_rcc.o(i.HAL_RCC_GetPCLK1Freq)
    HAL_RCC_GetPCLK2Freq                     0x080036d5   Thumb Code    26  stm32l0xx_hal_rcc.o(i.HAL_RCC_GetPCLK2Freq)
    HAL_RCC_GetSysClockFreq                  0x080036f9   Thumb Code   206  stm32l0xx_hal_rcc.o(i.HAL_RCC_GetSysClockFreq)
    HAL_RCC_OscConfig                        0x080037dd   Thumb Code  1732  stm32l0xx_hal_rcc.o(i.HAL_RCC_OscConfig)
    HAL_RTCEx_AlarmBEventCallback            0x08003eb1   Thumb Code     2  stm32l0xx_hal_rtc_ex.o(i.HAL_RTCEx_AlarmBEventCallback)
    HAL_RTCEx_BKUPRead                       0x08003eb3   Thumb Code    18  stm32l0xx_hal_rtc_ex.o(i.HAL_RTCEx_BKUPRead)
    HAL_RTCEx_BKUPWrite                      0x08003ec5   Thumb Code    18  stm32l0xx_hal_rtc_ex.o(i.HAL_RTCEx_BKUPWrite)
    HAL_RTCEx_DeactivateWakeUpTimer          0x08003ed7   Thumb Code   174  stm32l0xx_hal_rtc_ex.o(i.HAL_RTCEx_DeactivateWakeUpTimer)
    HAL_RTC_AlarmAEventCallback              0x08003f85   Thumb Code    70  stm32l0xx_it.o(i.HAL_RTC_AlarmAEventCallback)
    HAL_RTC_AlarmIRQHandler                  0x08003fed   Thumb Code   124  stm32l0xx_hal_rtc.o(i.HAL_RTC_AlarmIRQHandler)
    HAL_RTC_DeactivateAlarm                  0x08004075   Thumb Code   274  stm32l0xx_hal_rtc.o(i.HAL_RTC_DeactivateAlarm)
    HAL_RTC_GetDate                          0x08004189   Thumb Code    88  stm32l0xx_hal_rtc.o(i.HAL_RTC_GetDate)
    HAL_RTC_GetTime                          0x080041e5   Thumb Code   104  stm32l0xx_hal_rtc.o(i.HAL_RTC_GetTime)
    HAL_RTC_Init                             0x08004251   Thumb Code   202  stm32l0xx_hal_rtc.o(i.HAL_RTC_Init)
    HAL_RTC_MspInit                          0x08004339   Thumb Code    24  rtc-board.o(i.HAL_RTC_MspInit)
    HAL_RTC_SetAlarm_IT                      0x08004359   Thumb Code   590  stm32l0xx_hal_rtc.o(i.HAL_RTC_SetAlarm_IT)
    HAL_RTC_SetDate                          0x080045b5   Thumb Code   298  stm32l0xx_hal_rtc.o(i.HAL_RTC_SetDate)
    HAL_RTC_SetTime                          0x080046e5   Thumb Code   336  stm32l0xx_hal_rtc.o(i.HAL_RTC_SetTime)
    HAL_RTC_WaitForSynchro                   0x08004839   Thumb Code    60  stm32l0xx_hal_rtc.o(i.HAL_RTC_WaitForSynchro)
    HAL_ResumeTick                           0x08004875   Thumb Code    14  stm32l0xx_hal.o(i.HAL_ResumeTick)
    HAL_SPI_Init                             0x08004889   Thumb Code   142  stm32l0xx_hal_spi.o(i.HAL_SPI_Init)
    HAL_SPI_MspInit                          0x08004919   Thumb Code    88  spi.o(i.HAL_SPI_MspInit)
    HAL_SPI_TransmitReceive                  0x08004979   Thumb Code   894  stm32l0xx_hal_spi.o(i.HAL_SPI_TransmitReceive)
    HAL_SYSTICK_CLKSourceConfig              0x08004cf9   Thumb Code    32  stm32l0xx_hal_cortex.o(i.HAL_SYSTICK_CLKSourceConfig)
    HAL_SYSTICK_Callback                     0x08004d1d   Thumb Code     2  stm32l0xx_hal_cortex.o(i.HAL_SYSTICK_Callback)
    HAL_SYSTICK_Config                       0x08004d21   Thumb Code    46  stm32l0xx_hal_cortex.o(i.HAL_SYSTICK_Config)
    HAL_SYSTICK_IRQHandler                   0x08004d59   Thumb Code     8  stm32l0xx_hal_cortex.o(i.HAL_SYSTICK_IRQHandler)
    HAL_SuspendTick                          0x08004d61   Thumb Code    14  stm32l0xx_hal.o(i.HAL_SuspendTick)
    HAL_TIMEx_MasterConfigSynchronization    0x08004d75   Thumb Code    98  stm32l0xx_hal_tim_ex.o(i.HAL_TIMEx_MasterConfigSynchronization)
    HAL_TIM_Base_Init                        0x08004dd7   Thumb Code    56  stm32l0xx_hal_tim.o(i.HAL_TIM_Base_Init)
    HAL_TIM_Base_MspInit                     0x08004e11   Thumb Code    24  timer-board.o(i.HAL_TIM_Base_MspInit)
    HAL_TIM_Base_Start_IT                    0x08004e2d   Thumb Code    30  stm32l0xx_hal_tim.o(i.HAL_TIM_Base_Start_IT)
    HAL_TIM_Base_Stop_IT                     0x08004e4d   Thumb Code    46  stm32l0xx_hal_tim.o(i.HAL_TIM_Base_Stop_IT)
    HAL_TIM_ConfigClockSource                0x08004e81   Thumb Code   318  stm32l0xx_hal_tim.o(i.HAL_TIM_ConfigClockSource)
    HAL_TIM_IC_CaptureCallback               0x08004fbf   Thumb Code     2  stm32l0xx_hal_tim.o(i.HAL_TIM_IC_CaptureCallback)
    HAL_TIM_IRQHandler                       0x08004fc1   Thumb Code   380  stm32l0xx_hal_tim.o(i.HAL_TIM_IRQHandler)
    HAL_TIM_OC_DelayElapsedCallback          0x0800513d   Thumb Code     2  stm32l0xx_hal_tim.o(i.HAL_TIM_OC_DelayElapsedCallback)
    HAL_TIM_PWM_PulseFinishedCallback        0x0800513f   Thumb Code     2  stm32l0xx_hal_tim.o(i.HAL_TIM_PWM_PulseFinishedCallback)
    HAL_TIM_PeriodElapsedCallback            0x08005141   Thumb Code    52  stm32l0xx_it.o(i.HAL_TIM_PeriodElapsedCallback)
    HAL_TIM_TriggerCallback                  0x08005181   Thumb Code     2  stm32l0xx_hal_tim.o(i.HAL_TIM_TriggerCallback)
    HAL_UARTEx_WakeupCallback                0x08005183   Thumb Code     2  stm32l0xx_hal_uart_ex.o(i.HAL_UARTEx_WakeupCallback)
    HAL_UART_DeInit                          0x08005185   Thumb Code    76  stm32l0xx_hal_uart.o(i.HAL_UART_DeInit)
    HAL_UART_ErrorCallback                   0x080051d1   Thumb Code     2  stm32l0xx_hal_uart.o(i.HAL_UART_ErrorCallback)
    HAL_UART_GetState                        0x080051d3   Thumb Code    20  stm32l0xx_hal_uart.o(i.HAL_UART_GetState)
    HAL_UART_IRQHandler                      0x080051e9   Thumb Code   444  stm32l0xx_hal_uart.o(i.HAL_UART_IRQHandler)
    HAL_UART_Init                            0x080053a9   Thumb Code   130  stm32l0xx_hal_uart.o(i.HAL_UART_Init)
    HAL_UART_MspDeInit                       0x0800542d   Thumb Code   124  usart.o(i.HAL_UART_MspDeInit)
    HAL_UART_MspInit                         0x080054bd   Thumb Code   224  usart.o(i.HAL_UART_MspInit)
    HAL_UART_Receive_IT                      0x080055b5   Thumb Code   230  stm32l0xx_hal_uart.o(i.HAL_UART_Receive_IT)
    HAL_UART_RxCpltCallback                  0x080056a1   Thumb Code   414  usart.o(i.HAL_UART_RxCpltCallback)
    HAL_UART_Transmit                        0x080058b5   Thumb Code   240  stm32l0xx_hal_uart.o(i.HAL_UART_Transmit)
    HAL_UART_TxCpltCallback                  0x080059a5   Thumb Code     2  stm32l0xx_hal_uart.o(i.HAL_UART_TxCpltCallback)
    HAL_WWDG_EarlyWakeupCallback             0x080059a7   Thumb Code     2  stm32l0xx_hal_wwdg.o(i.HAL_WWDG_EarlyWakeupCallback)
    HAL_WWDG_IRQHandler                      0x080059a9   Thumb Code    52  stm32l0xx_hal_wwdg.o(i.HAL_WWDG_IRQHandler)
    HAL_WWDG_Refresh                         0x080059dd   Thumb Code    12  stm32l0xx_hal_wwdg.o(i.HAL_WWDG_Refresh)
    HardFault_Handler                        0x080059e9   Thumb Code    12  stm32l0xx_it.o(i.HardFault_Handler)
    InitUartFifo                             0x08005a01   Thumb Code    40  usart.o(i.InitUartFifo)
    LedDisplay                               0x08005a39   Thumb Code    42  led.o(i.LedDisplay)
    LedInit                                  0x08005a65   Thumb Code    68  led.o(i.LedInit)
    LedOff                                   0x08005ab1   Thumb Code    16  led.o(i.LedOff)
    LedOn                                    0x08005ac5   Thumb Code    14  led.o(i.LedOn)
    LedRev                                   0x08005ad9   Thumb Code    60  led.o(i.LedRev)
    LedSendFail                              0x08005b19   Thumb Code    76  led.o(i.LedSendFail)
    LedSendSucess                            0x08005b9d   Thumb Code    62  led.o(i.LedSendSucess)
    LedToggle                                0x08005be1   Thumb Code    14  led.o(i.LedToggle)
    MX_ADC_Init                              0x08005bf5   Thumb Code    88  adc.o(i.MX_ADC_Init)
    MX_LPUART1_UART_Init                     0x08005c55   Thumb Code    82  usart.o(i.MX_LPUART1_UART_Init)
    MX_USART1_UART_Init                      0x08005cb5   Thumb Code    58  usart.o(i.MX_USART1_UART_Init)
    MX_USART2_UART_Init                      0x08005cf9   Thumb Code    84  usart.o(i.MX_USART2_UART_Init)
    MX_USART5_UART_Init                      0x08005d59   Thumb Code    74  usart.o(i.MX_USART5_UART_Init)
    NMEA_Comma_Pos                           0x08005dad   Thumb Code    50  gps.o(i.NMEA_Comma_Pos)
    NMEA_GPGLL_Analysis                      0x08005de1   Thumb Code   518  gps.o(i.NMEA_GPGLL_Analysis)
    NMEA_Pow                                 0x08005ff9   Thumb Code    26  gps.o(i.NMEA_Pow)
    NMEA_Str2num                             0x08006013   Thumb Code   256  gps.o(i.NMEA_Str2num)
    NMI_Handler                              0x08006113   Thumb Code     2  stm32l0xx_it.o(i.NMI_Handler)
    OpenExpenBox                             0x0800618d   Thumb Code    46  sensor.o(i.OpenExpenBox)
    PendSV_Handler                           0x080061c5   Thumb Code     2  stm32l0xx_it.o(i.PendSV_Handler)
    RNG_LPUART1_IRQHandler                   0x08006261   Thumb Code    80  stm32l0xx_it.o(i.RNG_LPUART1_IRQHandler)
    RS485CmdPackage                          0x080062b9   Thumb Code   148  sensor.o(i.RS485CmdPackage)
    RTC_Bcd2ToByte                           0x08006351   Thumb Code    26  stm32l0xx_hal_rtc.o(i.RTC_Bcd2ToByte)
    RTC_ByteToBcd2                           0x0800636b   Thumb Code    26  stm32l0xx_hal_rtc.o(i.RTC_ByteToBcd2)
    RTC_EnterInitMode                        0x08006385   Thumb Code    66  stm32l0xx_hal_rtc.o(i.RTC_EnterInitMode)
    RTC_IRQHandler                           0x080063c9   Thumb Code    20  stm32l0xx_it.o(i.RTC_IRQHandler)
    RTC_Init                                 0x080063e1   Thumb Code   142  rtc-board.o(i.RTC_Init)
    ReadBattery                              0x0800647d   Thumb Code   126  power.o(i.ReadBattery)
    Rs485ClsoePin                            0x08006531   Thumb Code    32  rs485.o(i.Rs485ClsoePin)
    Rs485Cmd                                 0x08006555   Thumb Code   184  rs485.o(i.Rs485Cmd)
    Rs485GetData                             0x08006619   Thumb Code    72  rs485.o(i.Rs485GetData)
    Rs485Init                                0x08006685   Thumb Code    54  rs485.o(i.Rs485Init)
    Rs485OpenPin                             0x080066e5   Thumb Code    50  rs485.o(i.Rs485OpenPin)
    Rs485PinInit                             0x0800671d   Thumb Code   112  rs485.o(i.Rs485PinInit)
    Rs485Print                               0x08006799   Thumb Code    52  rs485.o(i.Rs485Print)
    SPI1_Init                                0x080067ed   Thumb Code    68  spi.o(i.SPI1_Init)
    SVC_Handler                              0x08006969   Thumb Code     2  stm32l0xx_it.o(i.SVC_Handler)
    SensorDataProces                         0x0800696d   Thumb Code  1702  sensor.o(i.SensorDataProces)
    SensorExpBoxAddr                         0x08007035   Thumb Code   690  sensor.o(i.SensorExpBoxAddr)
    SensorExpenData                          0x08007361   Thumb Code   790  sensor.o(i.SensorExpenData)
    SensorExpendBoxLive                      0x080076a9   Thumb Code    78  sensor.o(i.SensorExpendBoxLive)
    SensorGetData                            0x08007701   Thumb Code    54  sensor.o(i.SensorGetData)
    SensorHandle                             0x0800773d   Thumb Code   108  sensor.o(i.SensorHandle)
    SensorMaBoxData                          0x080077bd   Thumb Code   438  sensor.o(i.SensorMaBoxData)
    SensorQueryPinStaus                      0x08007991   Thumb Code    82  sensor.o(i.SensorQueryPinStaus)
    SensorQueryType                          0x080079f5   Thumb Code   542  sensor.o(i.SensorQueryType)
    SensorsInit                              0x08007c7d   Thumb Code    56  sensor.o(i.SensorsInit)
    SetLedStates                             0x08007ce5   Thumb Code     6  led.o(i.SetLedStates)
    SetRtcAlarm                              0x08007cf1   Thumb Code   234  rtc-board.o(i.SetRtcAlarm)
    SpiFlashPowerDown                        0x08007e41   Thumb Code    36  user_spi_flash.o(i.SpiFlashPowerDown)
    SpiFlashSendByte                         0x08007e65   Thumb Code    36  user_spi_flash.o(i.SpiFlashSendByte)
    String_Conversion                        0x08007e91   Thumb Code    54  user-app.o(i.String_Conversion)
    SysTick_Handler                          0x08007ecd   Thumb Code    22  stm32l0xx_it.o(i.SysTick_Handler)
    SystemClockConfig                        0x08007ee9   Thumb Code   172  board.o(i.SystemClockConfig)
    SystemClockReConfig                      0x08007f99   Thumb Code   136  board.o(i.SystemClockReConfig)
    SystemInit                               0x08008029   Thumb Code    88  system_stm32l0xx.o(i.SystemInit)
    TIM2_IRQHandler                          0x08008091   Thumb Code    10  stm32l0xx_it.o(i.TIM2_IRQHandler)
    TimerHwInit                              0x080081c9   Thumb Code    96  timer-board.o(i.TimerHwInit)
    UART_AdvFeatureConfig                    0x08008231   Thumb Code   240  stm32l0xx_hal_uart.o(i.UART_AdvFeatureConfig)
    UART_CheckIdleState                      0x08008321   Thumb Code   112  stm32l0xx_hal_uart.o(i.UART_CheckIdleState)
    UART_SetConfig                           0x08008481   Thumb Code   954  stm32l0xx_hal_uart.o(i.UART_SetConfig)
    UART_WaitOnFlagUntilTimeout              0x080088e3   Thumb Code   112  stm32l0xx_hal_uart.o(i.UART_WaitOnFlagUntilTimeout)
    USART2_IRQHandler                        0x08008955   Thumb Code    80  stm32l0xx_it.o(i.USART2_IRQHandler)
    USART4_5_IRQHandler                      0x080089ad   Thumb Code    10  stm32l0xx_it.o(i.USART4_5_IRQHandler)
    UartReadByte                             0x080089bd   Thumb Code    28  fifo_uart.o(i.UartReadByte)
    UartSendByte                             0x080089d9   Thumb Code    28  fifo_uart.o(i.UartSendByte)
    UserCheckCmd                             0x080089f5   Thumb Code   198  user-app.o(i.UserCheckCmd)
    UserCheckSensors                         0x08008af9   Thumb Code    56  user-app.o(i.UserCheckSensors)
    UserDownCommand                          0x08008b75   Thumb Code   380  user-app.o(i.UserDownCommand)
    UserGetAddID                             0x08008d3d   Thumb Code   122  user-app.o(i.UserGetAddID)
    UserIntoLowPower                         0x08008ddd   Thumb Code    52  user-app.o(i.UserIntoLowPower)
    UserReadFlash                            0x08008e15   Thumb Code   174  user-app.o(i.UserReadFlash)
    UserSend                                 0x08008f49   Thumb Code   158  user-app.o(i.UserSend)
    UserSendGps                              0x0800902d   Thumb Code   358  user-app.o(i.UserSendGps)
    UserSendSensor                           0x08009275   Thumb Code   446  user-app.o(i.UserSendSensor)
    UserSetHeart                             0x08009471   Thumb Code   158  user-app.o(i.UserSetHeart)
    WWDG_IRQHandler                          0x0800952d   Thumb Code    50  stm32l0xx_it.o(i.WWDG_IRQHandler)
    WakeupZetaDisable                        0x08009575   Thumb Code    30  zeta.o(i.WakeupZetaDisable)
    WakeupZetaEnable                         0x08009599   Thumb Code    30  zeta.o(i.WakeupZetaEnable)
    ZetaDownCommand                          0x080095bd   Thumb Code   122  zeta.o(i.ZetaDownCommand)
    ZetaInit                                 0x08009649   Thumb Code   188  zeta.o(i.ZetaInit)
    ZetaInterrupt                            0x08009715   Thumb Code    24  zeta.o(i.ZetaInterrupt)
    ZetaPowerOff                             0x0800973d   Thumb Code    18  zeta.o(i.ZetaPowerOff)
    ZetaPowerOn                              0x0800974f   Thumb Code    16  zeta.o(i.ZetaPowerOn)
    ZetaRecv                                 0x08009761   Thumb Code   520  zeta.o(i.ZetaRecv)
    ZetaSend                                 0x08009995   Thumb Code    26  zeta.o(i.ZetaSend)
    ZetaStatus                               0x080099b9   Thumb Code    12  zeta.o(i.ZetaStatus)
    _12VPowerOff                             0x080099c9   Thumb Code    28  rs485.o(i._12VPowerOff)
    _12VPowerOn                              0x080099e9   Thumb Code    26  rs485.o(i._12VPowerOn)
    __0printf                                0x08009a09   Thumb Code    24  printfa.o(i.__0printf)
    __1printf                                0x08009a09   Thumb Code     0  printfa.o(i.__0printf)
    __2printf                                0x08009a09   Thumb Code     0  printfa.o(i.__0printf)
    __c89printf                              0x08009a09   Thumb Code     0  printfa.o(i.__0printf)
    printf                                   0x08009a09   Thumb Code     0  printfa.o(i.__0printf)
    __ARM_clz                                0x08009a29   Thumb Code    46  depilogue.o(i.__ARM_clz)
    __ARM_common_ll_muluu                    0x08009a57   Thumb Code    48  stm32l0xx_hal_uart.o(i.__ARM_common_ll_muluu)
    __scatterload_copy                       0x08009a87   Thumb Code    14  handlers.o(i.__scatterload_copy)
    __scatterload_null                       0x08009a95   Thumb Code     2  handlers.o(i.__scatterload_null)
    __scatterload_zeroinit                   0x08009a97   Thumb Code    14  handlers.o(i.__scatterload_zeroinit)
    fputc                                    0x0800a33d   Thumb Code    20  usart.o(i.fputc)
    main                                     0x0800a359   Thumb Code   172  main.o(i.main)
    memcpy1                                  0x0800a479   Thumb Code    24  rs485.o(i.memcpy1)
    AHBPrescTable                            0x0800a490   Data          16  system_stm32l0xx.o(.constdata)
    APBPrescTable                            0x0800a4a0   Data           8  system_stm32l0xx.o(.constdata)
    PLLMulTable                              0x0800a4a8   Data           9  system_stm32l0xx.o(.constdata)
    Gps                                      0x0800a4b4   Data          20  gps.o(.constdata)
    BAUD_id                                  0x0800a4c8   Data          36  gps.o(.constdata)
    ZetaHandle                               0x0800a560   Data          44  zeta.o(.constdata)
    __ctype_categories                       0x0800a59a   Data          64  ctype_c.o(.constdata)
    Region$$Table$$Base                      0x0800af40   Number         0  anon$$obj.o(Region$$Table)
    Region$$Table$$Limit                     0x0800af60   Number         0  anon$$obj.o(Region$$Table)
    SystemCoreClock                          0x20000000   Data           4  system_stm32l0xx.o(.data)
    uwTick                                   0x20000004   Data           4  stm32l0xx_hal.o(.data)
    LedStates                                0x20000008   Data           1  led.o(.data)
    WdgTime                                  0x2000000a   Data           2  wwdg.o(.data)
    McuInitialized                           0x2000000c   Data           1  board.o(.data)
    CheckRs485s                              0x20000010   Data        1380  sensor.o(.data)
    SendBufsCounter                          0x20000574   Data           1  sensor.o(.data)
    OpenExpendBoxbuff                        0x20000575   Data          10  sensor.o(.data)
    ExpendBoxbuff                            0x2000057f   Data           9  sensor.o(.data)
    SetGpsAck                                0x20000588   Data          80  gps.o(.data)
    Timer2_Counter                           0x200005d8   Data           4  stm32l0xx_it.o(.data)
    TimerOverTime                            0x200005dc   Data           4  stm32l0xx_it.o(.data)
    UpSeqCounter                             0x200005e0   Data           2  user-app.o(.data)
    UserZetaCheck                            0x200005e4   Data          48  user-app.o(.data)
    ZetaRecviceBuf                           0x20000620   Data          72  zeta.o(.data)
    ZetaSendBuf                              0x20000668   Data          72  zeta.o(.data)
    __stdout                                 0x200006b0   Data           4  stdout.o(.data)
    pFlash                                   0x200006b4   Data          24  stm32l0xx_hal_flash.o(.bss)
    huart1                                   0x200006cc   Data         112  usart.o(.bss)
    huart2                                   0x2000073c   Data         112  usart.o(.bss)
    huart5                                   0x200007ac   Data         112  usart.o(.bss)
    hlpuart1                                 0x2000081c   Data         112  usart.o(.bss)
    usart_rs485                              0x2000088c   Data          44  usart.o(.bss)
    UART_RX_DATA2                            0x200008b8   Data         528  usart.o(.bss)
    UART_RX_LPUART1                          0x20000ac8   Data         528  usart.o(.bss)
    rx_rs485_buff                            0x20000cd8   Data         100  usart.o(.bss)
    tx_rs485_buff                            0x20000d3c   Data         100  usart.o(.bss)
    RtcHandle                                0x20000da0   Data          36  rtc-board.o(.bss)
    hadc                                     0x20000dc4   Data          96  adc.o(.bss)
    hwwdg                                    0x20000e24   Data          20  wwdg.o(.bss)
    htim2                                    0x20000e38   Data          56  timer-board.o(.bss)
    hspi1                                    0x20000e70   Data          88  spi.o(.bss)
    hdma_spi1_tx                             0x20000ec8   Data          64  spi.o(.bss)
    hdma_spi1_rx                             0x20000f08   Data          64  spi.o(.bss)
    Rs485s                                   0x20000f48   Data          56  rs485.o(.bss)
    SaveRs485s                               0x20000f80   Data        1593  sensor.o(.bss)
    SendBufs                                 0x200015b9   Data        1010  sensor.o(.bss)
    Sensors                                  0x200019ac   Data          44  sensor.o(.bss)
    gpsx                                     0x200019d8   Data         166  gps.o(.bss)
    User                                     0x20001a80   Data          12  user-app.o(.bss)
    __initial_sp                             0x20001eb0   Data           0  startup_stm32l073xx.o(STACK)



==============================================================================

Memory Map of the image

  Image Entry point : 0x080000c1

  Load Region LR_IROM1 (Base: 0x08000000, Size: 0x0000b614, Max: 0x00020000, ABSOLUTE, COMPRESSED[0x0000b05c])

    Execution Region ER_IROM1 (Base: 0x08000000, Size: 0x0000af60, Max: 0x00020000, ABSOLUTE)

    Base Addr    Size         Type   Attr      Idx    E Section Name        Object

    0x08000000   0x000000c0   Data   RO            3    RESET               startup_stm32l073xx.o
    0x080000c0   0x00000000   Code   RO         5785  * .ARM.Collect$$$$00000000  mc_p.l(entry.o)
    0x080000c0   0x00000004   Code   RO         6091    .ARM.Collect$$$$00000001  mc_p.l(entry2.o)
    0x080000c4   0x00000004   Code   RO         6094    .ARM.Collect$$$$00000004  mc_p.l(entry5.o)
    0x080000c8   0x00000000   Code   RO         6096    .ARM.Collect$$$$00000008  mc_p.l(entry7b.o)
    0x080000c8   0x00000000   Code   RO         6098    .ARM.Collect$$$$0000000A  mc_p.l(entry8b.o)
    0x080000c8   0x00000008   Code   RO         6099    .ARM.Collect$$$$0000000B  mc_p.l(entry9a.o)
    0x080000d0   0x00000000   Code   RO         6101    .ARM.Collect$$$$0000000D  mc_p.l(entry10a.o)
    0x080000d0   0x00000000   Code   RO         6103    .ARM.Collect$$$$0000000F  mc_p.l(entry11a.o)
    0x080000d0   0x00000004   Code   RO         6092    .ARM.Collect$$$$00002712  mc_p.l(entry2.o)
    0x080000d4   0x0000001c   Code   RO            4    .text               startup_stm32l073xx.o
    0x080000f0   0x0000002c   Code   RO         5788    .text               mc_p.l(uidiv.o)
    0x0800011c   0x00000028   Code   RO         5790    .text               mc_p.l(idiv.o)
    0x08000144   0x00000060   Code   RO         5792    .text               mc_p.l(uldiv.o)
    0x080001a4   0x00000024   Code   RO         5794    .text               mc_p.l(memcpya.o)
    0x080001c8   0x00000024   Code   RO         5796    .text               mc_p.l(memseta.o)
    0x080001ec   0x00000028   Code   RO         5798    .text               mc_p.l(strstr.o)
    0x08000214   0x0000000e   Code   RO         5800    .text               mc_p.l(strlen.o)
    0x08000222   0x0000001c   Code   RO         5802    .text               mc_p.l(strcmp.o)
    0x0800023e   0x00000014   Code   RO         6067    .text               mc_p.l(uread4.o)
    0x08000252   0x00000012   Code   RO         6069    .text               mc_p.l(uwrite4.o)
    0x08000264   0x0000003c   Code   RO         6071    .text               mc_p.l(__0sscanf.o)
    0x080002a0   0x0000014a   Code   RO         6073    .text               mc_p.l(_scanf_int.o)
    0x080003ea   0x000000b2   Code   RO         6075    .text               mf_p.l(fadd.o)
    0x0800049c   0x0000007a   Code   RO         6077    .text               mf_p.l(fmul.o)
    0x08000516   0x0000007c   Code   RO         6079    .text               mf_p.l(fdiv.o)
    0x08000592   0x00000002   PAD
    0x08000594   0x000000f0   Code   RO         6081    .text               mf_p.l(ddiv.o)
    0x08000684   0x0000000e   Code   RO         6083    .text               mf_p.l(ffltui.o)
    0x08000692   0x00000002   PAD
    0x08000694   0x0000001c   Code   RO         6085    .text               mf_p.l(dfltui.o)
    0x080006b0   0x00000028   Code   RO         6087    .text               mf_p.l(ffixui.o)
    0x080006d8   0x00000028   Code   RO         6089    .text               mf_p.l(f2d.o)
    0x08000700   0x00000020   Code   RO         6106    .text               mc_p.l(llshl.o)
    0x08000720   0x00000022   Code   RO         6108    .text               mc_p.l(llushr.o)
    0x08000742   0x0000001e   Code   RO         6110    .text               mc_p.l(_chval.o)
    0x08000760   0x0000002c   Code   RO         6112    .text               mc_p.l(scanf_char.o)
    0x0800078c   0x00000044   Code   RO         6114    .text               mc_p.l(_sgetc.o)
    0x080007d0   0x00000000   Code   RO         6116    .text               mc_p.l(iusefp.o)
    0x080007d0   0x00000082   Code   RO         6117    .text               mf_p.l(fepilogue.o)
    0x08000852   0x000000be   Code   RO         6119    .text               mf_p.l(depilogue.o)
    0x08000910   0x00000164   Code   RO         6123    .text               mf_p.l(dadd.o)
    0x08000a74   0x000000d0   Code   RO         6125    .text               mf_p.l(dmul.o)
    0x08000b44   0x00000040   Code   RO         6127    .text               mf_p.l(dfixul.o)
    0x08000b84   0x00000028   Code   RO         6129    .text               mf_p.l(cdrcmple.o)
    0x08000bac   0x00000024   Code   RO         6131    .text               mc_p.l(init.o)
    0x08000bd0   0x00000026   Code   RO         6133    .text               mc_p.l(llsshr.o)
    0x08000bf6   0x0000000e   Code   RO         6135    .text               mc_p.l(isspace_c.o)
    0x08000c04   0x00000338   Code   RO         6137    .text               mc_p.l(_scanf.o)
    0x08000f3c   0x00000024   Code   RO         6139    .text               mc_p.l(ctype_c.o)
    0x08000f60   0x00000056   Code   RO         6150    .text               mc_p.l(__dczerorl2.o)
    0x08000fb6   0x0000006c   Code   RO          395    i.ADC_ConversionStop  stm32l0xx_hal_adc.o
    0x08001022   0x00000002   PAD
    0x08001024   0x0000002c   Code   RO          399    i.ADC_DelayMicroSecond  stm32l0xx_hal_adc.o
    0x08001050   0x0000009c   Code   RO          400    i.ADC_Disable       stm32l0xx_hal_adc.o
    0x080010ec   0x000000a4   Code   RO          401    i.ADC_Enable        stm32l0xx_hal_adc.o
    0x08001190   0x0000008c   Code   RO         4456    i.AdcReadParameter  adc.o
    0x0800121c   0x00000014   Code   RO         4520    i.BatDisableCharge  power.o
    0x08001230   0x00000014   Code   RO         4521    i.BatEnableCharge   power.o
    0x08001244   0x00000184   Code   RO         4888    i.BoardDeInitMcu    board.o
    0x080013c8   0x00000140   Code   RO         4890    i.BoardInitMcu      board.o
    0x08001508   0x0000004c   Code   RO         5025    i.CalcCRC16         rs485.o
    0x08001554   0x0000003e   Code   RO         5694    i.CalcCRC8          zeta.o
    0x08001592   0x00000002   PAD
    0x08001594   0x000000fc   Code   RO         4523    i.CheckBattery      power.o
    0x08001690   0x00000010   Code   RO         4418    i.EXTI0_1_IRQHandler  gpio-board.o
    0x080016a0   0x00000010   Code   RO         4419    i.EXTI2_3_IRQHandler  gpio-board.o
    0x080016b0   0x0000005c   Code   RO         4420    i.EXTI4_15_IRQHandler  gpio-board.o
    0x0800170c   0x00000014   Code   RO         5455    i.Error_Handler     main.o
    0x08001720   0x00000018   Code   RO         5343    i.FIFO_UartEnableRxIT  fifo_uart.o
    0x08001738   0x000000c8   Code   RO         5344    i.FIFO_UartIRQ      fifo_uart.o
    0x08001800   0x00000056   Code   RO         5346    i.FIFO_UartReadByte  fifo_uart.o
    0x08001856   0x00000032   Code   RO         5353    i.FIFO_UartVarInit  fifo_uart.o
    0x08001888   0x00000034   Code   RO         1015    i.FLASH_PageErase   stm32l0xx_hal_flash_ex.o
    0x080018bc   0x000000f0   Code   RO          909    i.FLASH_SetErrorCode  stm32l0xx_hal_flash.o
    0x080019ac   0x000000a8   Code   RO          910    i.FLASH_WaitForLastOperation  stm32l0xx_hal_flash.o
    0x08001a54   0x00000028   Code   RO         4941    i.FlashRead16       stmflash.o
    0x08001a7c   0x0000004c   Code   RO         4942    i.FlashRead16More   stmflash.o
    0x08001ac8   0x00000028   Code   RO         4943    i.FlashRead32       stmflash.o
    0x08001af0   0x00000050   Code   RO         4946    i.FlashReadPage     stmflash.o
    0x08001b40   0x000000b4   Code   RO         4948    i.FlashWrite32      stmflash.o
    0x08001bf4   0x000000f8   Code   RO         4949    i.FlashWritePage    stmflash.o
    0x08001cec   0x0000000c   Code   RO         4564    i.GetLedStates      led.o
    0x08001cf8   0x00000014   Code   RO         5111    i.GetRs485Type      sensor.o
    0x08001d0c   0x00000050   Code   RO         5212    i.GpsDisable        gps.o
    0x08001d5c   0x00000014   Code   RO         5213    i.GpsEnable         gps.o
    0x08001d70   0x00000218   Code   RO         5214    i.GpsGetPosition    gps.o
    0x08001f88   0x00000044   Code   RO         5215    i.GpsGetPositionAgain  gps.o
    0x08001fcc   0x0000004c   Code   RO         5216    i.GpsInit           gps.o
    0x08002018   0x00000138   Code   RO         5217    i.GpsSet            gps.o
    0x08002150   0x000000d8   Code   RO          578    i.HAL_ADCEx_Calibration_Start  stm32l0xx_hal_adc_ex.o
    0x08002228   0x00000148   Code   RO          403    i.HAL_ADC_ConfigChannel  stm32l0xx_hal_adc.o
    0x08002370   0x00000006   Code   RO          409    i.HAL_ADC_GetState  stm32l0xx_hal_adc.o
    0x08002376   0x00000008   Code   RO          410    i.HAL_ADC_GetValue  stm32l0xx_hal_adc.o
    0x0800237e   0x00000002   PAD
    0x08002380   0x00000234   Code   RO          412    i.HAL_ADC_Init      stm32l0xx_hal_adc.o
    0x080025b4   0x0000003c   Code   RO         4458    i.HAL_ADC_MspInit   adc.o
    0x080025f0   0x000000e8   Code   RO          416    i.HAL_ADC_PollForConversion  stm32l0xx_hal_adc.o
    0x080026d8   0x00000078   Code   RO          418    i.HAL_ADC_Start     stm32l0xx_hal_adc.o
    0x08002750   0x00000050   Code   RO          421    i.HAL_ADC_Stop      stm32l0xx_hal_adc.o
    0x080027a0   0x000000b4   Code   RO          832    i.HAL_DMA_Abort_IT  stm32l0xx_hal_dma.o
    0x08002854   0x0000001a   Code   RO          233    i.HAL_Delay         stm32l0xx_hal.o
    0x0800286e   0x00000002   PAD
    0x08002870   0x0000008c   Code   RO         1024    i.HAL_FLASHEx_Erase  stm32l0xx_hal_flash_ex.o
    0x080028fc   0x0000000c   Code   RO          912    i.HAL_FLASH_GetError  stm32l0xx_hal_flash.o
    0x08002908   0x00000014   Code   RO          914    i.HAL_FLASH_Lock    stm32l0xx_hal_flash.o
    0x0800291c   0x00000050   Code   RO          919    i.HAL_FLASH_Program  stm32l0xx_hal_flash.o
    0x0800296c   0x0000004c   Code   RO          921    i.HAL_FLASH_Unlock  stm32l0xx_hal_flash.o
    0x080029b8   0x00000128   Code   RO         1229    i.HAL_GPIO_DeInit   stm32l0xx_hal_gpio.o
    0x08002ae0   0x00000024   Code   RO         4421    i.HAL_GPIO_EXTI_Callback  gpio-board.o
    0x08002b04   0x00000020   Code   RO         1231    i.HAL_GPIO_EXTI_IRQHandler  stm32l0xx_hal_gpio.o
    0x08002b24   0x000001f8   Code   RO         1232    i.HAL_GPIO_Init     stm32l0xx_hal_gpio.o
    0x08002d1c   0x00000012   Code   RO         1234    i.HAL_GPIO_ReadPin  stm32l0xx_hal_gpio.o
    0x08002d2e   0x00000008   Code   RO         1235    i.HAL_GPIO_TogglePin  stm32l0xx_hal_gpio.o
    0x08002d36   0x0000000c   Code   RO         1236    i.HAL_GPIO_WritePin  stm32l0xx_hal_gpio.o
    0x08002d42   0x00000002   PAD
    0x08002d44   0x0000000c   Code   RO          237    i.HAL_GetTick       stm32l0xx_hal.o
    0x08002d50   0x00000010   Code   RO          238    i.HAL_IncTick       stm32l0xx_hal.o
    0x08002d60   0x00000020   Code   RO          239    i.HAL_Init          stm32l0xx_hal.o
    0x08002d80   0x00000028   Code   RO          240    i.HAL_InitTick      stm32l0xx_hal.o
    0x08002da8   0x00000002   Code   RO          242    i.HAL_MspInit       stm32l0xx_hal.o
    0x08002daa   0x00000002   PAD
    0x08002dac   0x00000018   Code   RO          634    i.HAL_NVIC_DisableIRQ  stm32l0xx_hal_cortex.o
    0x08002dc4   0x00000018   Code   RO          635    i.HAL_NVIC_EnableIRQ  stm32l0xx_hal_cortex.o
    0x08002ddc   0x00000012   Code   RO          639    i.HAL_NVIC_SetPriority  stm32l0xx_hal_cortex.o
    0x08002dee   0x00000002   PAD
    0x08002df0   0x00000014   Code   RO         1884    i.HAL_PWREx_EnableFastWakeUp  stm32l0xx_hal_pwr_ex.o
    0x08002e04   0x00000014   Code   RO         1886    i.HAL_PWREx_EnableUltraLowPower  stm32l0xx_hal_pwr_ex.o
    0x08002e18   0x00000014   Code   RO         1768    i.HAL_PWR_DisablePVD  stm32l0xx_hal_pwr.o
    0x08002e2c   0x00000048   Code   RO         1779    i.HAL_PWR_EnterSTOPMode  stm32l0xx_hal_pwr.o
    0x08002e74   0x0000038c   Code   RO         2049    i.HAL_RCCEx_GetPeriphCLKFreq  stm32l0xx_hal_rcc_ex.o
    0x08003200   0x000002ac   Code   RO         2052    i.HAL_RCCEx_PeriphCLKConfig  stm32l0xx_hal_rcc_ex.o
    0x080034ac   0x000001f8   Code   RO         1938    i.HAL_RCC_ClockConfig  stm32l0xx_hal_rcc.o
    0x080036a4   0x0000000c   Code   RO         1942    i.HAL_RCC_GetHCLKFreq  stm32l0xx_hal_rcc.o
    0x080036b0   0x00000024   Code   RO         1944    i.HAL_RCC_GetPCLK1Freq  stm32l0xx_hal_rcc.o
    0x080036d4   0x00000024   Code   RO         1945    i.HAL_RCC_GetPCLK2Freq  stm32l0xx_hal_rcc.o
    0x080036f8   0x000000e4   Code   RO         1946    i.HAL_RCC_GetSysClockFreq  stm32l0xx_hal_rcc.o
    0x080037dc   0x000006d4   Code   RO         1949    i.HAL_RCC_OscConfig  stm32l0xx_hal_rcc.o
    0x08003eb0   0x00000002   Code   RO         2296    i.HAL_RTCEx_AlarmBEventCallback  stm32l0xx_hal_rtc_ex.o
    0x08003eb2   0x00000012   Code   RO         2297    i.HAL_RTCEx_BKUPRead  stm32l0xx_hal_rtc_ex.o
    0x08003ec4   0x00000012   Code   RO         2298    i.HAL_RTCEx_BKUPWrite  stm32l0xx_hal_rtc_ex.o
    0x08003ed6   0x000000ae   Code   RO         2303    i.HAL_RTCEx_DeactivateWakeUpTimer  stm32l0xx_hal_rtc_ex.o
    0x08003f84   0x00000068   Code   RO         5484    i.HAL_RTC_AlarmAEventCallback  stm32l0xx_it.o
    0x08003fec   0x00000088   Code   RO         2163    i.HAL_RTC_AlarmIRQHandler  stm32l0xx_hal_rtc.o
    0x08004074   0x00000112   Code   RO         2165    i.HAL_RTC_DeactivateAlarm  stm32l0xx_hal_rtc.o
    0x08004186   0x00000002   PAD
    0x08004188   0x0000005c   Code   RO         2167    i.HAL_RTC_GetDate   stm32l0xx_hal_rtc.o
    0x080041e4   0x0000006c   Code   RO         2169    i.HAL_RTC_GetTime   stm32l0xx_hal_rtc.o
    0x08004250   0x000000e8   Code   RO         2170    i.HAL_RTC_Init      stm32l0xx_hal_rtc.o
    0x08004338   0x00000020   Code   RO         4310    i.HAL_RTC_MspInit   rtc-board.o
    0x08004358   0x0000025c   Code   RO         2175    i.HAL_RTC_SetAlarm_IT  stm32l0xx_hal_rtc.o
    0x080045b4   0x00000130   Code   RO         2176    i.HAL_RTC_SetDate   stm32l0xx_hal_rtc.o
    0x080046e4   0x00000154   Code   RO         2177    i.HAL_RTC_SetTime   stm32l0xx_hal_rtc.o
    0x08004838   0x0000003c   Code   RO         2178    i.HAL_RTC_WaitForSynchro  stm32l0xx_hal_rtc.o
    0x08004874   0x00000014   Code   RO          243    i.HAL_ResumeTick    stm32l0xx_hal.o
    0x08004888   0x0000008e   Code   RO         2528    i.HAL_SPI_Init      stm32l0xx_hal_spi.o
    0x08004916   0x00000002   PAD
    0x08004918   0x00000060   Code   RO         4729    i.HAL_SPI_MspInit   spi.o
    0x08004978   0x0000037e   Code   RO         2537    i.HAL_SPI_TransmitReceive  stm32l0xx_hal_spi.o
    0x08004cf6   0x00000002   PAD
    0x08004cf8   0x00000024   Code   RO          641    i.HAL_SYSTICK_CLKSourceConfig  stm32l0xx_hal_cortex.o
    0x08004d1c   0x00000002   Code   RO          642    i.HAL_SYSTICK_Callback  stm32l0xx_hal_cortex.o
    0x08004d1e   0x00000002   PAD
    0x08004d20   0x00000038   Code   RO          643    i.HAL_SYSTICK_Config  stm32l0xx_hal_cortex.o
    0x08004d58   0x00000008   Code   RO          644    i.HAL_SYSTICK_IRQHandler  stm32l0xx_hal_cortex.o
    0x08004d60   0x00000014   Code   RO          248    i.HAL_SuspendTick   stm32l0xx_hal.o
    0x08004d74   0x00000062   Code   RO         3390    i.HAL_TIMEx_MasterConfigSynchronization  stm32l0xx_hal_tim_ex.o
    0x08004dd6   0x00000038   Code   RO         2757    i.HAL_TIM_Base_Init  stm32l0xx_hal_tim.o
    0x08004e0e   0x00000002   PAD
    0x08004e10   0x0000001c   Code   RO         4691    i.HAL_TIM_Base_MspInit  timer-board.o
    0x08004e2c   0x0000001e   Code   RO         2762    i.HAL_TIM_Base_Start_IT  stm32l0xx_hal_tim.o
    0x08004e4a   0x00000002   PAD
    0x08004e4c   0x00000034   Code   RO         2765    i.HAL_TIM_Base_Stop_IT  stm32l0xx_hal_tim.o
    0x08004e80   0x0000013e   Code   RO         2766    i.HAL_TIM_ConfigClockSource  stm32l0xx_hal_tim.o
    0x08004fbe   0x00000002   Code   RO         2786    i.HAL_TIM_IC_CaptureCallback  stm32l0xx_hal_tim.o
    0x08004fc0   0x0000017c   Code   RO         2799    i.HAL_TIM_IRQHandler  stm32l0xx_hal_tim.o
    0x0800513c   0x00000002   Code   RO         2802    i.HAL_TIM_OC_DelayElapsedCallback  stm32l0xx_hal_tim.o
    0x0800513e   0x00000002   Code   RO         2829    i.HAL_TIM_PWM_PulseFinishedCallback  stm32l0xx_hal_tim.o
    0x08005140   0x00000040   Code   RO         5485    i.HAL_TIM_PeriodElapsedCallback  stm32l0xx_it.o
    0x08005180   0x00000002   Code   RO         2840    i.HAL_TIM_TriggerCallback  stm32l0xx_hal_tim.o
    0x08005182   0x00000002   Code   RO         3772    i.HAL_UARTEx_WakeupCallback  stm32l0xx_hal_uart_ex.o
    0x08005184   0x0000004c   Code   RO         3437    i.HAL_UART_DeInit   stm32l0xx_hal_uart.o
    0x080051d0   0x00000002   Code   RO         3438    i.HAL_UART_ErrorCallback  stm32l0xx_hal_uart.o
    0x080051d2   0x00000014   Code   RO         3440    i.HAL_UART_GetState  stm32l0xx_hal_uart.o
    0x080051e6   0x00000002   PAD
    0x080051e8   0x000001c0   Code   RO         3441    i.HAL_UART_IRQHandler  stm32l0xx_hal_uart.o
    0x080053a8   0x00000082   Code   RO         3442    i.HAL_UART_Init     stm32l0xx_hal_uart.o
    0x0800542a   0x00000002   PAD
    0x0800542c   0x00000090   Code   RO         4138    i.HAL_UART_MspDeInit  usart.o
    0x080054bc   0x000000f8   Code   RO         4139    i.HAL_UART_MspInit  usart.o
    0x080055b4   0x000000ec   Code   RO         3447    i.HAL_UART_Receive_IT  stm32l0xx_hal_uart.o
    0x080056a0   0x00000214   Code   RO         4140    i.HAL_UART_RxCpltCallback  usart.o
    0x080058b4   0x000000f0   Code   RO         3450    i.HAL_UART_Transmit  stm32l0xx_hal_uart.o
    0x080059a4   0x00000002   Code   RO         3453    i.HAL_UART_TxCpltCallback  stm32l0xx_hal_uart.o
    0x080059a6   0x00000002   Code   RO         4094    i.HAL_WWDG_EarlyWakeupCallback  stm32l0xx_hal_wwdg.o
    0x080059a8   0x00000034   Code   RO         4095    i.HAL_WWDG_IRQHandler  stm32l0xx_hal_wwdg.o
    0x080059dc   0x0000000c   Code   RO         4098    i.HAL_WWDG_Refresh  stm32l0xx_hal_wwdg.o
    0x080059e8   0x00000018   Code   RO         5486    i.HardFault_Handler  stm32l0xx_it.o
    0x08005a00   0x00000038   Code   RO         4141    i.InitUartFifo      usart.o
    0x08005a38   0x0000002a   Code   RO         4565    i.LedDisplay        led.o
    0x08005a62   0x00000002   PAD
    0x08005a64   0x0000004c   Code   RO         4566    i.LedInit           led.o
    0x08005ab0   0x00000014   Code   RO         4567    i.LedOff            led.o
    0x08005ac4   0x00000014   Code   RO         4568    i.LedOn             led.o
    0x08005ad8   0x00000040   Code   RO         4569    i.LedRev            led.o
    0x08005b18   0x00000084   Code   RO         4570    i.LedSendFail       led.o
    0x08005b9c   0x00000044   Code   RO         4571    i.LedSendSucess     led.o
    0x08005be0   0x00000014   Code   RO         4572    i.LedToggle         led.o
    0x08005bf4   0x00000060   Code   RO         4459    i.MX_ADC_Init       adc.o
    0x08005c54   0x00000060   Code   RO         4142    i.MX_LPUART1_UART_Init  usart.o
    0x08005cb4   0x00000044   Code   RO         4143    i.MX_USART1_UART_Init  usart.o
    0x08005cf8   0x00000060   Code   RO         4144    i.MX_USART2_UART_Init  usart.o
    0x08005d58   0x00000054   Code   RO         4145    i.MX_USART5_UART_Init  usart.o
    0x08005dac   0x00000032   Code   RO         5219    i.NMEA_Comma_Pos    gps.o
    0x08005dde   0x00000002   PAD
    0x08005de0   0x00000218   Code   RO         5224    i.NMEA_GPGLL_Analysis  gps.o
    0x08005ff8   0x0000001a   Code   RO         5226    i.NMEA_Pow          gps.o
    0x08006012   0x00000100   Code   RO         5227    i.NMEA_Str2num      gps.o
    0x08006112   0x00000002   Code   RO         5487    i.NMI_Handler       stm32l0xx_it.o
    0x08006114   0x00000078   Code   RO          645    i.NVIC_SetPriority  stm32l0xx_hal_cortex.o
    0x0800618c   0x00000038   Code   RO         5112    i.OpenExpenBox      sensor.o
    0x080061c4   0x00000002   Code   RO         5488    i.PendSV_Handler    stm32l0xx_it.o
    0x080061c6   0x00000002   PAD
    0x080061c8   0x00000098   Code   RO         1950    i.RCC_SetFlashLatencyFromMSIRange  stm32l0xx_hal_rcc.o
    0x08006260   0x00000058   Code   RO         5489    i.RNG_LPUART1_IRQHandler  stm32l0xx_it.o
    0x080062b8   0x00000098   Code   RO         5113    i.RS485CmdPackage   sensor.o
    0x08006350   0x0000001a   Code   RO         2179    i.RTC_Bcd2ToByte    stm32l0xx_hal_rtc.o
    0x0800636a   0x0000001a   Code   RO         2180    i.RTC_ByteToBcd2    stm32l0xx_hal_rtc.o
    0x08006384   0x00000042   Code   RO         2181    i.RTC_EnterInitMode  stm32l0xx_hal_rtc.o
    0x080063c6   0x00000002   PAD
    0x080063c8   0x00000018   Code   RO         5490    i.RTC_IRQHandler    stm32l0xx_it.o
    0x080063e0   0x0000009c   Code   RO         4311    i.RTC_Init          rtc-board.o
    0x0800647c   0x000000b4   Code   RO         4524    i.ReadBattery       power.o
    0x08006530   0x00000024   Code   RO         5026    i.Rs485ClsoePin     rs485.o
    0x08006554   0x000000c4   Code   RO         5027    i.Rs485Cmd          rs485.o
    0x08006618   0x0000006c   Code   RO         5028    i.Rs485GetData      rs485.o
    0x08006684   0x00000060   Code   RO         5029    i.Rs485Init         rs485.o
    0x080066e4   0x00000038   Code   RO         5030    i.Rs485OpenPin      rs485.o
    0x0800671c   0x0000007c   Code   RO         5031    i.Rs485PinInit      rs485.o
    0x08006798   0x00000054   Code   RO         5032    i.Rs485Print        rs485.o
    0x080067ec   0x00000064   Code   RO         4730    i.SPI1_Init         spi.o
    0x08006850   0x00000118   Code   RO         2558    i.SPI_WaitOnFlagUntilTimeout  stm32l0xx_hal_spi.o
    0x08006968   0x00000002   Code   RO         5491    i.SVC_Handler       stm32l0xx_it.o
    0x0800696a   0x00000002   PAD
    0x0800696c   0x000006c8   Code   RO         5114    i.SensorDataProces  sensor.o
    0x08007034   0x0000032c   Code   RO         5115    i.SensorExpBoxAddr  sensor.o
    0x08007360   0x00000348   Code   RO         5116    i.SensorExpenData   sensor.o
    0x080076a8   0x00000058   Code   RO         5117    i.SensorExpendBoxLive  sensor.o
    0x08007700   0x0000003c   Code   RO         5118    i.SensorGetData     sensor.o
    0x0800773c   0x00000080   Code   RO         5119    i.SensorHandle      sensor.o
    0x080077bc   0x000001d4   Code   RO         5120    i.SensorMaBoxData   sensor.o
    0x08007990   0x00000064   Code   RO         5121    i.SensorQueryPinStaus  sensor.o
    0x080079f4   0x00000288   Code   RO         5122    i.SensorQueryType   sensor.o
    0x08007c7c   0x00000068   Code   RO         5123    i.SensorsInit       sensor.o
    0x08007ce4   0x0000000c   Code   RO         4574    i.SetLedStates      led.o
    0x08007cf0   0x00000150   Code   RO         4312    i.SetRtcAlarm       rtc-board.o
    0x08007e40   0x00000024   Code   RO         4789    i.SpiFlashPowerDown  user_spi_flash.o
    0x08007e64   0x0000002c   Code   RO         4793    i.SpiFlashSendByte  user_spi_flash.o
    0x08007e90   0x0000003c   Code   RO         5589    i.String_Conversion  user-app.o
    0x08007ecc   0x0000001c   Code   RO         5492    i.SysTick_Handler   stm32l0xx_it.o
    0x08007ee8   0x000000b0   Code   RO         4891    i.SystemClockConfig  board.o
    0x08007f98   0x00000090   Code   RO         4892    i.SystemClockReConfig  board.o
    0x08008028   0x00000068   Code   RO           13    i.SystemInit        system_stm32l0xx.o
    0x08008090   0x00000010   Code   RO         5493    i.TIM2_IRQHandler   stm32l0xx_it.o
    0x080080a0   0x00000084   Code   RO         2841    i.TIM_Base_SetConfig  stm32l0xx_hal_tim.o
    0x08008124   0x0000001e   Code   RO         2848    i.TIM_ETR_SetConfig  stm32l0xx_hal_tim.o
    0x08008142   0x0000001a   Code   RO         2849    i.TIM_ITRx_SetConfig  stm32l0xx_hal_tim.o
    0x0800815c   0x00000036   Code   RO         2855    i.TIM_TI1_ConfigInputStage  stm32l0xx_hal_tim.o
    0x08008192   0x00000036   Code   RO         2857    i.TIM_TI2_ConfigInputStage  stm32l0xx_hal_tim.o
    0x080081c8   0x00000068   Code   RO         4692    i.TimerHwInit       timer-board.o
    0x08008230   0x000000f0   Code   RO         3455    i.UART_AdvFeatureConfig  stm32l0xx_hal_uart.o
    0x08008320   0x00000074   Code   RO         3456    i.UART_CheckIdleState  stm32l0xx_hal_uart.o
    0x08008394   0x00000018   Code   RO         3457    i.UART_DMAAbortOnError  stm32l0xx_hal_uart.o
    0x080083ac   0x00000022   Code   RO         3467    i.UART_EndRxTransfer  stm32l0xx_hal_uart.o
    0x080083ce   0x00000020   Code   RO         3468    i.UART_EndTransmit_IT  stm32l0xx_hal_uart.o
    0x080083ee   0x00000090   Code   RO         3470    i.UART_Receive_IT   stm32l0xx_hal_uart.o
    0x0800847e   0x00000002   PAD
    0x08008480   0x000003f0   Code   RO         3471    i.UART_SetConfig    stm32l0xx_hal_uart.o
    0x08008870   0x00000072   Code   RO         3472    i.UART_Transmit_IT  stm32l0xx_hal_uart.o
    0x080088e2   0x00000070   Code   RO         3473    i.UART_WaitOnFlagUntilTimeout  stm32l0xx_hal_uart.o
    0x08008952   0x00000002   PAD
    0x08008954   0x00000058   Code   RO         5494    i.USART2_IRQHandler  stm32l0xx_it.o
    0x080089ac   0x00000010   Code   RO         5495    i.USART4_5_IRQHandler  stm32l0xx_it.o
    0x080089bc   0x0000001c   Code   RO         5354    i.UartReadByte      fifo_uart.o
    0x080089d8   0x0000001c   Code   RO         5356    i.UartSendByte      fifo_uart.o
    0x080089f4   0x00000104   Code   RO         5590    i.UserCheckCmd      user-app.o
    0x08008af8   0x0000007c   Code   RO         5591    i.UserCheckSensors  user-app.o
    0x08008b74   0x000001c8   Code   RO         5593    i.UserDownCommand   user-app.o
    0x08008d3c   0x000000a0   Code   RO         5594    i.UserGetAddID      user-app.o
    0x08008ddc   0x00000038   Code   RO         5595    i.UserIntoLowPower  user-app.o
    0x08008e14   0x00000134   Code   RO         5596    i.UserReadFlash     user-app.o
    0x08008f48   0x000000e4   Code   RO         5597    i.UserSend          user-app.o
    0x0800902c   0x00000248   Code   RO         5598    i.UserSendGps       user-app.o
    0x08009274   0x000001fc   Code   RO         5599    i.UserSendSensor    user-app.o
    0x08009470   0x000000bc   Code   RO         5601    i.UserSetHeart      user-app.o
    0x0800952c   0x00000048   Code   RO         5496    i.WWDG_IRQHandler   stm32l0xx_it.o
    0x08009574   0x00000024   Code   RO         5695    i.WakeupZetaDisable  zeta.o
    0x08009598   0x00000024   Code   RO         5696    i.WakeupZetaEnable  zeta.o
    0x080095bc   0x0000008c   Code   RO         5697    i.ZetaDownCommand   zeta.o
    0x08009648   0x000000cc   Code   RO         5698    i.ZetaInit          zeta.o
    0x08009714   0x00000028   Code   RO         5699    i.ZetaInterrupt     zeta.o
    0x0800973c   0x00000012   Code   RO         5700    i.ZetaPowerOff      zeta.o
    0x0800974e   0x00000010   Code   RO         5701    i.ZetaPowerOn       zeta.o
    0x0800975e   0x00000002   PAD
    0x08009760   0x00000234   Code   RO         5702    i.ZetaRecv          zeta.o
    0x08009994   0x00000024   Code   RO         5703    i.ZetaSend          zeta.o
    0x080099b8   0x00000010   Code   RO         5704    i.ZetaStatus        zeta.o
    0x080099c8   0x00000020   Code   RO         5033    i._12VPowerOff      rs485.o
    0x080099e8   0x00000020   Code   RO         5034    i._12VPowerOn       rs485.o
    0x08009a08   0x00000020   Code   RO         6039    i.__0printf         mc_p.l(printfa.o)
    0x08009a28   0x0000002e   Code   RO         6121    i.__ARM_clz         mf_p.l(depilogue.o)
    0x08009a56   0x00000030   Code   RO         3758    i.__ARM_common_ll_muluu  stm32l0xx_hal_uart.o
    0x08009a86   0x0000000e   Code   RO         6144    i.__scatterload_copy  mc_p.l(handlers.o)
    0x08009a94   0x00000002   Code   RO         6145    i.__scatterload_null  mc_p.l(handlers.o)
    0x08009a96   0x0000000e   Code   RO         6146    i.__scatterload_zeroinit  mc_p.l(handlers.o)
    0x08009aa4   0x00000006   Code   RO         5358    i.__set_PRIMASK     fifo_uart.o
    0x08009aaa   0x00000002   PAD
    0x08009aac   0x00000158   Code   RO         6046    i._fp_digits        mc_p.l(printfa.o)
    0x08009c04   0x000006ec   Code   RO         6047    i._printf_core      mc_p.l(printfa.o)
    0x0800a2f0   0x00000020   Code   RO         6048    i._printf_post_padding  mc_p.l(printfa.o)
    0x0800a310   0x0000002c   Code   RO         6049    i._printf_pre_padding  mc_p.l(printfa.o)
    0x0800a33c   0x0000001c   Code   RO         4146    i.fputc             usart.o
    0x0800a358   0x00000120   Code   RO         5456    i.main              main.o
    0x0800a478   0x00000018   Code   RO         5035    i.memcpy1           rs485.o
    0x0800a490   0x00000021   Data   RO           14    .constdata          system_stm32l0xx.o
    0x0800a4b1   0x00000003   PAD
    0x0800a4b4   0x00000038   Data   RO         5229    .constdata          gps.o
    0x0800a4ec   0x00000073   Data   RO         5497    .constdata          stm32l0xx_it.o
    0x0800a55f   0x00000001   PAD
    0x0800a560   0x0000003a   Data   RO         5706    .constdata          zeta.o
    0x0800a59a   0x00000040   Data   RO         6140    .constdata          mc_p.l(ctype_c.o)
    0x0800a5da   0x00000002   PAD
    0x0800a5dc   0x00000893   Data   RO         5125    .conststring        sensor.o
    0x0800ae6f   0x00000001   PAD
    0x0800ae70   0x00000045   Data   RO         5230    .conststring        gps.o
    0x0800aeb5   0x00000003   PAD
    0x0800aeb8   0x00000043   Data   RO         5457    .conststring        main.o
    0x0800aefb   0x00000001   PAD
    0x0800aefc   0x00000042   Data   RO         5707    .conststring        zeta.o
    0x0800af3e   0x00000002   PAD
    0x0800af40   0x00000020   Data   RO         6142    Region$$Table       anon$$obj.o


    Execution Region RW_IRAM1 (Base: 0x20000000, Size: 0x00001eb0, Max: 0x00005000, ABSOLUTE, COMPRESSED[0x000000fc])

    Base Addr    Size         Type   Attr      Idx    E Section Name        Object

    0x20000000   0x00000004   Data   RW           15    .data               system_stm32l0xx.o
    0x20000004   0x00000004   Data   RW          249    .data               stm32l0xx_hal.o
    0x20000008   0x00000001   Data   RW         4575    .data               led.o
    0x20000009   0x00000001   PAD
    0x2000000a   0x00000002   Data   RW         4655    .data               wwdg.o
    0x2000000c   0x00000001   Data   RW         4893    .data               board.o
    0x2000000d   0x00000003   PAD
    0x20000010   0x00000578   Data   RW         5126    .data               sensor.o
    0x20000588   0x00000050   Data   RW         5231    .data               gps.o
    0x200005d8   0x00000008   Data   RW         5498    .data               stm32l0xx_it.o
    0x200005e0   0x00000040   Data   RW         5604    .data               user-app.o
    0x20000620   0x00000090   Data   RW         5708    .data               zeta.o
    0x200006b0   0x00000004   Data   RW         6105    .data               mc_p.l(stdout.o)
    0x200006b4   0x00000018   Zero   RW          922    .bss                stm32l0xx_hal_flash.o
    0x200006cc   0x000006d4   Zero   RW         4147    .bss                usart.o
    0x20000da0   0x00000024   Zero   RW         4313    .bss                rtc-board.o
    0x20000dc4   0x00000060   Zero   RW         4460    .bss                adc.o
    0x20000e24   0x00000014   Zero   RW         4654    .bss                wwdg.o
    0x20000e38   0x00000038   Zero   RW         4693    .bss                timer-board.o
    0x20000e70   0x000000d8   Zero   RW         4734    .bss                spi.o
    0x20000f48   0x00000038   Zero   RW         5036    .bss                rs485.o
    0x20000f80   0x00000a58   Zero   RW         5124    .bss                sensor.o
    0x200019d8   0x000000a6   Zero   RW         5228    .bss                gps.o
    0x20001a7e   0x00000002   PAD
    0x20001a80   0x0000002d   Zero   RW         5603    .bss                user-app.o
    0x20001aad   0x00000003   PAD
    0x20001ab0   0x00000400   Zero   RW            1    STACK               startup_stm32l073xx.o


==============================================================================

Image component sizes


      Code (inc. data)   RO Data    RW Data    ZI Data      Debug   Object Name

       296         26          0          0         96       2338   adc.o
      1028         72          0          1          0       3327   board.o
       422          0          0          0          0       6086   fifo_uart.o
       160          4          0          0          0       1957   gpio-board.o
      1960        254        125         80        166       9777   gps.o
       466        102          0          1          0       5852   led.o
       308        126         67          0          0       1051   main.o
       472        142          0          0          0       2106   power.o
       864        162          0          0         56       8457   rs485.o
       524        124          0          0         36       2359   rtc-board.o
      5212        518       2195       1400       2648      13739   sensor.o
       196         40          0          0        216       1676   spi.o
        28          8        192          0       1024        728   startup_stm32l073xx.o
       168         30          0          4          0       4772   stm32l0xx_hal.o
      1810         52          0          0          0       7940   stm32l0xx_hal_adc.o
       216          0          0          0          0       1414   stm32l0xx_hal_adc_ex.o
       288         36          0          0          0      12697   stm32l0xx_hal_cortex.o
       180          6          0          0          0       1055   stm32l0xx_hal_dma.o
       596         56          0          0         24       3855   stm32l0xx_hal_flash.o
       192         22          0          0          0       1751   stm32l0xx_hal_flash_ex.o
       870         68          0          0          0       4657   stm32l0xx_hal_gpio.o
        92         14          0          0          0       1109   stm32l0xx_hal_pwr.o
        40          8          0          0          0        985   stm32l0xx_hal_pwr_ex.o
      2716        116          0          0          0       6636   stm32l0xx_hal_rcc.o
      1592         54          0          0          0       2897   stm32l0xx_hal_rcc_ex.o
      2268         74          0          0          0       9236   stm32l0xx_hal_rtc.o
       212          0          0          0          0       2873   stm32l0xx_hal_rtc_ex.o
      1316          0          0          0          0       3321   stm32l0xx_hal_spi.o
      1140         18          0          0          0       9029   stm32l0xx_hal_tim.o
        98          0          0          0          0       1040   stm32l0xx_hal_tim_ex.o
      3026         68          0          0          0      12546   stm32l0xx_hal_uart.o
         2          0          0          0          0        864   stm32l0xx_hal_uart_ex.o
        66          0          0          0          0       1960   stm32l0xx_hal_wwdg.o
       530        118        115          8          0       7189   stm32l0xx_it.o
       664         78          0          0          0       4714   stmflash.o
       104         16         33          4          0     450671   system_stm32l0xx.o
       132         12          0          0         56       1649   timer-board.o
      1352        232          0          0       1748       8830   usart.o
      2932        776          0         64         45       8837   user-app.o
        80          8          0          0          0       1051   user_spi_flash.o
         0          0          0          2         20        252   wwdg.o
      1168        120        124        144          0       7909   zeta.o

    ----------------------------------------------------------------------
     35834       3560       2894       1712       6140     641192   Object Totals
         0          0         32          0          0          0   (incl. Generated)
        48          0         11          4          5          0   (incl. Padding)

    ----------------------------------------------------------------------

      Code (inc. data)   RO Data    RW Data    ZI Data      Debug   Library Member Name

        60         10          0          0          0         84   __0sscanf.o
        86          0          0          0          0          0   __dczerorl2.o
        30          0          0          0          0         60   _chval.o
       824         12          0          0          0         84   _scanf.o
       330          0          0          0          0         84   _scanf_int.o
        68          0          0          0          0         76   _sgetc.o
        36          4         64          0          0         60   ctype_c.o
         0          0          0          0          0          0   entry.o
         0          0          0          0          0          0   entry10a.o
         0          0          0          0          0          0   entry11a.o
         8          4          0          0          0          0   entry2.o
         4          0          0          0          0          0   entry5.o
         0          0          0          0          0          0   entry7b.o
         0          0          0          0          0          0   entry8b.o
         8          4          0          0          0          0   entry9a.o
        30          0          0          0          0          0   handlers.o
        40          0          0          0          0         72   idiv.o
        36          8          0          0          0         68   init.o
        14          0          0          0          0         68   isspace_c.o
         0          0          0          0          0          0   iusefp.o
        32          0          0          0          0         68   llshl.o
        38          0          0          0          0         68   llsshr.o
        34          0          0          0          0         68   llushr.o
        36          0          0          0          0         60   memcpya.o
        36          0          0          0          0        100   memseta.o
      2224         98          0          0          0        412   printfa.o
        44          8          0          0          0         84   scanf_char.o
         0          0          0          4          0          0   stdout.o
        28          0          0          0          0         68   strcmp.o
        14          0          0          0          0         60   strlen.o
        40          0          0          0          0         72   strstr.o
        44          0          0          0          0         72   uidiv.o
        96          0          0          0          0         84   uldiv.o
        20          0          0          0          0         60   uread4.o
        18          0          0          0          0         60   uwrite4.o
        40          2          0          0          0         68   cdrcmple.o
       356          4          0          0          0        140   dadd.o
       240          6          0          0          0         84   ddiv.o
       236          0          0          0          0        216   depilogue.o
        64         10          0          0          0         68   dfixul.o
        28          4          0          0          0         68   dfltui.o
       208          6          0          0          0         88   dmul.o
        40          0          0          0          0         60   f2d.o
       178          0          0          0          0        108   fadd.o
       124          0          0          0          0         72   fdiv.o
       130          0          0          0          0        144   fepilogue.o
        40          0          0          0          0         60   ffixui.o
        14          0          0          0          0         68   ffltui.o
       122          0          0          0          0         72   fmul.o

    ----------------------------------------------------------------------
      6102        180         66          4          0       3308   Library Totals
         4          0          2          0          0          0   (incl. Padding)

    ----------------------------------------------------------------------

      Code (inc. data)   RO Data    RW Data    ZI Data      Debug   Library Name

      4278        148         64          4          0       1992   mc_p.l
      1820         32          0          0          0       1316   mf_p.l

    ----------------------------------------------------------------------
      6102        180         66          4          0       3308   Library Totals

    ----------------------------------------------------------------------

==============================================================================


      Code (inc. data)   RO Data    RW Data    ZI Data      Debug   

     41936       3740       2960       1716       6140     632616   Grand Totals
     41936       3740       2960        252       6140     632616   ELF Image Totals (compressed)
     41936       3740       2960        252          0          0   ROM Totals

==============================================================================

    Total RO  Size (Code + RO Data)                44896 (  43.84kB)
    Total RW  Size (RW Data + ZI Data)              7856 (   7.67kB)
    Total ROM Size (Code + RO Data + RW Data)      45148 (  44.09kB)

==============================================================================

